Running code to generate profile data (this can take a while):
# First, we need to create a clean build with profile generation
# enabled.
make profile-gen-stamp
make[1]: Entering directory `/home/shenjj3/Python-3.10.15'
make clean
make[2]: Entering directory `/home/shenjj3/Python-3.10.15'
find . -depth -name '__pycache__' -exec rm -rf {} ';'
find . -name '*.py[co]' -exec rm -f {} ';'
find . -name '*.[oa]' -exec rm -f {} ';'
find . -name '*.s[ol]' -exec rm -f {} ';'
find . -name '*.so.[0-9]*.[0-9]*' -exec rm -f {} ';'
find . -name '*.lst' -exec rm -f {} ';'
find build -name 'fficonfig.h' -exec rm -f {} ';' || true
find build -name '*.py' -exec rm -f {} ';' || true
find build -name '*.py[co]' -exec rm -f {} ';' || true
rm -f pybuilddir.txt
rm -f Lib/lib2to3/*Grammar*.pickle
rm -f Programs/_testembed Programs/_freeze_importlib
find build -type f -a ! -name '*.gc??' -exec rm -f {} ';'
rm -f Include/pydtrace_probes.h
rm -f profile-gen-stamp
make[3]: Entering directory `/home/shenjj3/Python-3.10.15'
find . -name '*.gc??' -exec rm -f {} ';'
find . -name '*.profclang?' -exec rm -f {} ';'
find . -name '*.dyn' -exec rm -f {} ';'
rm -f /home/shenjj3/Python-3.10.15/coverage.info
rm -rf /home/shenjj3/Python-3.10.15/lcov-report
rm -f profile-run-stamp
make[3]: Leaving directory `/home/shenjj3/Python-3.10.15'
make[2]: Leaving directory `/home/shenjj3/Python-3.10.15'
touch profile-clean-stamp
Building with support for profile generation:
make build_all_generate_profile
make[2]: Entering directory `/home/shenjj3/Python-3.10.15'
make build_all CFLAGS_NODIST=" -fprofile-generate" LDFLAGS_NODIST=" -fprofile-generate" LIBS="-lcrypt -lpthread -ldl  -lutil -lm"
make[3]: Entering directory `/home/shenjj3/Python-3.10.15'
gcc -pthread -c -Wno-unused-result -Wsign-compare -DNDEBUG -g -fwrapv -O3 -Wall    -std=c99 -Wextra -Wno-unused-result -Wno-unused-parameter -Wno-missing-field-initializers -Werror=implicit-function-declaration -fvisibility=hidden -fprofile-generate -I./Include/internal  -I. -I./Include    -DPy_BUILD_CORE -o Programs/python.o ./Programs/python.c
gcc -pthread -c -Wno-unused-result -Wsign-compare -DNDEBUG -g -fwrapv -O3 -Wall    -std=c99 -Wextra -Wno-unused-result -Wno-unused-parameter -Wno-missing-field-initializers -Werror=implicit-function-declaration -fvisibility=hidden -fprofile-generate -I./Include/internal  -I. -I./Include    -DPy_BUILD_CORE -o Parser/token.o Parser/token.c
gcc -pthread -c -Wno-unused-result -Wsign-compare -DNDEBUG -g -fwrapv -O3 -Wall    -std=c99 -Wextra -Wno-unused-result -Wno-unused-parameter -Wno-missing-field-initializers -Werror=implicit-function-declaration -fvisibility=hidden -fprofile-generate -I./Include/internal  -I. -I./Include    -DPy_BUILD_CORE -o Parser/pegen.o Parser/pegen.c
gcc -pthread -c -Wno-unused-result -Wsign-compare -DNDEBUG -g -fwrapv -O3 -Wall    -std=c99 -Wextra -Wno-unused-result -Wno-unused-parameter -Wno-missing-field-initializers -Werror=implicit-function-declaration -fvisibility=hidden -fprofile-generate -I./Include/internal  -I. -I./Include    -DPy_BUILD_CORE -o Parser/parser.o Parser/parser.c
gcc -pthread -c -Wno-unused-result -Wsign-compare -DNDEBUG -g -fwrapv -O3 -Wall    -std=c99 -Wextra -Wno-unused-result -Wno-unused-parameter -Wno-missing-field-initializers -Werror=implicit-function-declaration -fvisibility=hidden -fprofile-generate -I./Include/internal  -I. -I./Include    -DPy_BUILD_CORE -o Parser/string_parser.o Parser/string_parser.c
gcc -pthread -c -Wno-unused-result -Wsign-compare -DNDEBUG -g -fwrapv -O3 -Wall    -std=c99 -Wextra -Wno-unused-result -Wno-unused-parameter -Wno-missing-field-initializers -Werror=implicit-function-declaration -fvisibility=hidden -fprofile-generate -I./Include/internal  -I. -I./Include    -DPy_BUILD_CORE -o Parser/peg_api.o Parser/peg_api.c
gcc -pthread -c -Wno-unused-result -Wsign-compare -DNDEBUG -g -fwrapv -O3 -Wall    -std=c99 -Wextra -Wno-unused-result -Wno-unused-parameter -Wno-missing-field-initializers -Werror=implicit-function-declaration -fvisibility=hidden -fprofile-generate -I./Include/internal  -I. -I./Include    -DPy_BUILD_CORE -o Parser/myreadline.o Parser/myreadline.c
gcc -pthread -c -Wno-unused-result -Wsign-compare -DNDEBUG -g -fwrapv -O3 -Wall    -std=c99 -Wextra -Wno-unused-result -Wno-unused-parameter -Wno-missing-field-initializers -Werror=implicit-function-declaration -fvisibility=hidden -fprofile-generate -I./Include/internal  -I. -I./Include    -DPy_BUILD_CORE -o Parser/tokenizer.o Parser/tokenizer.c
gcc -pthread -c -Wno-unused-result -Wsign-compare -DNDEBUG -g -fwrapv -O3 -Wall    -std=c99 -Wextra -Wno-unused-result -Wno-unused-parameter -Wno-missing-field-initializers -Werror=implicit-function-declaration -fvisibility=hidden -fprofile-generate -I./Include/internal  -I. -I./Include    -DPy_BUILD_CORE -o Objects/abstract.o Objects/abstract.c
gcc -pthread -c -Wno-unused-result -Wsign-compare -DNDEBUG -g -fwrapv -O3 -Wall    -std=c99 -Wextra -Wno-unused-result -Wno-unused-parameter -Wno-missing-field-initializers -Werror=implicit-function-declaration -fvisibility=hidden -fprofile-generate -I./Include/internal  -I. -I./Include    -DPy_BUILD_CORE -o Objects/accu.o Objects/accu.c
gcc -pthread -c -Wno-unused-result -Wsign-compare -DNDEBUG -g -fwrapv -O3 -Wall    -std=c99 -Wextra -Wno-unused-result -Wno-unused-parameter -Wno-missing-field-initializers -Werror=implicit-function-declaration -fvisibility=hidden -fprofile-generate -I./Include/internal  -I. -I./Include    -DPy_BUILD_CORE -o Objects/boolobject.o Objects/boolobject.c
gcc -pthread -c -Wno-unused-result -Wsign-compare -DNDEBUG -g -fwrapv -O3 -Wall    -std=c99 -Wextra -Wno-unused-result -Wno-unused-parameter -Wno-missing-field-initializers -Werror=implicit-function-declaration -fvisibility=hidden -fprofile-generate -I./Include/internal  -I. -I./Include    -DPy_BUILD_CORE -o Objects/bytes_methods.o Objects/bytes_methods.c
gcc -pthread -c -Wno-unused-result -Wsign-compare -DNDEBUG -g -fwrapv -O3 -Wall    -std=c99 -Wextra -Wno-unused-result -Wno-unused-parameter -Wno-missing-field-initializers -Werror=implicit-function-declaration -fvisibility=hidden -fprofile-generate -I./Include/internal  -I. -I./Include    -DPy_BUILD_CORE -o Objects/bytearrayobject.o Objects/bytearrayobject.c
gcc -pthread -c -Wno-unused-result -Wsign-compare -DNDEBUG -g -fwrapv -O3 -Wall    -std=c99 -Wextra -Wno-unused-result -Wno-unused-parameter -Wno-missing-field-initializers -Werror=implicit-function-declaration -fvisibility=hidden -fprofile-generate -I./Include/internal  -I. -I./Include    -DPy_BUILD_CORE -o Objects/bytesobject.o Objects/bytesobject.c
gcc -pthread -c -Wno-unused-result -Wsign-compare -DNDEBUG -g -fwrapv -O3 -Wall    -std=c99 -Wextra -Wno-unused-result -Wno-unused-parameter -Wno-missing-field-initializers -Werror=implicit-function-declaration -fvisibility=hidden -fprofile-generate -I./Include/internal  -I. -I./Include    -DPy_BUILD_CORE -o Objects/call.o Objects/call.c
gcc -pthread -c -Wno-unused-result -Wsign-compare -DNDEBUG -g -fwrapv -O3 -Wall    -std=c99 -Wextra -Wno-unused-result -Wno-unused-parameter -Wno-missing-field-initializers -Werror=implicit-function-declaration -fvisibility=hidden -fprofile-generate -I./Include/internal  -I. -I./Include    -DPy_BUILD_CORE -o Objects/capsule.o Objects/capsule.c
gcc -pthread -c -Wno-unused-result -Wsign-compare -DNDEBUG -g -fwrapv -O3 -Wall    -std=c99 -Wextra -Wno-unused-result -Wno-unused-parameter -Wno-missing-field-initializers -Werror=implicit-function-declaration -fvisibility=hidden -fprofile-generate -I./Include/internal  -I. -I./Include    -DPy_BUILD_CORE -o Objects/cellobject.o Objects/cellobject.c
gcc -pthread -c -Wno-unused-result -Wsign-compare -DNDEBUG -g -fwrapv -O3 -Wall    -std=c99 -Wextra -Wno-unused-result -Wno-unused-parameter -Wno-missing-field-initializers -Werror=implicit-function-declaration -fvisibility=hidden -fprofile-generate -I./Include/internal  -I. -I./Include    -DPy_BUILD_CORE -o Objects/classobject.o Objects/classobject.c
gcc -pthread -c -Wno-unused-result -Wsign-compare -DNDEBUG -g -fwrapv -O3 -Wall    -std=c99 -Wextra -Wno-unused-result -Wno-unused-parameter -Wno-missing-field-initializers -Werror=implicit-function-declaration -fvisibility=hidden -fprofile-generate -I./Include/internal  -I. -I./Include    -DPy_BUILD_CORE -o Objects/codeobject.o Objects/codeobject.c
gcc -pthread -c -Wno-unused-result -Wsign-compare -DNDEBUG -g -fwrapv -O3 -Wall    -std=c99 -Wextra -Wno-unused-result -Wno-unused-parameter -Wno-missing-field-initializers -Werror=implicit-function-declaration -fvisibility=hidden -fprofile-generate -I./Include/internal  -I. -I./Include    -DPy_BUILD_CORE -o Objects/complexobject.o Objects/complexobject.c
gcc -pthread -c -Wno-unused-result -Wsign-compare -DNDEBUG -g -fwrapv -O3 -Wall    -std=c99 -Wextra -Wno-unused-result -Wno-unused-parameter -Wno-missing-field-initializers -Werror=implicit-function-declaration -fvisibility=hidden -fprofile-generate -I./Include/internal  -I. -I./Include    -DPy_BUILD_CORE -o Objects/descrobject.o Objects/descrobject.c
gcc -pthread -c -Wno-unused-result -Wsign-compare -DNDEBUG -g -fwrapv -O3 -Wall    -std=c99 -Wextra -Wno-unused-result -Wno-unused-parameter -Wno-missing-field-initializers -Werror=implicit-function-declaration -fvisibility=hidden -fprofile-generate -I./Include/internal  -I. -I./Include    -DPy_BUILD_CORE -o Objects/enumobject.o Objects/enumobject.c
gcc -pthread -c -Wno-unused-result -Wsign-compare -DNDEBUG -g -fwrapv -O3 -Wall    -std=c99 -Wextra -Wno-unused-result -Wno-unused-parameter -Wno-missing-field-initializers -Werror=implicit-function-declaration -fvisibility=hidden -fprofile-generate -I./Include/internal  -I. -I./Include    -DPy_BUILD_CORE -o Objects/exceptions.o Objects/exceptions.c
gcc -pthread -c -Wno-unused-result -Wsign-compare -DNDEBUG -g -fwrapv -O3 -Wall    -std=c99 -Wextra -Wno-unused-result -Wno-unused-parameter -Wno-missing-field-initializers -Werror=implicit-function-declaration -fvisibility=hidden -fprofile-generate -I./Include/internal  -I. -I./Include    -DPy_BUILD_CORE -o Objects/genericaliasobject.o Objects/genericaliasobject.c
gcc -pthread -c -Wno-unused-result -Wsign-compare -DNDEBUG -g -fwrapv -O3 -Wall    -std=c99 -Wextra -Wno-unused-result -Wno-unused-parameter -Wno-missing-field-initializers -Werror=implicit-function-declaration -fvisibility=hidden -fprofile-generate -I./Include/internal  -I. -I./Include    -DPy_BUILD_CORE -o Objects/genobject.o Objects/genobject.c
gcc -pthread -c -Wno-unused-result -Wsign-compare -DNDEBUG -g -fwrapv -O3 -Wall    -std=c99 -Wextra -Wno-unused-result -Wno-unused-parameter -Wno-missing-field-initializers -Werror=implicit-function-declaration -fvisibility=hidden -fprofile-generate -I./Include/internal  -I. -I./Include    -DPy_BUILD_CORE -o Objects/fileobject.o Objects/fileobject.c
gcc -pthread -c -Wno-unused-result -Wsign-compare -DNDEBUG -g -fwrapv -O3 -Wall    -std=c99 -Wextra -Wno-unused-result -Wno-unused-parameter -Wno-missing-field-initializers -Werror=implicit-function-declaration -fvisibility=hidden -fprofile-generate -I./Include/internal  -I. -I./Include    -DPy_BUILD_CORE -o Objects/floatobject.o Objects/floatobject.c
gcc -pthread -c -Wno-unused-result -Wsign-compare -DNDEBUG -g -fwrapv -O3 -Wall    -std=c99 -Wextra -Wno-unused-result -Wno-unused-parameter -Wno-missing-field-initializers -Werror=implicit-function-declaration -fvisibility=hidden -fprofile-generate -I./Include/internal  -I. -I./Include    -DPy_BUILD_CORE -o Objects/frameobject.o Objects/frameobject.c
gcc -pthread -c -Wno-unused-result -Wsign-compare -DNDEBUG -g -fwrapv -O3 -Wall    -std=c99 -Wextra -Wno-unused-result -Wno-unused-parameter -Wno-missing-field-initializers -Werror=implicit-function-declaration -fvisibility=hidden -fprofile-generate -I./Include/internal  -I. -I./Include    -DPy_BUILD_CORE -o Objects/funcobject.o Objects/funcobject.c
gcc -pthread -c -Wno-unused-result -Wsign-compare -DNDEBUG -g -fwrapv -O3 -Wall    -std=c99 -Wextra -Wno-unused-result -Wno-unused-parameter -Wno-missing-field-initializers -Werror=implicit-function-declaration -fvisibility=hidden -fprofile-generate -I./Include/internal  -I. -I./Include    -DPy_BUILD_CORE -o Objects/interpreteridobject.o Objects/interpreteridobject.c
gcc -pthread -c -Wno-unused-result -Wsign-compare -DNDEBUG -g -fwrapv -O3 -Wall    -std=c99 -Wextra -Wno-unused-result -Wno-unused-parameter -Wno-missing-field-initializers -Werror=implicit-function-declaration -fvisibility=hidden -fprofile-generate -I./Include/internal  -I. -I./Include    -DPy_BUILD_CORE -o Objects/iterobject.o Objects/iterobject.c
gcc -pthread -c -Wno-unused-result -Wsign-compare -DNDEBUG -g -fwrapv -O3 -Wall    -std=c99 -Wextra -Wno-unused-result -Wno-unused-parameter -Wno-missing-field-initializers -Werror=implicit-function-declaration -fvisibility=hidden -fprofile-generate -I./Include/internal  -I. -I./Include    -DPy_BUILD_CORE -o Objects/listobject.o Objects/listobject.c
gcc -pthread -c -Wno-unused-result -Wsign-compare -DNDEBUG -g -fwrapv -O3 -Wall    -std=c99 -Wextra -Wno-unused-result -Wno-unused-parameter -Wno-missing-field-initializers -Werror=implicit-function-declaration -fvisibility=hidden -fprofile-generate -I./Include/internal  -I. -I./Include    -DPy_BUILD_CORE -o Objects/longobject.o Objects/longobject.c
gcc -pthread -c -Wno-unused-result -Wsign-compare -DNDEBUG -g -fwrapv -O3 -Wall    -std=c99 -Wextra -Wno-unused-result -Wno-unused-parameter -Wno-missing-field-initializers -Werror=implicit-function-declaration -fvisibility=hidden -fprofile-generate -I./Include/internal  -I. -I./Include    -DPy_BUILD_CORE -o Objects/dictobject.o Objects/dictobject.c
gcc -pthread -c -Wno-unused-result -Wsign-compare -DNDEBUG -g -fwrapv -O3 -Wall    -std=c99 -Wextra -Wno-unused-result -Wno-unused-parameter -Wno-missing-field-initializers -Werror=implicit-function-declaration -fvisibility=hidden -fprofile-generate -I./Include/internal  -I. -I./Include    -DPy_BUILD_CORE -o Objects/odictobject.o Objects/odictobject.c
gcc -pthread -c -Wno-unused-result -Wsign-compare -DNDEBUG -g -fwrapv -O3 -Wall    -std=c99 -Wextra -Wno-unused-result -Wno-unused-parameter -Wno-missing-field-initializers -Werror=implicit-function-declaration -fvisibility=hidden -fprofile-generate -I./Include/internal  -I. -I./Include    -DPy_BUILD_CORE -o Objects/memoryobject.o Objects/memoryobject.c
gcc -pthread -c -Wno-unused-result -Wsign-compare -DNDEBUG -g -fwrapv -O3 -Wall    -std=c99 -Wextra -Wno-unused-result -Wno-unused-parameter -Wno-missing-field-initializers -Werror=implicit-function-declaration -fvisibility=hidden -fprofile-generate -I./Include/internal  -I. -I./Include    -DPy_BUILD_CORE -o Objects/methodobject.o Objects/methodobject.c
gcc -pthread -c -Wno-unused-result -Wsign-compare -DNDEBUG -g -fwrapv -O3 -Wall    -std=c99 -Wextra -Wno-unused-result -Wno-unused-parameter -Wno-missing-field-initializers -Werror=implicit-function-declaration -fvisibility=hidden -fprofile-generate -I./Include/internal  -I. -I./Include    -DPy_BUILD_CORE -o Objects/moduleobject.o Objects/moduleobject.c
gcc -pthread -c -Wno-unused-result -Wsign-compare -DNDEBUG -g -fwrapv -O3 -Wall    -std=c99 -Wextra -Wno-unused-result -Wno-unused-parameter -Wno-missing-field-initializers -Werror=implicit-function-declaration -fvisibility=hidden -fprofile-generate -I./Include/internal  -I. -I./Include    -DPy_BUILD_CORE -o Objects/namespaceobject.o Objects/namespaceobject.c
gcc -pthread -c -Wno-unused-result -Wsign-compare -DNDEBUG -g -fwrapv -O3 -Wall    -std=c99 -Wextra -Wno-unused-result -Wno-unused-parameter -Wno-missing-field-initializers -Werror=implicit-function-declaration -fvisibility=hidden -fprofile-generate -I./Include/internal  -I. -I./Include    -DPy_BUILD_CORE -o Objects/object.o Objects/object.c
gcc -pthread -c -Wno-unused-result -Wsign-compare -DNDEBUG -g -fwrapv -O3 -Wall    -std=c99 -Wextra -Wno-unused-result -Wno-unused-parameter -Wno-missing-field-initializers -Werror=implicit-function-declaration -fvisibility=hidden -fprofile-generate -I./Include/internal  -I. -I./Include    -DPy_BUILD_CORE -o Objects/obmalloc.o Objects/obmalloc.c
Objects/obmalloc.c:1413:1: warning: always_inline function might not be inlinable [-Wattributes]
 arena_map_get(block *p, int create)
 ^
gcc -pthread -c -Wno-unused-result -Wsign-compare -DNDEBUG -g -fwrapv -O3 -Wall    -std=c99 -Wextra -Wno-unused-result -Wno-unused-parameter -Wno-missing-field-initializers -Werror=implicit-function-declaration -fvisibility=hidden -fprofile-generate -I./Include/internal  -I. -I./Include    -DPy_BUILD_CORE -o Objects/picklebufobject.o Objects/picklebufobject.c
gcc -pthread -c -Wno-unused-result -Wsign-compare -DNDEBUG -g -fwrapv -O3 -Wall    -std=c99 -Wextra -Wno-unused-result -Wno-unused-parameter -Wno-missing-field-initializers -Werror=implicit-function-declaration -fvisibility=hidden -fprofile-generate -I./Include/internal  -I. -I./Include    -DPy_BUILD_CORE -o Objects/rangeobject.o Objects/rangeobject.c
gcc -pthread -c -Wno-unused-result -Wsign-compare -DNDEBUG -g -fwrapv -O3 -Wall    -std=c99 -Wextra -Wno-unused-result -Wno-unused-parameter -Wno-missing-field-initializers -Werror=implicit-function-declaration -fvisibility=hidden -fprofile-generate -I./Include/internal  -I. -I./Include    -DPy_BUILD_CORE -o Objects/setobject.o Objects/setobject.c
gcc -pthread -c -Wno-unused-result -Wsign-compare -DNDEBUG -g -fwrapv -O3 -Wall    -std=c99 -Wextra -Wno-unused-result -Wno-unused-parameter -Wno-missing-field-initializers -Werror=implicit-function-declaration -fvisibility=hidden -fprofile-generate -I./Include/internal  -I. -I./Include    -DPy_BUILD_CORE -o Objects/sliceobject.o Objects/sliceobject.c
gcc -pthread -c -Wno-unused-result -Wsign-compare -DNDEBUG -g -fwrapv -O3 -Wall    -std=c99 -Wextra -Wno-unused-result -Wno-unused-parameter -Wno-missing-field-initializers -Werror=implicit-function-declaration -fvisibility=hidden -fprofile-generate -I./Include/internal  -I. -I./Include    -DPy_BUILD_CORE -o Objects/structseq.o Objects/structseq.c
gcc -pthread -c -Wno-unused-result -Wsign-compare -DNDEBUG -g -fwrapv -O3 -Wall    -std=c99 -Wextra -Wno-unused-result -Wno-unused-parameter -Wno-missing-field-initializers -Werror=implicit-function-declaration -fvisibility=hidden -fprofile-generate -I./Include/internal  -I. -I./Include    -DPy_BUILD_CORE -o Objects/tupleobject.o Objects/tupleobject.c
gcc -pthread -c -Wno-unused-result -Wsign-compare -DNDEBUG -g -fwrapv -O3 -Wall    -std=c99 -Wextra -Wno-unused-result -Wno-unused-parameter -Wno-missing-field-initializers -Werror=implicit-function-declaration -fvisibility=hidden -fprofile-generate -I./Include/internal  -I. -I./Include    -DPy_BUILD_CORE -o Objects/typeobject.o Objects/typeobject.c
gcc -pthread -c -Wno-unused-result -Wsign-compare -DNDEBUG -g -fwrapv -O3 -Wall    -std=c99 -Wextra -Wno-unused-result -Wno-unused-parameter -Wno-missing-field-initializers -Werror=implicit-function-declaration -fvisibility=hidden -fprofile-generate -I./Include/internal  -I. -I./Include    -DPy_BUILD_CORE -o Objects/unicodeobject.o Objects/unicodeobject.c
gcc -pthread -c -Wno-unused-result -Wsign-compare -DNDEBUG -g -fwrapv -O3 -Wall    -std=c99 -Wextra -Wno-unused-result -Wno-unused-parameter -Wno-missing-field-initializers -Werror=implicit-function-declaration -fvisibility=hidden -fprofile-generate -I./Include/internal  -I. -I./Include    -DPy_BUILD_CORE -o Objects/unicodectype.o Objects/unicodectype.c
gcc -pthread -c -Wno-unused-result -Wsign-compare -DNDEBUG -g -fwrapv -O3 -Wall    -std=c99 -Wextra -Wno-unused-result -Wno-unused-parameter -Wno-missing-field-initializers -Werror=implicit-function-declaration -fvisibility=hidden -fprofile-generate -I./Include/internal  -I. -I./Include    -DPy_BUILD_CORE -o Objects/unionobject.o Objects/unionobject.c
gcc -pthread -c -Wno-unused-result -Wsign-compare -DNDEBUG -g -fwrapv -O3 -Wall    -std=c99 -Wextra -Wno-unused-result -Wno-unused-parameter -Wno-missing-field-initializers -Werror=implicit-function-declaration -fvisibility=hidden -fprofile-generate -I./Include/internal  -I. -I./Include    -DPy_BUILD_CORE -o Objects/weakrefobject.o Objects/weakrefobject.c
gcc -pthread -c -Wno-unused-result -Wsign-compare -DNDEBUG -g -fwrapv -O3 -Wall    -std=c99 -Wextra -Wno-unused-result -Wno-unused-parameter -Wno-missing-field-initializers -Werror=implicit-function-declaration -fvisibility=hidden -fprofile-generate -I./Include/internal  -I. -I./Include    -DPy_BUILD_CORE -o Python/_warnings.o Python/_warnings.c
gcc -pthread -c -Wno-unused-result -Wsign-compare -DNDEBUG -g -fwrapv -O3 -Wall    -std=c99 -Wextra -Wno-unused-result -Wno-unused-parameter -Wno-missing-field-initializers -Werror=implicit-function-declaration -fvisibility=hidden -fprofile-generate -I./Include/internal  -I. -I./Include    -DPy_BUILD_CORE -o Python/Python-ast.o Python/Python-ast.c
gcc -pthread -c -Wno-unused-result -Wsign-compare -DNDEBUG -g -fwrapv -O3 -Wall    -std=c99 -Wextra -Wno-unused-result -Wno-unused-parameter -Wno-missing-field-initializers -Werror=implicit-function-declaration -fvisibility=hidden -fprofile-generate -I./Include/internal  -I. -I./Include    -DPy_BUILD_CORE -o Python/asdl.o Python/asdl.c
gcc -pthread -c -Wno-unused-result -Wsign-compare -DNDEBUG -g -fwrapv -O3 -Wall    -std=c99 -Wextra -Wno-unused-result -Wno-unused-parameter -Wno-missing-field-initializers -Werror=implicit-function-declaration -fvisibility=hidden -fprofile-generate -I./Include/internal  -I. -I./Include    -DPy_BUILD_CORE -o Python/ast.o Python/ast.c
gcc -pthread -c -Wno-unused-result -Wsign-compare -DNDEBUG -g -fwrapv -O3 -Wall    -std=c99 -Wextra -Wno-unused-result -Wno-unused-parameter -Wno-missing-field-initializers -Werror=implicit-function-declaration -fvisibility=hidden -fprofile-generate -I./Include/internal  -I. -I./Include    -DPy_BUILD_CORE -o Python/ast_opt.o Python/ast_opt.c
gcc -pthread -c -Wno-unused-result -Wsign-compare -DNDEBUG -g -fwrapv -O3 -Wall    -std=c99 -Wextra -Wno-unused-result -Wno-unused-parameter -Wno-missing-field-initializers -Werror=implicit-function-declaration -fvisibility=hidden -fprofile-generate -I./Include/internal  -I. -I./Include    -DPy_BUILD_CORE -o Python/ast_unparse.o Python/ast_unparse.c
gcc -pthread -c -Wno-unused-result -Wsign-compare -DNDEBUG -g -fwrapv -O3 -Wall    -std=c99 -Wextra -Wno-unused-result -Wno-unused-parameter -Wno-missing-field-initializers -Werror=implicit-function-declaration -fvisibility=hidden -fprofile-generate -I./Include/internal  -I. -I./Include    -DPy_BUILD_CORE -o Python/bltinmodule.o Python/bltinmodule.c
gcc -pthread -c -Wno-unused-result -Wsign-compare -DNDEBUG -g -fwrapv -O3 -Wall    -std=c99 -Wextra -Wno-unused-result -Wno-unused-parameter -Wno-missing-field-initializers -Werror=implicit-function-declaration -fvisibility=hidden -fprofile-generate -I./Include/internal  -I. -I./Include    -DPy_BUILD_CORE -o Python/ceval.o Python/ceval.c
gcc -pthread -c -Wno-unused-result -Wsign-compare -DNDEBUG -g -fwrapv -O3 -Wall    -std=c99 -Wextra -Wno-unused-result -Wno-unused-parameter -Wno-missing-field-initializers -Werror=implicit-function-declaration -fvisibility=hidden -fprofile-generate -I./Include/internal  -I. -I./Include    -DPy_BUILD_CORE -o Python/codecs.o Python/codecs.c
gcc -pthread -c -Wno-unused-result -Wsign-compare -DNDEBUG -g -fwrapv -O3 -Wall    -std=c99 -Wextra -Wno-unused-result -Wno-unused-parameter -Wno-missing-field-initializers -Werror=implicit-function-declaration -fvisibility=hidden -fprofile-generate -I./Include/internal  -I. -I./Include    -DPy_BUILD_CORE -o Python/compile.o Python/compile.c
gcc -pthread -c -Wno-unused-result -Wsign-compare -DNDEBUG -g -fwrapv -O3 -Wall    -std=c99 -Wextra -Wno-unused-result -Wno-unused-parameter -Wno-missing-field-initializers -Werror=implicit-function-declaration -fvisibility=hidden -fprofile-generate -I./Include/internal  -I. -I./Include    -DPy_BUILD_CORE -o Python/context.o Python/context.c
gcc -pthread -c -Wno-unused-result -Wsign-compare -DNDEBUG -g -fwrapv -O3 -Wall    -std=c99 -Wextra -Wno-unused-result -Wno-unused-parameter -Wno-missing-field-initializers -Werror=implicit-function-declaration -fvisibility=hidden -fprofile-generate -I./Include/internal  -I. -I./Include    -DPy_BUILD_CORE -o Python/dynamic_annotations.o Python/dynamic_annotations.c
gcc -pthread -c -Wno-unused-result -Wsign-compare -DNDEBUG -g -fwrapv -O3 -Wall    -std=c99 -Wextra -Wno-unused-result -Wno-unused-parameter -Wno-missing-field-initializers -Werror=implicit-function-declaration -fvisibility=hidden -fprofile-generate -I./Include/internal  -I. -I./Include    -DPy_BUILD_CORE -o Python/errors.o Python/errors.c
gcc -pthread -c -Wno-unused-result -Wsign-compare -DNDEBUG -g -fwrapv -O3 -Wall    -std=c99 -Wextra -Wno-unused-result -Wno-unused-parameter -Wno-missing-field-initializers -Werror=implicit-function-declaration -fvisibility=hidden -fprofile-generate -I./Include/internal  -I. -I./Include    -DPy_BUILD_CORE -o Python/frozenmain.o Python/frozenmain.c
gcc -pthread -c -Wno-unused-result -Wsign-compare -DNDEBUG -g -fwrapv -O3 -Wall    -std=c99 -Wextra -Wno-unused-result -Wno-unused-parameter -Wno-missing-field-initializers -Werror=implicit-function-declaration -fvisibility=hidden -fprofile-generate -I./Include/internal  -I. -I./Include    -DPy_BUILD_CORE -o Python/future.o Python/future.c
gcc -pthread -c -Wno-unused-result -Wsign-compare -DNDEBUG -g -fwrapv -O3 -Wall    -std=c99 -Wextra -Wno-unused-result -Wno-unused-parameter -Wno-missing-field-initializers -Werror=implicit-function-declaration -fvisibility=hidden -fprofile-generate -I./Include/internal  -I. -I./Include    -DPy_BUILD_CORE -o Python/getargs.o Python/getargs.c
gcc -pthread -c -Wno-unused-result -Wsign-compare -DNDEBUG -g -fwrapv -O3 -Wall    -std=c99 -Wextra -Wno-unused-result -Wno-unused-parameter -Wno-missing-field-initializers -Werror=implicit-function-declaration -fvisibility=hidden -fprofile-generate -I./Include/internal  -I. -I./Include    -DPy_BUILD_CORE -o Python/getcompiler.o Python/getcompiler.c
gcc -pthread -c -Wno-unused-result -Wsign-compare -DNDEBUG -g -fwrapv -O3 -Wall    -std=c99 -Wextra -Wno-unused-result -Wno-unused-parameter -Wno-missing-field-initializers -Werror=implicit-function-declaration -fvisibility=hidden -fprofile-generate -I./Include/internal  -I. -I./Include    -DPy_BUILD_CORE -o Python/getcopyright.o Python/getcopyright.c
gcc -pthread -c -Wno-unused-result -Wsign-compare -DNDEBUG -g -fwrapv -O3 -Wall    -std=c99 -Wextra -Wno-unused-result -Wno-unused-parameter -Wno-missing-field-initializers -Werror=implicit-function-declaration -fvisibility=hidden -fprofile-generate -I./Include/internal  -I. -I./Include    -DPy_BUILD_CORE -DPLATFORM='"linux"' -o Python/getplatform.o ./Python/getplatform.c
gcc -pthread -c -Wno-unused-result -Wsign-compare -DNDEBUG -g -fwrapv -O3 -Wall    -std=c99 -Wextra -Wno-unused-result -Wno-unused-parameter -Wno-missing-field-initializers -Werror=implicit-function-declaration -fvisibility=hidden -fprofile-generate -I./Include/internal  -I. -I./Include    -DPy_BUILD_CORE -o Python/getversion.o Python/getversion.c
gcc -pthread -c -Wno-unused-result -Wsign-compare -DNDEBUG -g -fwrapv -O3 -Wall    -std=c99 -Wextra -Wno-unused-result -Wno-unused-parameter -Wno-missing-field-initializers -Werror=implicit-function-declaration -fvisibility=hidden -fprofile-generate -I./Include/internal  -I. -I./Include    -DPy_BUILD_CORE -o Python/hamt.o Python/hamt.c
gcc -pthread -c -Wno-unused-result -Wsign-compare -DNDEBUG -g -fwrapv -O3 -Wall    -std=c99 -Wextra -Wno-unused-result -Wno-unused-parameter -Wno-missing-field-initializers -Werror=implicit-function-declaration -fvisibility=hidden -fprofile-generate -I./Include/internal  -I. -I./Include    -DPy_BUILD_CORE -o Python/hashtable.o Python/hashtable.c
gcc -pthread -c -Wno-unused-result -Wsign-compare -DNDEBUG -g -fwrapv -O3 -Wall    -std=c99 -Wextra -Wno-unused-result -Wno-unused-parameter -Wno-missing-field-initializers -Werror=implicit-function-declaration -fvisibility=hidden -fprofile-generate -I./Include/internal  -I. -I./Include    -DPy_BUILD_CORE -o Python/import.o Python/import.c
gcc -pthread -c -Wno-unused-result -Wsign-compare -DNDEBUG -g -fwrapv -O3 -Wall    -std=c99 -Wextra -Wno-unused-result -Wno-unused-parameter -Wno-missing-field-initializers -Werror=implicit-function-declaration -fvisibility=hidden -fprofile-generate -I./Include/internal  -I. -I./Include    -DPy_BUILD_CORE -I. -o Python/importdl.o ./Python/importdl.c
gcc -pthread -c -Wno-unused-result -Wsign-compare -DNDEBUG -g -fwrapv -O3 -Wall    -std=c99 -Wextra -Wno-unused-result -Wno-unused-parameter -Wno-missing-field-initializers -Werror=implicit-function-declaration -fvisibility=hidden -fprofile-generate -I./Include/internal  -I. -I./Include    -DPy_BUILD_CORE \
	-DPLATLIBDIR='"lib"' \
	-o Python/initconfig.o ./Python/initconfig.c
gcc -pthread -c -Wno-unused-result -Wsign-compare -DNDEBUG -g -fwrapv -O3 -Wall    -std=c99 -Wextra -Wno-unused-result -Wno-unused-parameter -Wno-missing-field-initializers -Werror=implicit-function-declaration -fvisibility=hidden -fprofile-generate -I./Include/internal  -I. -I./Include    -DPy_BUILD_CORE -o Python/marshal.o Python/marshal.c
gcc -pthread -c -Wno-unused-result -Wsign-compare -DNDEBUG -g -fwrapv -O3 -Wall    -std=c99 -Wextra -Wno-unused-result -Wno-unused-parameter -Wno-missing-field-initializers -Werror=implicit-function-declaration -fvisibility=hidden -fprofile-generate -I./Include/internal  -I. -I./Include    -DPy_BUILD_CORE -o Python/modsupport.o Python/modsupport.c
gcc -pthread -c -Wno-unused-result -Wsign-compare -DNDEBUG -g -fwrapv -O3 -Wall    -std=c99 -Wextra -Wno-unused-result -Wno-unused-parameter -Wno-missing-field-initializers -Werror=implicit-function-declaration -fvisibility=hidden -fprofile-generate -I./Include/internal  -I. -I./Include    -DPy_BUILD_CORE -o Python/mysnprintf.o Python/mysnprintf.c
gcc -pthread -c -Wno-unused-result -Wsign-compare -DNDEBUG -g -fwrapv -O3 -Wall    -std=c99 -Wextra -Wno-unused-result -Wno-unused-parameter -Wno-missing-field-initializers -Werror=implicit-function-declaration -fvisibility=hidden -fprofile-generate -I./Include/internal  -I. -I./Include    -DPy_BUILD_CORE -o Python/mystrtoul.o Python/mystrtoul.c
gcc -pthread -c -Wno-unused-result -Wsign-compare -DNDEBUG -g -fwrapv -O3 -Wall    -std=c99 -Wextra -Wno-unused-result -Wno-unused-parameter -Wno-missing-field-initializers -Werror=implicit-function-declaration -fvisibility=hidden -fprofile-generate -I./Include/internal  -I. -I./Include    -DPy_BUILD_CORE -o Python/pathconfig.o Python/pathconfig.c
gcc -pthread -c -Wno-unused-result -Wsign-compare -DNDEBUG -g -fwrapv -O3 -Wall    -std=c99 -Wextra -Wno-unused-result -Wno-unused-parameter -Wno-missing-field-initializers -Werror=implicit-function-declaration -fvisibility=hidden -fprofile-generate -I./Include/internal  -I. -I./Include    -DPy_BUILD_CORE -o Python/preconfig.o Python/preconfig.c
gcc -pthread -c -Wno-unused-result -Wsign-compare -DNDEBUG -g -fwrapv -O3 -Wall    -std=c99 -Wextra -Wno-unused-result -Wno-unused-parameter -Wno-missing-field-initializers -Werror=implicit-function-declaration -fvisibility=hidden -fprofile-generate -I./Include/internal  -I. -I./Include    -DPy_BUILD_CORE -o Python/pyarena.o Python/pyarena.c
gcc -pthread -c -Wno-unused-result -Wsign-compare -DNDEBUG -g -fwrapv -O3 -Wall    -std=c99 -Wextra -Wno-unused-result -Wno-unused-parameter -Wno-missing-field-initializers -Werror=implicit-function-declaration -fvisibility=hidden -fprofile-generate -I./Include/internal  -I. -I./Include    -DPy_BUILD_CORE -o Python/pyctype.o Python/pyctype.c
gcc -pthread -c -Wno-unused-result -Wsign-compare -DNDEBUG -g -fwrapv -O3 -Wall    -std=c99 -Wextra -Wno-unused-result -Wno-unused-parameter -Wno-missing-field-initializers -Werror=implicit-function-declaration -fvisibility=hidden -fprofile-generate -I./Include/internal  -I. -I./Include    -DPy_BUILD_CORE -o Python/pyfpe.o Python/pyfpe.c
gcc -pthread -c -Wno-unused-result -Wsign-compare -DNDEBUG -g -fwrapv -O3 -Wall    -std=c99 -Wextra -Wno-unused-result -Wno-unused-parameter -Wno-missing-field-initializers -Werror=implicit-function-declaration -fvisibility=hidden -fprofile-generate -I./Include/internal  -I. -I./Include    -DPy_BUILD_CORE -o Python/pyhash.o Python/pyhash.c
gcc -pthread -c -Wno-unused-result -Wsign-compare -DNDEBUG -g -fwrapv -O3 -Wall    -std=c99 -Wextra -Wno-unused-result -Wno-unused-parameter -Wno-missing-field-initializers -Werror=implicit-function-declaration -fvisibility=hidden -fprofile-generate -I./Include/internal  -I. -I./Include    -DPy_BUILD_CORE -o Python/pylifecycle.o Python/pylifecycle.c
gcc -pthread -c -Wno-unused-result -Wsign-compare -DNDEBUG -g -fwrapv -O3 -Wall    -std=c99 -Wextra -Wno-unused-result -Wno-unused-parameter -Wno-missing-field-initializers -Werror=implicit-function-declaration -fvisibility=hidden -fprofile-generate -I./Include/internal  -I. -I./Include    -DPy_BUILD_CORE -o Python/pymath.o Python/pymath.c
gcc -pthread -c -Wno-unused-result -Wsign-compare -DNDEBUG -g -fwrapv -O3 -Wall    -std=c99 -Wextra -Wno-unused-result -Wno-unused-parameter -Wno-missing-field-initializers -Werror=implicit-function-declaration -fvisibility=hidden -fprofile-generate -I./Include/internal  -I. -I./Include    -DPy_BUILD_CORE -o Python/pystate.o Python/pystate.c
gcc -pthread -c -Wno-unused-result -Wsign-compare -DNDEBUG -g -fwrapv -O3 -Wall    -std=c99 -Wextra -Wno-unused-result -Wno-unused-parameter -Wno-missing-field-initializers -Werror=implicit-function-declaration -fvisibility=hidden -fprofile-generate -I./Include/internal  -I. -I./Include    -DPy_BUILD_CORE -o Python/pythonrun.o Python/pythonrun.c
gcc -pthread -c -Wno-unused-result -Wsign-compare -DNDEBUG -g -fwrapv -O3 -Wall    -std=c99 -Wextra -Wno-unused-result -Wno-unused-parameter -Wno-missing-field-initializers -Werror=implicit-function-declaration -fvisibility=hidden -fprofile-generate -I./Include/internal  -I. -I./Include    -DPy_BUILD_CORE -o Python/pytime.o Python/pytime.c
gcc -pthread -c -Wno-unused-result -Wsign-compare -DNDEBUG -g -fwrapv -O3 -Wall    -std=c99 -Wextra -Wno-unused-result -Wno-unused-parameter -Wno-missing-field-initializers -Werror=implicit-function-declaration -fvisibility=hidden -fprofile-generate -I./Include/internal  -I. -I./Include    -DPy_BUILD_CORE -o Python/bootstrap_hash.o Python/bootstrap_hash.c
gcc -pthread -c -Wno-unused-result -Wsign-compare -DNDEBUG -g -fwrapv -O3 -Wall    -std=c99 -Wextra -Wno-unused-result -Wno-unused-parameter -Wno-missing-field-initializers -Werror=implicit-function-declaration -fvisibility=hidden -fprofile-generate -I./Include/internal  -I. -I./Include    -DPy_BUILD_CORE -o Python/structmember.o Python/structmember.c
gcc -pthread -c -Wno-unused-result -Wsign-compare -DNDEBUG -g -fwrapv -O3 -Wall    -std=c99 -Wextra -Wno-unused-result -Wno-unused-parameter -Wno-missing-field-initializers -Werror=implicit-function-declaration -fvisibility=hidden -fprofile-generate -I./Include/internal  -I. -I./Include    -DPy_BUILD_CORE -o Python/symtable.o Python/symtable.c
gcc -pthread -c -Wno-unused-result -Wsign-compare -DNDEBUG -g -fwrapv -O3 -Wall    -std=c99 -Wextra -Wno-unused-result -Wno-unused-parameter -Wno-missing-field-initializers -Werror=implicit-function-declaration -fvisibility=hidden -fprofile-generate -I./Include/internal  -I. -I./Include    -DPy_BUILD_CORE \
	-DABIFLAGS='""' \
	-DMULTIARCH=\"x86_64-linux-gnu\" \
	-o Python/sysmodule.o ./Python/sysmodule.c
gcc -pthread -c -Wno-unused-result -Wsign-compare -DNDEBUG -g -fwrapv -O3 -Wall    -std=c99 -Wextra -Wno-unused-result -Wno-unused-parameter -Wno-missing-field-initializers -Werror=implicit-function-declaration -fvisibility=hidden -fprofile-generate -I./Include/internal  -I. -I./Include    -DPy_BUILD_CORE -o Python/thread.o Python/thread.c
gcc -pthread -c -Wno-unused-result -Wsign-compare -DNDEBUG -g -fwrapv -O3 -Wall    -std=c99 -Wextra -Wno-unused-result -Wno-unused-parameter -Wno-missing-field-initializers -Werror=implicit-function-declaration -fvisibility=hidden -fprofile-generate -I./Include/internal  -I. -I./Include    -DPy_BUILD_CORE -o Python/traceback.o Python/traceback.c
gcc -pthread -c -Wno-unused-result -Wsign-compare -DNDEBUG -g -fwrapv -O3 -Wall    -std=c99 -Wextra -Wno-unused-result -Wno-unused-parameter -Wno-missing-field-initializers -Werror=implicit-function-declaration -fvisibility=hidden -fprofile-generate -I./Include/internal  -I. -I./Include    -DPy_BUILD_CORE -o Python/getopt.o Python/getopt.c
gcc -pthread -c -Wno-unused-result -Wsign-compare -DNDEBUG -g -fwrapv -O3 -Wall    -std=c99 -Wextra -Wno-unused-result -Wno-unused-parameter -Wno-missing-field-initializers -Werror=implicit-function-declaration -fvisibility=hidden -fprofile-generate -I./Include/internal  -I. -I./Include    -DPy_BUILD_CORE -o Python/pystrcmp.o Python/pystrcmp.c
gcc -pthread -c -Wno-unused-result -Wsign-compare -DNDEBUG -g -fwrapv -O3 -Wall    -std=c99 -Wextra -Wno-unused-result -Wno-unused-parameter -Wno-missing-field-initializers -Werror=implicit-function-declaration -fvisibility=hidden -fprofile-generate -I./Include/internal  -I. -I./Include    -DPy_BUILD_CORE -o Python/pystrtod.o Python/pystrtod.c
gcc -pthread -c -Wno-unused-result -Wsign-compare -DNDEBUG -g -fwrapv -O3 -Wall    -std=c99 -Wextra -Wno-unused-result -Wno-unused-parameter -Wno-missing-field-initializers -Werror=implicit-function-declaration -fvisibility=hidden -fprofile-generate -I./Include/internal  -I. -I./Include    -DPy_BUILD_CORE -o Python/pystrhex.o Python/pystrhex.c
gcc -pthread -c -Wno-unused-result -Wsign-compare -DNDEBUG -g -fwrapv -O3 -Wall    -std=c99 -Wextra -Wno-unused-result -Wno-unused-parameter -Wno-missing-field-initializers -Werror=implicit-function-declaration -fvisibility=hidden -fprofile-generate -I./Include/internal  -I. -I./Include    -DPy_BUILD_CORE  -o Python/dtoa.o Python/dtoa.c
gcc -pthread -c -Wno-unused-result -Wsign-compare -DNDEBUG -g -fwrapv -O3 -Wall    -std=c99 -Wextra -Wno-unused-result -Wno-unused-parameter -Wno-missing-field-initializers -Werror=implicit-function-declaration -fvisibility=hidden -fprofile-generate -I./Include/internal  -I. -I./Include    -DPy_BUILD_CORE -o Python/formatter_unicode.o Python/formatter_unicode.c
gcc -pthread -c -Wno-unused-result -Wsign-compare -DNDEBUG -g -fwrapv -O3 -Wall    -std=c99 -Wextra -Wno-unused-result -Wno-unused-parameter -Wno-missing-field-initializers -Werror=implicit-function-declaration -fvisibility=hidden -fprofile-generate -I./Include/internal  -I. -I./Include    -DPy_BUILD_CORE -o Python/fileutils.o Python/fileutils.c
gcc -pthread -c -Wno-unused-result -Wsign-compare -DNDEBUG -g -fwrapv -O3 -Wall    -std=c99 -Wextra -Wno-unused-result -Wno-unused-parameter -Wno-missing-field-initializers -Werror=implicit-function-declaration -fvisibility=hidden -fprofile-generate -I./Include/internal  -I. -I./Include    -DPy_BUILD_CORE -o Python/suggestions.o Python/suggestions.c
gcc -pthread -c -Wno-unused-result -Wsign-compare -DNDEBUG -g -fwrapv -O3 -Wall    -std=c99 -Wextra -Wno-unused-result -Wno-unused-parameter -Wno-missing-field-initializers -Werror=implicit-function-declaration -fvisibility=hidden -fprofile-generate -I./Include/internal  -I. -I./Include    -DPy_BUILD_CORE \
	-DSOABI='"cpython-310-x86_64-linux-gnu"' \
	-o Python/dynload_shlib.o ./Python/dynload_shlib.c
gcc -pthread -c -Wno-unused-result -Wsign-compare -DNDEBUG -g -fwrapv -O3 -Wall    -std=c99 -Wextra -Wno-unused-result -Wno-unused-parameter -Wno-missing-field-initializers -Werror=implicit-function-declaration -fvisibility=hidden -fprofile-generate -I./Include/internal  -I. -I./Include    -DPy_BUILD_CORE -o Modules/config.o Modules/config.c
gcc -pthread -c -Wno-unused-result -Wsign-compare -DNDEBUG -g -fwrapv -O3 -Wall    -std=c99 -Wextra -Wno-unused-result -Wno-unused-parameter -Wno-missing-field-initializers -Werror=implicit-function-declaration -fvisibility=hidden -fprofile-generate -I./Include/internal  -I. -I./Include    -DPy_BUILD_CORE -DPYTHONPATH='""' \
	-DPREFIX='"/usr/local/python3.10"' \
	-DEXEC_PREFIX='"/usr/local/python3.10"' \
	-DVERSION='"3.10"' \
	-DVPATH='""' \
	-o Modules/getpath.o ./Modules/getpath.c
gcc -pthread -c -Wno-unused-result -Wsign-compare -DNDEBUG -g -fwrapv -O3 -Wall    -std=c99 -Wextra -Wno-unused-result -Wno-unused-parameter -Wno-missing-field-initializers -Werror=implicit-function-declaration -fvisibility=hidden -fprofile-generate -I./Include/internal  -I. -I./Include    -DPy_BUILD_CORE -o Modules/main.o Modules/main.c
gcc -pthread -c -Wno-unused-result -Wsign-compare -DNDEBUG -g -fwrapv -O3 -Wall    -std=c99 -Wextra -Wno-unused-result -Wno-unused-parameter -Wno-missing-field-initializers -Werror=implicit-function-declaration -fvisibility=hidden -fprofile-generate -I./Include/internal  -I. -I./Include    -DPy_BUILD_CORE -o Modules/gcmodule.o Modules/gcmodule.c
gcc -pthread -Wno-unused-result -Wsign-compare -DNDEBUG -g -fwrapv -O3 -Wall    -std=c99 -Wextra -Wno-unused-result -Wno-unused-parameter -Wno-missing-field-initializers -Werror=implicit-function-declaration -fvisibility=hidden -fprofile-generate -I./Include/internal  -I. -I./Include    -DPy_BUILD_CORE_BUILTIN  -DPy_BUILD_CORE_BUILTIN -I./Include/internal -c ./Modules/posixmodule.c -o Modules/posixmodule.o
gcc -pthread -Wno-unused-result -Wsign-compare -DNDEBUG -g -fwrapv -O3 -Wall    -std=c99 -Wextra -Wno-unused-result -Wno-unused-parameter -Wno-missing-field-initializers -Werror=implicit-function-declaration -fvisibility=hidden -fprofile-generate -I./Include/internal  -I. -I./Include    -DPy_BUILD_CORE_BUILTIN  -c ./Modules/errnomodule.c -o Modules/errnomodule.o
gcc -pthread -Wno-unused-result -Wsign-compare -DNDEBUG -g -fwrapv -O3 -Wall    -std=c99 -Wextra -Wno-unused-result -Wno-unused-parameter -Wno-missing-field-initializers -Werror=implicit-function-declaration -fvisibility=hidden -fprofile-generate -I./Include/internal  -I. -I./Include    -DPy_BUILD_CORE_BUILTIN  -c ./Modules/pwdmodule.c -o Modules/pwdmodule.o
gcc -pthread -Wno-unused-result -Wsign-compare -DNDEBUG -g -fwrapv -O3 -Wall    -std=c99 -Wextra -Wno-unused-result -Wno-unused-parameter -Wno-missing-field-initializers -Werror=implicit-function-declaration -fvisibility=hidden -fprofile-generate -I./Include/internal  -I. -I./Include    -DPy_BUILD_CORE_BUILTIN  -DPy_BUILD_CORE_BUILTIN -c ./Modules/_sre.c -o Modules/_sre.o
gcc -pthread -Wno-unused-result -Wsign-compare -DNDEBUG -g -fwrapv -O3 -Wall    -std=c99 -Wextra -Wno-unused-result -Wno-unused-parameter -Wno-missing-field-initializers -Werror=implicit-function-declaration -fvisibility=hidden -fprofile-generate -I./Include/internal  -I. -I./Include    -DPy_BUILD_CORE_BUILTIN  -c ./Modules/_codecsmodule.c -o Modules/_codecsmodule.o
gcc -pthread -Wno-unused-result -Wsign-compare -DNDEBUG -g -fwrapv -O3 -Wall    -std=c99 -Wextra -Wno-unused-result -Wno-unused-parameter -Wno-missing-field-initializers -Werror=implicit-function-declaration -fvisibility=hidden -fprofile-generate -I./Include/internal  -I. -I./Include    -DPy_BUILD_CORE_BUILTIN  -c ./Modules/_weakref.c -o Modules/_weakref.o
gcc -pthread -Wno-unused-result -Wsign-compare -DNDEBUG -g -fwrapv -O3 -Wall    -std=c99 -Wextra -Wno-unused-result -Wno-unused-parameter -Wno-missing-field-initializers -Werror=implicit-function-declaration -fvisibility=hidden -fprofile-generate -I./Include/internal  -I. -I./Include    -DPy_BUILD_CORE_BUILTIN  -DPy_BUILD_CORE_BUILTIN -I./Include/internal -c ./Modules/_functoolsmodule.c -o Modules/_functoolsmodule.o
gcc -pthread -Wno-unused-result -Wsign-compare -DNDEBUG -g -fwrapv -O3 -Wall    -std=c99 -Wextra -Wno-unused-result -Wno-unused-parameter -Wno-missing-field-initializers -Werror=implicit-function-declaration -fvisibility=hidden -fprofile-generate -I./Include/internal  -I. -I./Include    -DPy_BUILD_CORE_BUILTIN  -DPy_BUILD_CORE_BUILTIN -c ./Modules/_operator.c -o Modules/_operator.o
gcc -pthread -Wno-unused-result -Wsign-compare -DNDEBUG -g -fwrapv -O3 -Wall    -std=c99 -Wextra -Wno-unused-result -Wno-unused-parameter -Wno-missing-field-initializers -Werror=implicit-function-declaration -fvisibility=hidden -fprofile-generate -I./Include/internal  -I. -I./Include    -DPy_BUILD_CORE_BUILTIN  -c ./Modules/_collectionsmodule.c -o Modules/_collectionsmodule.o
gcc -pthread -Wno-unused-result -Wsign-compare -DNDEBUG -g -fwrapv -O3 -Wall    -std=c99 -Wextra -Wno-unused-result -Wno-unused-parameter -Wno-missing-field-initializers -Werror=implicit-function-declaration -fvisibility=hidden -fprofile-generate -I./Include/internal  -I. -I./Include    -DPy_BUILD_CORE_BUILTIN  -DPy_BUILD_CORE_BUILTIN -c ./Modules/_abc.c -o Modules/_abc.o
gcc -pthread -Wno-unused-result -Wsign-compare -DNDEBUG -g -fwrapv -O3 -Wall    -std=c99 -Wextra -Wno-unused-result -Wno-unused-parameter -Wno-missing-field-initializers -Werror=implicit-function-declaration -fvisibility=hidden -fprofile-generate -I./Include/internal  -I. -I./Include    -DPy_BUILD_CORE_BUILTIN  -c ./Modules/itertoolsmodule.c -o Modules/itertoolsmodule.o
gcc -pthread -Wno-unused-result -Wsign-compare -DNDEBUG -g -fwrapv -O3 -Wall    -std=c99 -Wextra -Wno-unused-result -Wno-unused-parameter -Wno-missing-field-initializers -Werror=implicit-function-declaration -fvisibility=hidden -fprofile-generate -I./Include/internal  -I. -I./Include    -DPy_BUILD_CORE_BUILTIN  -c ./Modules/atexitmodule.c -o Modules/atexitmodule.o
gcc -pthread -Wno-unused-result -Wsign-compare -DNDEBUG -g -fwrapv -O3 -Wall    -std=c99 -Wextra -Wno-unused-result -Wno-unused-parameter -Wno-missing-field-initializers -Werror=implicit-function-declaration -fvisibility=hidden -fprofile-generate -I./Include/internal  -I. -I./Include    -DPy_BUILD_CORE_BUILTIN  -DPy_BUILD_CORE_BUILTIN -I./Include/internal -c ./Modules/signalmodule.c -o Modules/signalmodule.o
gcc -pthread -Wno-unused-result -Wsign-compare -DNDEBUG -g -fwrapv -O3 -Wall    -std=c99 -Wextra -Wno-unused-result -Wno-unused-parameter -Wno-missing-field-initializers -Werror=implicit-function-declaration -fvisibility=hidden -fprofile-generate -I./Include/internal  -I. -I./Include    -DPy_BUILD_CORE_BUILTIN  -c ./Modules/_stat.c -o Modules/_stat.o
gcc -pthread -Wno-unused-result -Wsign-compare -DNDEBUG -g -fwrapv -O3 -Wall    -std=c99 -Wextra -Wno-unused-result -Wno-unused-parameter -Wno-missing-field-initializers -Werror=implicit-function-declaration -fvisibility=hidden -fprofile-generate -I./Include/internal  -I. -I./Include    -DPy_BUILD_CORE_BUILTIN  -DPy_BUILD_CORE_BUILTIN -I./Include/internal -c ./Modules/timemodule.c -o Modules/timemodule.o
gcc -pthread -Wno-unused-result -Wsign-compare -DNDEBUG -g -fwrapv -O3 -Wall    -std=c99 -Wextra -Wno-unused-result -Wno-unused-parameter -Wno-missing-field-initializers -Werror=implicit-function-declaration -fvisibility=hidden -fprofile-generate -I./Include/internal  -I. -I./Include    -DPy_BUILD_CORE_BUILTIN  -DPy_BUILD_CORE_BUILTIN -I./Include/internal -c ./Modules/_threadmodule.c -o Modules/_threadmodule.o
gcc -pthread -Wno-unused-result -Wsign-compare -DNDEBUG -g -fwrapv -O3 -Wall    -std=c99 -Wextra -Wno-unused-result -Wno-unused-parameter -Wno-missing-field-initializers -Werror=implicit-function-declaration -fvisibility=hidden -fprofile-generate -I./Include/internal  -I. -I./Include    -DPy_BUILD_CORE_BUILTIN  -DPy_BUILD_CORE_BUILTIN -c ./Modules/_localemodule.c -o Modules/_localemodule.o
gcc -pthread -Wno-unused-result -Wsign-compare -DNDEBUG -g -fwrapv -O3 -Wall    -std=c99 -Wextra -Wno-unused-result -Wno-unused-parameter -Wno-missing-field-initializers -Werror=implicit-function-declaration -fvisibility=hidden -fprofile-generate -I./Include/internal  -I. -I./Include    -DPy_BUILD_CORE_BUILTIN  -DPy_BUILD_CORE_BUILTIN -I./Include/internal -I./Modules/_io -c ./Modules/_io/_iomodule.c -o Modules/_iomodule.o
gcc -pthread -Wno-unused-result -Wsign-compare -DNDEBUG -g -fwrapv -O3 -Wall    -std=c99 -Wextra -Wno-unused-result -Wno-unused-parameter -Wno-missing-field-initializers -Werror=implicit-function-declaration -fvisibility=hidden -fprofile-generate -I./Include/internal  -I. -I./Include    -DPy_BUILD_CORE_BUILTIN  -DPy_BUILD_CORE_BUILTIN -I./Include/internal -I./Modules/_io -c ./Modules/_io/iobase.c -o Modules/iobase.o
gcc -pthread -Wno-unused-result -Wsign-compare -DNDEBUG -g -fwrapv -O3 -Wall    -std=c99 -Wextra -Wno-unused-result -Wno-unused-parameter -Wno-missing-field-initializers -Werror=implicit-function-declaration -fvisibility=hidden -fprofile-generate -I./Include/internal  -I. -I./Include    -DPy_BUILD_CORE_BUILTIN  -DPy_BUILD_CORE_BUILTIN -I./Include/internal -I./Modules/_io -c ./Modules/_io/fileio.c -o Modules/fileio.o
gcc -pthread -Wno-unused-result -Wsign-compare -DNDEBUG -g -fwrapv -O3 -Wall    -std=c99 -Wextra -Wno-unused-result -Wno-unused-parameter -Wno-missing-field-initializers -Werror=implicit-function-declaration -fvisibility=hidden -fprofile-generate -I./Include/internal  -I. -I./Include    -DPy_BUILD_CORE_BUILTIN  -DPy_BUILD_CORE_BUILTIN -I./Include/internal -I./Modules/_io -c ./Modules/_io/bytesio.c -o Modules/bytesio.o
gcc -pthread -Wno-unused-result -Wsign-compare -DNDEBUG -g -fwrapv -O3 -Wall    -std=c99 -Wextra -Wno-unused-result -Wno-unused-parameter -Wno-missing-field-initializers -Werror=implicit-function-declaration -fvisibility=hidden -fprofile-generate -I./Include/internal  -I. -I./Include    -DPy_BUILD_CORE_BUILTIN  -DPy_BUILD_CORE_BUILTIN -I./Include/internal -I./Modules/_io -c ./Modules/_io/bufferedio.c -o Modules/bufferedio.o
gcc -pthread -Wno-unused-result -Wsign-compare -DNDEBUG -g -fwrapv -O3 -Wall    -std=c99 -Wextra -Wno-unused-result -Wno-unused-parameter -Wno-missing-field-initializers -Werror=implicit-function-declaration -fvisibility=hidden -fprofile-generate -I./Include/internal  -I. -I./Include    -DPy_BUILD_CORE_BUILTIN  -DPy_BUILD_CORE_BUILTIN -I./Include/internal -I./Modules/_io -c ./Modules/_io/textio.c -o Modules/textio.o
gcc -pthread -Wno-unused-result -Wsign-compare -DNDEBUG -g -fwrapv -O3 -Wall    -std=c99 -Wextra -Wno-unused-result -Wno-unused-parameter -Wno-missing-field-initializers -Werror=implicit-function-declaration -fvisibility=hidden -fprofile-generate -I./Include/internal  -I. -I./Include    -DPy_BUILD_CORE_BUILTIN  -DPy_BUILD_CORE_BUILTIN -I./Include/internal -I./Modules/_io -c ./Modules/_io/stringio.c -o Modules/stringio.o
gcc -pthread -Wno-unused-result -Wsign-compare -DNDEBUG -g -fwrapv -O3 -Wall    -std=c99 -Wextra -Wno-unused-result -Wno-unused-parameter -Wno-missing-field-initializers -Werror=implicit-function-declaration -fvisibility=hidden -fprofile-generate -I./Include/internal  -I. -I./Include    -DPy_BUILD_CORE_BUILTIN  -c ./Modules/faulthandler.c -o Modules/faulthandler.o
gcc -pthread -Wno-unused-result -Wsign-compare -DNDEBUG -g -fwrapv -O3 -Wall    -std=c99 -Wextra -Wno-unused-result -Wno-unused-parameter -Wno-missing-field-initializers -Werror=implicit-function-declaration -fvisibility=hidden -fprofile-generate -I./Include/internal  -I. -I./Include    -DPy_BUILD_CORE_BUILTIN  -c ./Modules/_tracemalloc.c -o Modules/_tracemalloc.o
gcc -pthread -Wno-unused-result -Wsign-compare -DNDEBUG -g -fwrapv -O3 -Wall    -std=c99 -Wextra -Wno-unused-result -Wno-unused-parameter -Wno-missing-field-initializers -Werror=implicit-function-declaration -fvisibility=hidden -fprofile-generate -I./Include/internal  -I. -I./Include    -DPy_BUILD_CORE_BUILTIN  -c ./Modules/symtablemodule.c -o Modules/symtablemodule.o
gcc -pthread -Wno-unused-result -Wsign-compare -DNDEBUG -g -fwrapv -O3 -Wall    -std=c99 -Wextra -Wno-unused-result -Wno-unused-parameter -Wno-missing-field-initializers -Werror=implicit-function-declaration -fvisibility=hidden -fprofile-generate -I./Include/internal  -I. -I./Include    -DPy_BUILD_CORE_BUILTIN  -c ./Modules/xxsubtype.c -o Modules/xxsubtype.o
gcc -pthread -c -Wno-unused-result -Wsign-compare -DNDEBUG -g -fwrapv -O3 -Wall    -std=c99 -Wextra -Wno-unused-result -Wno-unused-parameter -Wno-missing-field-initializers -Werror=implicit-function-declaration -fvisibility=hidden -fprofile-generate -I./Include/internal  -I. -I./Include    -DPy_BUILD_CORE \
      -DGITVERSION="\"`LC_ALL=C `\"" \
      -DGITTAG="\"`LC_ALL=C `\"" \
      -DGITBRANCH="\"`LC_ALL=C `\"" \
      -o Modules/getbuildinfo.o ./Modules/getbuildinfo.c
gcc -pthread -c -Wno-unused-result -Wsign-compare -DNDEBUG -g -fwrapv -O3 -Wall    -std=c99 -Wextra -Wno-unused-result -Wno-unused-parameter -Wno-missing-field-initializers -Werror=implicit-function-declaration -fvisibility=hidden -fprofile-generate -I./Include/internal  -I. -I./Include    -DPy_BUILD_CORE -o Python/frozen.o Python/frozen.c
rm -f libpython3.10.a
ar rcs libpython3.10.a Modules/getbuildinfo.o Parser/token.o  Parser/pegen.o Parser/parser.o Parser/string_parser.o Parser/peg_api.o Parser/myreadline.o Parser/tokenizer.o Objects/abstract.o Objects/accu.o Objects/boolobject.o Objects/bytes_methods.o Objects/bytearrayobject.o Objects/bytesobject.o Objects/call.o Objects/capsule.o Objects/cellobject.o Objects/classobject.o Objects/codeobject.o Objects/complexobject.o Objects/descrobject.o Objects/enumobject.o Objects/exceptions.o Objects/genericaliasobject.o Objects/genobject.o Objects/fileobject.o Objects/floatobject.o Objects/frameobject.o Objects/funcobject.o Objects/interpreteridobject.o Objects/iterobject.o Objects/listobject.o Objects/longobject.o Objects/dictobject.o Objects/odictobject.o Objects/memoryobject.o Objects/methodobject.o Objects/moduleobject.o Objects/namespaceobject.o Objects/object.o Objects/obmalloc.o Objects/picklebufobject.o Objects/rangeobject.o Objects/setobject.o Objects/sliceobject.o Objects/structseq.o Objects/tupleobject.o Objects/typeobject.o Objects/unicodeobject.o Objects/unicodectype.o Objects/unionobject.o Objects/weakrefobject.o Python/_warnings.o Python/Python-ast.o Python/asdl.o Python/ast.o Python/ast_opt.o Python/ast_unparse.o Python/bltinmodule.o Python/ceval.o Python/codecs.o Python/compile.o Python/context.o Python/dynamic_annotations.o Python/errors.o Python/frozenmain.o Python/future.o Python/getargs.o Python/getcompiler.o Python/getcopyright.o Python/getplatform.o Python/getversion.o Python/hamt.o Python/hashtable.o Python/import.o Python/importdl.o Python/initconfig.o Python/marshal.o Python/modsupport.o Python/mysnprintf.o Python/mystrtoul.o Python/pathconfig.o Python/preconfig.o Python/pyarena.o Python/pyctype.o Python/pyfpe.o Python/pyhash.o Python/pylifecycle.o Python/pymath.o Python/pystate.o Python/pythonrun.o Python/pytime.o Python/bootstrap_hash.o Python/structmember.o Python/symtable.o Python/sysmodule.o Python/thread.o Python/traceback.o Python/getopt.o Python/pystrcmp.o Python/pystrtod.o Python/pystrhex.o Python/dtoa.o Python/formatter_unicode.o Python/fileutils.o Python/suggestions.o Python/dynload_shlib.o    Modules/config.o Modules/getpath.o Modules/main.o Modules/gcmodule.o Modules/posixmodule.o  Modules/errnomodule.o  Modules/pwdmodule.o  Modules/_sre.o  Modules/_codecsmodule.o  Modules/_weakref.o  Modules/_functoolsmodule.o  Modules/_operator.o  Modules/_collectionsmodule.o  Modules/_abc.o  Modules/itertoolsmodule.o  Modules/atexitmodule.o  Modules/signalmodule.o  Modules/_stat.o  Modules/timemodule.o  Modules/_threadmodule.o  Modules/_localemodule.o  Modules/_iomodule.o Modules/iobase.o Modules/fileio.o Modules/bytesio.o Modules/bufferedio.o Modules/textio.o Modules/stringio.o  Modules/faulthandler.o  Modules/_tracemalloc.o  Modules/symtablemodule.o  Modules/xxsubtype.o Python/frozen.o
gcc -pthread    -fprofile-generate -Xlinker -export-dynamic -o python Programs/python.o libpython3.10.a -lcrypt -lpthread -ldl  -lutil -lm   -lm 
./python -E -S -m sysconfig --generate-posix-vars ;\
if test $? -ne 0 ; then \
	echo "generate-posix-vars failed" ; \
	rm -f ./pybuilddir.txt ; \
	exit 1 ; \
fi
gcc -pthread -c -fPIC -Wno-unused-result -Wsign-compare -DNDEBUG -g -fwrapv -O3 -Wall    -std=c99 -Wextra -Wno-unused-result -Wno-unused-parameter -Wno-missing-field-initializers -Werror=implicit-function-declaration -fvisibility=hidden -fprofile-generate -I./Include/internal  -I. -I./Include    -DPy_BUILD_CORE -o Modules/_math.o Modules/_math.c
 CC='gcc -pthread' LDSHARED='gcc -pthread -shared    -fprofile-generate' OPT='-DNDEBUG -g -fwrapv -O3 -Wall' 	_TCLTK_INCLUDES='' _TCLTK_LIBS='' 	./python -E ./setup.py  build
running build
running build_ext
building '_struct' extension
gcc -pthread -fPIC -Wno-unused-result -Wsign-compare -DNDEBUG -g -fwrapv -O3 -Wall -std=c99 -Wextra -Wno-unused-result -Wno-unused-parameter -Wno-missing-field-initializers -Werror=implicit-function-declaration -fvisibility=hidden -fprofile-generate -I./Include/internal -I./Include -I. -I/usr/local/include -I/home/shenjj3/Python-3.10.15/Include -I/home/shenjj3/Python-3.10.15 -c /home/shenjj3/Python-3.10.15/Modules/_struct.c -o build/temp.linux-x86_64-3.10/home/shenjj3/Python-3.10.15/Modules/_struct.o -DPy_BUILD_CORE_MODULE
gcc -pthread -shared -fprofile-generate build/temp.linux-x86_64-3.10/home/shenjj3/Python-3.10.15/Modules/_struct.o -L/usr/local/lib -o build/lib.linux-x86_64-3.10/_struct.cpython-310-x86_64-linux-gnu.so
building 'array' extension
gcc -pthread -fPIC -Wno-unused-result -Wsign-compare -DNDEBUG -g -fwrapv -O3 -Wall -std=c99 -Wextra -Wno-unused-result -Wno-unused-parameter -Wno-missing-field-initializers -Werror=implicit-function-declaration -fvisibility=hidden -fprofile-generate -I./Include/internal -I./Include -I. -I/usr/local/include -I/home/shenjj3/Python-3.10.15/Include -I/home/shenjj3/Python-3.10.15 -c /home/shenjj3/Python-3.10.15/Modules/arraymodule.c -o build/temp.linux-x86_64-3.10/home/shenjj3/Python-3.10.15/Modules/arraymodule.o -DPy_BUILD_CORE_MODULE
gcc -pthread -shared -fprofile-generate build/temp.linux-x86_64-3.10/home/shenjj3/Python-3.10.15/Modules/arraymodule.o -L/usr/local/lib -o build/lib.linux-x86_64-3.10/array.cpython-310-x86_64-linux-gnu.so
building '_contextvars' extension
gcc -pthread -fPIC -Wno-unused-result -Wsign-compare -DNDEBUG -g -fwrapv -O3 -Wall -std=c99 -Wextra -Wno-unused-result -Wno-unused-parameter -Wno-missing-field-initializers -Werror=implicit-function-declaration -fvisibility=hidden -fprofile-generate -I./Include/internal -I./Include -I. -I/usr/local/include -I/home/shenjj3/Python-3.10.15/Include -I/home/shenjj3/Python-3.10.15 -c /home/shenjj3/Python-3.10.15/Modules/_contextvarsmodule.c -o build/temp.linux-x86_64-3.10/home/shenjj3/Python-3.10.15/Modules/_contextvarsmodule.o
gcc -pthread -shared -fprofile-generate build/temp.linux-x86_64-3.10/home/shenjj3/Python-3.10.15/Modules/_contextvarsmodule.o -L/usr/local/lib -o build/lib.linux-x86_64-3.10/_contextvars.cpython-310-x86_64-linux-gnu.so
building 'math' extension
gcc -pthread -fPIC -Wno-unused-result -Wsign-compare -DNDEBUG -g -fwrapv -O3 -Wall -std=c99 -Wextra -Wno-unused-result -Wno-unused-parameter -Wno-missing-field-initializers -Werror=implicit-function-declaration -fvisibility=hidden -fprofile-generate -I./Include/internal -I./Include -I. -I/usr/local/include -I/home/shenjj3/Python-3.10.15/Include -I/home/shenjj3/Python-3.10.15 -c /home/shenjj3/Python-3.10.15/Modules/mathmodule.c -o build/temp.linux-x86_64-3.10/home/shenjj3/Python-3.10.15/Modules/mathmodule.o -DPy_BUILD_CORE_MODULE
gcc -pthread -shared -fprofile-generate build/temp.linux-x86_64-3.10/home/shenjj3/Python-3.10.15/Modules/mathmodule.o Modules/_math.o -L/usr/local/lib -lm -o build/lib.linux-x86_64-3.10/math.cpython-310-x86_64-linux-gnu.so
building 'cmath' extension
gcc -pthread -fPIC -Wno-unused-result -Wsign-compare -DNDEBUG -g -fwrapv -O3 -Wall -std=c99 -Wextra -Wno-unused-result -Wno-unused-parameter -Wno-missing-field-initializers -Werror=implicit-function-declaration -fvisibility=hidden -fprofile-generate -I./Include/internal -I./Include -I. -I/usr/local/include -I/home/shenjj3/Python-3.10.15/Include -I/home/shenjj3/Python-3.10.15 -c /home/shenjj3/Python-3.10.15/Modules/cmathmodule.c -o build/temp.linux-x86_64-3.10/home/shenjj3/Python-3.10.15/Modules/cmathmodule.o -DPy_BUILD_CORE_MODULE
gcc -pthread -shared -fprofile-generate build/temp.linux-x86_64-3.10/home/shenjj3/Python-3.10.15/Modules/cmathmodule.o Modules/_math.o -L/usr/local/lib -lm -o build/lib.linux-x86_64-3.10/cmath.cpython-310-x86_64-linux-gnu.so
building '_datetime' extension
gcc -pthread -fPIC -Wno-unused-result -Wsign-compare -DNDEBUG -g -fwrapv -O3 -Wall -std=c99 -Wextra -Wno-unused-result -Wno-unused-parameter -Wno-missing-field-initializers -Werror=implicit-function-declaration -fvisibility=hidden -fprofile-generate -I./Include/internal -I./Include -I. -I/usr/local/include -I/home/shenjj3/Python-3.10.15/Include -I/home/shenjj3/Python-3.10.15 -c /home/shenjj3/Python-3.10.15/Modules/_datetimemodule.c -o build/temp.linux-x86_64-3.10/home/shenjj3/Python-3.10.15/Modules/_datetimemodule.o -DPy_BUILD_CORE_MODULE
gcc -pthread -shared -fprofile-generate build/temp.linux-x86_64-3.10/home/shenjj3/Python-3.10.15/Modules/_datetimemodule.o -L/usr/local/lib -lm -o build/lib.linux-x86_64-3.10/_datetime.cpython-310-x86_64-linux-gnu.so
building '_zoneinfo' extension
gcc -pthread -fPIC -Wno-unused-result -Wsign-compare -DNDEBUG -g -fwrapv -O3 -Wall -std=c99 -Wextra -Wno-unused-result -Wno-unused-parameter -Wno-missing-field-initializers -Werror=implicit-function-declaration -fvisibility=hidden -fprofile-generate -I./Include/internal -I./Include -I. -I/usr/local/include -I/home/shenjj3/Python-3.10.15/Include -I/home/shenjj3/Python-3.10.15 -c /home/shenjj3/Python-3.10.15/Modules/_zoneinfo.c -o build/temp.linux-x86_64-3.10/home/shenjj3/Python-3.10.15/Modules/_zoneinfo.o -DPy_BUILD_CORE_MODULE
gcc -pthread -shared -fprofile-generate build/temp.linux-x86_64-3.10/home/shenjj3/Python-3.10.15/Modules/_zoneinfo.o -L/usr/local/lib -o build/lib.linux-x86_64-3.10/_zoneinfo.cpython-310-x86_64-linux-gnu.so
building '_random' extension
gcc -pthread -fPIC -Wno-unused-result -Wsign-compare -DNDEBUG -g -fwrapv -O3 -Wall -std=c99 -Wextra -Wno-unused-result -Wno-unused-parameter -Wno-missing-field-initializers -Werror=implicit-function-declaration -fvisibility=hidden -fprofile-generate -I./Include/internal -I./Include -I. -I/usr/local/include -I/home/shenjj3/Python-3.10.15/Include -I/home/shenjj3/Python-3.10.15 -c /home/shenjj3/Python-3.10.15/Modules/_randommodule.c -o build/temp.linux-x86_64-3.10/home/shenjj3/Python-3.10.15/Modules/_randommodule.o -DPy_BUILD_CORE_MODULE
gcc -pthread -shared -fprofile-generate build/temp.linux-x86_64-3.10/home/shenjj3/Python-3.10.15/Modules/_randommodule.o -L/usr/local/lib -o build/lib.linux-x86_64-3.10/_random.cpython-310-x86_64-linux-gnu.so
building '_bisect' extension
gcc -pthread -fPIC -Wno-unused-result -Wsign-compare -DNDEBUG -g -fwrapv -O3 -Wall -std=c99 -Wextra -Wno-unused-result -Wno-unused-parameter -Wno-missing-field-initializers -Werror=implicit-function-declaration -fvisibility=hidden -fprofile-generate -I./Include/internal -I./Include -I. -I/usr/local/include -I/home/shenjj3/Python-3.10.15/Include -I/home/shenjj3/Python-3.10.15 -c /home/shenjj3/Python-3.10.15/Modules/_bisectmodule.c -o build/temp.linux-x86_64-3.10/home/shenjj3/Python-3.10.15/Modules/_bisectmodule.o
gcc -pthread -shared -fprofile-generate build/temp.linux-x86_64-3.10/home/shenjj3/Python-3.10.15/Modules/_bisectmodule.o -L/usr/local/lib -o build/lib.linux-x86_64-3.10/_bisect.cpython-310-x86_64-linux-gnu.so
building '_heapq' extension
gcc -pthread -fPIC -Wno-unused-result -Wsign-compare -DNDEBUG -g -fwrapv -O3 -Wall -std=c99 -Wextra -Wno-unused-result -Wno-unused-parameter -Wno-missing-field-initializers -Werror=implicit-function-declaration -fvisibility=hidden -fprofile-generate -I./Include/internal -I./Include -I. -I/usr/local/include -I/home/shenjj3/Python-3.10.15/Include -I/home/shenjj3/Python-3.10.15 -c /home/shenjj3/Python-3.10.15/Modules/_heapqmodule.c -o build/temp.linux-x86_64-3.10/home/shenjj3/Python-3.10.15/Modules/_heapqmodule.o -DPy_BUILD_CORE_MODULE
gcc -pthread -shared -fprofile-generate build/temp.linux-x86_64-3.10/home/shenjj3/Python-3.10.15/Modules/_heapqmodule.o -L/usr/local/lib -o build/lib.linux-x86_64-3.10/_heapq.cpython-310-x86_64-linux-gnu.so
building '_pickle' extension
gcc -pthread -fPIC -Wno-unused-result -Wsign-compare -DNDEBUG -g -fwrapv -O3 -Wall -std=c99 -Wextra -Wno-unused-result -Wno-unused-parameter -Wno-missing-field-initializers -Werror=implicit-function-declaration -fvisibility=hidden -fprofile-generate -I./Include/internal -I./Include -I. -I/usr/local/include -I/home/shenjj3/Python-3.10.15/Include -I/home/shenjj3/Python-3.10.15 -c /home/shenjj3/Python-3.10.15/Modules/_pickle.c -o build/temp.linux-x86_64-3.10/home/shenjj3/Python-3.10.15/Modules/_pickle.o -DPy_BUILD_CORE_MODULE
gcc -pthread -shared -fprofile-generate build/temp.linux-x86_64-3.10/home/shenjj3/Python-3.10.15/Modules/_pickle.o -L/usr/local/lib -o build/lib.linux-x86_64-3.10/_pickle.cpython-310-x86_64-linux-gnu.so
building '_json' extension
gcc -pthread -fPIC -Wno-unused-result -Wsign-compare -DNDEBUG -g -fwrapv -O3 -Wall -std=c99 -Wextra -Wno-unused-result -Wno-unused-parameter -Wno-missing-field-initializers -Werror=implicit-function-declaration -fvisibility=hidden -fprofile-generate -I./Include/internal -I./Include -I. -I/usr/local/include -I/home/shenjj3/Python-3.10.15/Include -I/home/shenjj3/Python-3.10.15 -c /home/shenjj3/Python-3.10.15/Modules/_json.c -o build/temp.linux-x86_64-3.10/home/shenjj3/Python-3.10.15/Modules/_json.o -DPy_BUILD_CORE_MODULE
gcc -pthread -shared -fprofile-generate build/temp.linux-x86_64-3.10/home/shenjj3/Python-3.10.15/Modules/_json.o -L/usr/local/lib -o build/lib.linux-x86_64-3.10/_json.cpython-310-x86_64-linux-gnu.so
building '_lsprof' extension
gcc -pthread -fPIC -Wno-unused-result -Wsign-compare -DNDEBUG -g -fwrapv -O3 -Wall -std=c99 -Wextra -Wno-unused-result -Wno-unused-parameter -Wno-missing-field-initializers -Werror=implicit-function-declaration -fvisibility=hidden -fprofile-generate -I./Include/internal -I./Include -I. -I/usr/local/include -I/home/shenjj3/Python-3.10.15/Include -I/home/shenjj3/Python-3.10.15 -c /home/shenjj3/Python-3.10.15/Modules/_lsprof.c -o build/temp.linux-x86_64-3.10/home/shenjj3/Python-3.10.15/Modules/_lsprof.o
gcc -pthread -fPIC -Wno-unused-result -Wsign-compare -DNDEBUG -g -fwrapv -O3 -Wall -std=c99 -Wextra -Wno-unused-result -Wno-unused-parameter -Wno-missing-field-initializers -Werror=implicit-function-declaration -fvisibility=hidden -fprofile-generate -I./Include/internal -I./Include -I. -I/usr/local/include -I/home/shenjj3/Python-3.10.15/Include -I/home/shenjj3/Python-3.10.15 -c /home/shenjj3/Python-3.10.15/Modules/rotatingtree.c -o build/temp.linux-x86_64-3.10/home/shenjj3/Python-3.10.15/Modules/rotatingtree.o
gcc -pthread -shared -fprofile-generate build/temp.linux-x86_64-3.10/home/shenjj3/Python-3.10.15/Modules/_lsprof.o build/temp.linux-x86_64-3.10/home/shenjj3/Python-3.10.15/Modules/rotatingtree.o -L/usr/local/lib -o build/lib.linux-x86_64-3.10/_lsprof.cpython-310-x86_64-linux-gnu.so
building 'unicodedata' extension
gcc -pthread -fPIC -Wno-unused-result -Wsign-compare -DNDEBUG -g -fwrapv -O3 -Wall -std=c99 -Wextra -Wno-unused-result -Wno-unused-parameter -Wno-missing-field-initializers -Werror=implicit-function-declaration -fvisibility=hidden -fprofile-generate -I./Include/internal -I./Include -I. -I/usr/local/include -I/home/shenjj3/Python-3.10.15/Include -I/home/shenjj3/Python-3.10.15 -c /home/shenjj3/Python-3.10.15/Modules/unicodedata.c -o build/temp.linux-x86_64-3.10/home/shenjj3/Python-3.10.15/Modules/unicodedata.o -DPy_BUILD_CORE_MODULE
gcc -pthread -shared -fprofile-generate build/temp.linux-x86_64-3.10/home/shenjj3/Python-3.10.15/Modules/unicodedata.o -L/usr/local/lib -o build/lib.linux-x86_64-3.10/unicodedata.cpython-310-x86_64-linux-gnu.so
building '_opcode' extension
gcc -pthread -fPIC -Wno-unused-result -Wsign-compare -DNDEBUG -g -fwrapv -O3 -Wall -std=c99 -Wextra -Wno-unused-result -Wno-unused-parameter -Wno-missing-field-initializers -Werror=implicit-function-declaration -fvisibility=hidden -fprofile-generate -I./Include/internal -I./Include -I. -I/usr/local/include -I/home/shenjj3/Python-3.10.15/Include -I/home/shenjj3/Python-3.10.15 -c /home/shenjj3/Python-3.10.15/Modules/_opcode.c -o build/temp.linux-x86_64-3.10/home/shenjj3/Python-3.10.15/Modules/_opcode.o
gcc -pthread -shared -fprofile-generate build/temp.linux-x86_64-3.10/home/shenjj3/Python-3.10.15/Modules/_opcode.o -L/usr/local/lib -o build/lib.linux-x86_64-3.10/_opcode.cpython-310-x86_64-linux-gnu.so
building '_asyncio' extension
gcc -pthread -fPIC -Wno-unused-result -Wsign-compare -DNDEBUG -g -fwrapv -O3 -Wall -std=c99 -Wextra -Wno-unused-result -Wno-unused-parameter -Wno-missing-field-initializers -Werror=implicit-function-declaration -fvisibility=hidden -fprofile-generate -I./Include/internal -I./Include -I. -I/usr/local/include -I/home/shenjj3/Python-3.10.15/Include -I/home/shenjj3/Python-3.10.15 -c /home/shenjj3/Python-3.10.15/Modules/_asynciomodule.c -o build/temp.linux-x86_64-3.10/home/shenjj3/Python-3.10.15/Modules/_asynciomodule.o -DPy_BUILD_CORE_MODULE
gcc -pthread -shared -fprofile-generate build/temp.linux-x86_64-3.10/home/shenjj3/Python-3.10.15/Modules/_asynciomodule.o -L/usr/local/lib -o build/lib.linux-x86_64-3.10/_asyncio.cpython-310-x86_64-linux-gnu.so
building '_queue' extension
gcc -pthread -fPIC -Wno-unused-result -Wsign-compare -DNDEBUG -g -fwrapv -O3 -Wall -std=c99 -Wextra -Wno-unused-result -Wno-unused-parameter -Wno-missing-field-initializers -Werror=implicit-function-declaration -fvisibility=hidden -fprofile-generate -I./Include/internal -I./Include -I. -I/usr/local/include -I/home/shenjj3/Python-3.10.15/Include -I/home/shenjj3/Python-3.10.15 -c /home/shenjj3/Python-3.10.15/Modules/_queuemodule.c -o build/temp.linux-x86_64-3.10/home/shenjj3/Python-3.10.15/Modules/_queuemodule.o -DPy_BUILD_CORE_MODULE
gcc -pthread -shared -fprofile-generate build/temp.linux-x86_64-3.10/home/shenjj3/Python-3.10.15/Modules/_queuemodule.o -L/usr/local/lib -o build/lib.linux-x86_64-3.10/_queue.cpython-310-x86_64-linux-gnu.so
building '_statistics' extension
gcc -pthread -fPIC -Wno-unused-result -Wsign-compare -DNDEBUG -g -fwrapv -O3 -Wall -std=c99 -Wextra -Wno-unused-result -Wno-unused-parameter -Wno-missing-field-initializers -Werror=implicit-function-declaration -fvisibility=hidden -fprofile-generate -I./Include/internal -I./Include -I. -I/usr/local/include -I/home/shenjj3/Python-3.10.15/Include -I/home/shenjj3/Python-3.10.15 -c /home/shenjj3/Python-3.10.15/Modules/_statisticsmodule.c -o build/temp.linux-x86_64-3.10/home/shenjj3/Python-3.10.15/Modules/_statisticsmodule.o
gcc -pthread -shared -fprofile-generate build/temp.linux-x86_64-3.10/home/shenjj3/Python-3.10.15/Modules/_statisticsmodule.o -L/usr/local/lib -o build/lib.linux-x86_64-3.10/_statistics.cpython-310-x86_64-linux-gnu.so
building 'fcntl' extension
gcc -pthread -fPIC -Wno-unused-result -Wsign-compare -DNDEBUG -g -fwrapv -O3 -Wall -std=c99 -Wextra -Wno-unused-result -Wno-unused-parameter -Wno-missing-field-initializers -Werror=implicit-function-declaration -fvisibility=hidden -fprofile-generate -I./Include/internal -I./Include -I. -I/usr/local/include -I/home/shenjj3/Python-3.10.15/Include -I/home/shenjj3/Python-3.10.15 -c /home/shenjj3/Python-3.10.15/Modules/fcntlmodule.c -o build/temp.linux-x86_64-3.10/home/shenjj3/Python-3.10.15/Modules/fcntlmodule.o
gcc -pthread -shared -fprofile-generate build/temp.linux-x86_64-3.10/home/shenjj3/Python-3.10.15/Modules/fcntlmodule.o -L/usr/local/lib -o build/lib.linux-x86_64-3.10/fcntl.cpython-310-x86_64-linux-gnu.so
building 'grp' extension
gcc -pthread -fPIC -Wno-unused-result -Wsign-compare -DNDEBUG -g -fwrapv -O3 -Wall -std=c99 -Wextra -Wno-unused-result -Wno-unused-parameter -Wno-missing-field-initializers -Werror=implicit-function-declaration -fvisibility=hidden -fprofile-generate -I./Include/internal -I./Include -I. -I/usr/local/include -I/home/shenjj3/Python-3.10.15/Include -I/home/shenjj3/Python-3.10.15 -c /home/shenjj3/Python-3.10.15/Modules/grpmodule.c -o build/temp.linux-x86_64-3.10/home/shenjj3/Python-3.10.15/Modules/grpmodule.o
gcc -pthread -shared -fprofile-generate build/temp.linux-x86_64-3.10/home/shenjj3/Python-3.10.15/Modules/grpmodule.o -L/usr/local/lib -o build/lib.linux-x86_64-3.10/grp.cpython-310-x86_64-linux-gnu.so
building 'spwd' extension
gcc -pthread -fPIC -Wno-unused-result -Wsign-compare -DNDEBUG -g -fwrapv -O3 -Wall -std=c99 -Wextra -Wno-unused-result -Wno-unused-parameter -Wno-missing-field-initializers -Werror=implicit-function-declaration -fvisibility=hidden -fprofile-generate -I./Include/internal -I./Include -I. -I/usr/local/include -I/home/shenjj3/Python-3.10.15/Include -I/home/shenjj3/Python-3.10.15 -c /home/shenjj3/Python-3.10.15/Modules/spwdmodule.c -o build/temp.linux-x86_64-3.10/home/shenjj3/Python-3.10.15/Modules/spwdmodule.o
gcc -pthread -shared -fprofile-generate build/temp.linux-x86_64-3.10/home/shenjj3/Python-3.10.15/Modules/spwdmodule.o -L/usr/local/lib -o build/lib.linux-x86_64-3.10/spwd.cpython-310-x86_64-linux-gnu.so
building 'select' extension
gcc -pthread -fPIC -Wno-unused-result -Wsign-compare -DNDEBUG -g -fwrapv -O3 -Wall -std=c99 -Wextra -Wno-unused-result -Wno-unused-parameter -Wno-missing-field-initializers -Werror=implicit-function-declaration -fvisibility=hidden -fprofile-generate -I./Include/internal -I./Include -I. -I/usr/local/include -I/home/shenjj3/Python-3.10.15/Include -I/home/shenjj3/Python-3.10.15 -c /home/shenjj3/Python-3.10.15/Modules/selectmodule.c -o build/temp.linux-x86_64-3.10/home/shenjj3/Python-3.10.15/Modules/selectmodule.o
gcc -pthread -shared -fprofile-generate build/temp.linux-x86_64-3.10/home/shenjj3/Python-3.10.15/Modules/selectmodule.o -L/usr/local/lib -o build/lib.linux-x86_64-3.10/select.cpython-310-x86_64-linux-gnu.so
building 'mmap' extension
gcc -pthread -fPIC -Wno-unused-result -Wsign-compare -DNDEBUG -g -fwrapv -O3 -Wall -std=c99 -Wextra -Wno-unused-result -Wno-unused-parameter -Wno-missing-field-initializers -Werror=implicit-function-declaration -fvisibility=hidden -fprofile-generate -I./Include/internal -I./Include -I. -I/usr/local/include -I/home/shenjj3/Python-3.10.15/Include -I/home/shenjj3/Python-3.10.15 -c /home/shenjj3/Python-3.10.15/Modules/mmapmodule.c -o build/temp.linux-x86_64-3.10/home/shenjj3/Python-3.10.15/Modules/mmapmodule.o
gcc -pthread -shared -fprofile-generate build/temp.linux-x86_64-3.10/home/shenjj3/Python-3.10.15/Modules/mmapmodule.o -L/usr/local/lib -o build/lib.linux-x86_64-3.10/mmap.cpython-310-x86_64-linux-gnu.so
building 'syslog' extension
gcc -pthread -fPIC -Wno-unused-result -Wsign-compare -DNDEBUG -g -fwrapv -O3 -Wall -std=c99 -Wextra -Wno-unused-result -Wno-unused-parameter -Wno-missing-field-initializers -Werror=implicit-function-declaration -fvisibility=hidden -fprofile-generate -I./Include/internal -I./Include -I. -I/usr/local/include -I/home/shenjj3/Python-3.10.15/Include -I/home/shenjj3/Python-3.10.15 -c /home/shenjj3/Python-3.10.15/Modules/syslogmodule.c -o build/temp.linux-x86_64-3.10/home/shenjj3/Python-3.10.15/Modules/syslogmodule.o
gcc -pthread -shared -fprofile-generate build/temp.linux-x86_64-3.10/home/shenjj3/Python-3.10.15/Modules/syslogmodule.o -L/usr/local/lib -o build/lib.linux-x86_64-3.10/syslog.cpython-310-x86_64-linux-gnu.so
building '_xxsubinterpreters' extension
gcc -pthread -fPIC -Wno-unused-result -Wsign-compare -DNDEBUG -g -fwrapv -O3 -Wall -std=c99 -Wextra -Wno-unused-result -Wno-unused-parameter -Wno-missing-field-initializers -Werror=implicit-function-declaration -fvisibility=hidden -fprofile-generate -I./Include/internal -I./Include -I. -I/usr/local/include -I/home/shenjj3/Python-3.10.15/Include -I/home/shenjj3/Python-3.10.15 -c /home/shenjj3/Python-3.10.15/Modules/_xxsubinterpretersmodule.c -o build/temp.linux-x86_64-3.10/home/shenjj3/Python-3.10.15/Modules/_xxsubinterpretersmodule.o
gcc -pthread -shared -fprofile-generate build/temp.linux-x86_64-3.10/home/shenjj3/Python-3.10.15/Modules/_xxsubinterpretersmodule.o -L/usr/local/lib -o build/lib.linux-x86_64-3.10/_xxsubinterpreters.cpython-310-x86_64-linux-gnu.so
building 'audioop' extension
gcc -pthread -fPIC -Wno-unused-result -Wsign-compare -DNDEBUG -g -fwrapv -O3 -Wall -std=c99 -Wextra -Wno-unused-result -Wno-unused-parameter -Wno-missing-field-initializers -Werror=implicit-function-declaration -fvisibility=hidden -fprofile-generate -I./Include/internal -I./Include -I. -I/usr/local/include -I/home/shenjj3/Python-3.10.15/Include -I/home/shenjj3/Python-3.10.15 -c /home/shenjj3/Python-3.10.15/Modules/audioop.c -o build/temp.linux-x86_64-3.10/home/shenjj3/Python-3.10.15/Modules/audioop.o
gcc -pthread -shared -fprofile-generate build/temp.linux-x86_64-3.10/home/shenjj3/Python-3.10.15/Modules/audioop.o -L/usr/local/lib -lm -o build/lib.linux-x86_64-3.10/audioop.cpython-310-x86_64-linux-gnu.so
building '_csv' extension
gcc -pthread -fPIC -Wno-unused-result -Wsign-compare -DNDEBUG -g -fwrapv -O3 -Wall -std=c99 -Wextra -Wno-unused-result -Wno-unused-parameter -Wno-missing-field-initializers -Werror=implicit-function-declaration -fvisibility=hidden -fprofile-generate -I./Include/internal -I./Include -I. -I/usr/local/include -I/home/shenjj3/Python-3.10.15/Include -I/home/shenjj3/Python-3.10.15 -c /home/shenjj3/Python-3.10.15/Modules/_csv.c -o build/temp.linux-x86_64-3.10/home/shenjj3/Python-3.10.15/Modules/_csv.o
gcc -pthread -shared -fprofile-generate build/temp.linux-x86_64-3.10/home/shenjj3/Python-3.10.15/Modules/_csv.o -L/usr/local/lib -o build/lib.linux-x86_64-3.10/_csv.cpython-310-x86_64-linux-gnu.so
building '_posixsubprocess' extension
gcc -pthread -fPIC -Wno-unused-result -Wsign-compare -DNDEBUG -g -fwrapv -O3 -Wall -std=c99 -Wextra -Wno-unused-result -Wno-unused-parameter -Wno-missing-field-initializers -Werror=implicit-function-declaration -fvisibility=hidden -fprofile-generate -I./Include/internal -I./Include -I. -I/usr/local/include -I/home/shenjj3/Python-3.10.15/Include -I/home/shenjj3/Python-3.10.15 -c /home/shenjj3/Python-3.10.15/Modules/_posixsubprocess.c -o build/temp.linux-x86_64-3.10/home/shenjj3/Python-3.10.15/Modules/_posixsubprocess.o -DPy_BUILD_CORE_MODULE
gcc -pthread -shared -fprofile-generate build/temp.linux-x86_64-3.10/home/shenjj3/Python-3.10.15/Modules/_posixsubprocess.o -L/usr/local/lib -o build/lib.linux-x86_64-3.10/_posixsubprocess.cpython-310-x86_64-linux-gnu.so
building '_testcapi' extension
gcc -pthread -fPIC -Wno-unused-result -Wsign-compare -DNDEBUG -g -fwrapv -O3 -Wall -std=c99 -Wextra -Wno-unused-result -Wno-unused-parameter -Wno-missing-field-initializers -Werror=implicit-function-declaration -fvisibility=hidden -fprofile-generate -I./Include/internal -I./Include -I. -I/usr/local/include -I/home/shenjj3/Python-3.10.15/Include -I/home/shenjj3/Python-3.10.15 -c /home/shenjj3/Python-3.10.15/Modules/_testcapimodule.c -o build/temp.linux-x86_64-3.10/home/shenjj3/Python-3.10.15/Modules/_testcapimodule.o
gcc -pthread -shared -fprofile-generate build/temp.linux-x86_64-3.10/home/shenjj3/Python-3.10.15/Modules/_testcapimodule.o -L/usr/local/lib -o build/lib.linux-x86_64-3.10/_testcapi.cpython-310-x86_64-linux-gnu.so
building '_testclinic' extension
gcc -pthread -fPIC -Wno-unused-result -Wsign-compare -DNDEBUG -g -fwrapv -O3 -Wall -std=c99 -Wextra -Wno-unused-result -Wno-unused-parameter -Wno-missing-field-initializers -Werror=implicit-function-declaration -fvisibility=hidden -fprofile-generate -I./Include/internal -I./Include -I. -I/usr/local/include -I/home/shenjj3/Python-3.10.15/Include -I/home/shenjj3/Python-3.10.15 -c /home/shenjj3/Python-3.10.15/Modules/_testclinic.c -o build/temp.linux-x86_64-3.10/home/shenjj3/Python-3.10.15/Modules/_testclinic.o
gcc -pthread -shared -fprofile-generate build/temp.linux-x86_64-3.10/home/shenjj3/Python-3.10.15/Modules/_testclinic.o -L/usr/local/lib -o build/lib.linux-x86_64-3.10/_testclinic.cpython-310-x86_64-linux-gnu.so
building '_testinternalcapi' extension
gcc -pthread -fPIC -Wno-unused-result -Wsign-compare -DNDEBUG -g -fwrapv -O3 -Wall -std=c99 -Wextra -Wno-unused-result -Wno-unused-parameter -Wno-missing-field-initializers -Werror=implicit-function-declaration -fvisibility=hidden -fprofile-generate -I./Include/internal -I./Include -I. -I/usr/local/include -I/home/shenjj3/Python-3.10.15/Include -I/home/shenjj3/Python-3.10.15 -c /home/shenjj3/Python-3.10.15/Modules/_testinternalcapi.c -o build/temp.linux-x86_64-3.10/home/shenjj3/Python-3.10.15/Modules/_testinternalcapi.o -DPy_BUILD_CORE_MODULE
gcc -pthread -shared -fprofile-generate build/temp.linux-x86_64-3.10/home/shenjj3/Python-3.10.15/Modules/_testinternalcapi.o -L/usr/local/lib -o build/lib.linux-x86_64-3.10/_testinternalcapi.cpython-310-x86_64-linux-gnu.so
building '_testbuffer' extension
gcc -pthread -fPIC -Wno-unused-result -Wsign-compare -DNDEBUG -g -fwrapv -O3 -Wall -std=c99 -Wextra -Wno-unused-result -Wno-unused-parameter -Wno-missing-field-initializers -Werror=implicit-function-declaration -fvisibility=hidden -fprofile-generate -I./Include/internal -I./Include -I. -I/usr/local/include -I/home/shenjj3/Python-3.10.15/Include -I/home/shenjj3/Python-3.10.15 -c /home/shenjj3/Python-3.10.15/Modules/_testbuffer.c -o build/temp.linux-x86_64-3.10/home/shenjj3/Python-3.10.15/Modules/_testbuffer.o
gcc -pthread -shared -fprofile-generate build/temp.linux-x86_64-3.10/home/shenjj3/Python-3.10.15/Modules/_testbuffer.o -L/usr/local/lib -o build/lib.linux-x86_64-3.10/_testbuffer.cpython-310-x86_64-linux-gnu.so
building '_testimportmultiple' extension
gcc -pthread -fPIC -Wno-unused-result -Wsign-compare -DNDEBUG -g -fwrapv -O3 -Wall -std=c99 -Wextra -Wno-unused-result -Wno-unused-parameter -Wno-missing-field-initializers -Werror=implicit-function-declaration -fvisibility=hidden -fprofile-generate -I./Include/internal -I./Include -I. -I/usr/local/include -I/home/shenjj3/Python-3.10.15/Include -I/home/shenjj3/Python-3.10.15 -c /home/shenjj3/Python-3.10.15/Modules/_testimportmultiple.c -o build/temp.linux-x86_64-3.10/home/shenjj3/Python-3.10.15/Modules/_testimportmultiple.o
gcc -pthread -shared -fprofile-generate build/temp.linux-x86_64-3.10/home/shenjj3/Python-3.10.15/Modules/_testimportmultiple.o -L/usr/local/lib -o build/lib.linux-x86_64-3.10/_testimportmultiple.cpython-310-x86_64-linux-gnu.so
building '_testmultiphase' extension
gcc -pthread -fPIC -Wno-unused-result -Wsign-compare -DNDEBUG -g -fwrapv -O3 -Wall -std=c99 -Wextra -Wno-unused-result -Wno-unused-parameter -Wno-missing-field-initializers -Werror=implicit-function-declaration -fvisibility=hidden -fprofile-generate -I./Include/internal -I./Include -I. -I/usr/local/include -I/home/shenjj3/Python-3.10.15/Include -I/home/shenjj3/Python-3.10.15 -c /home/shenjj3/Python-3.10.15/Modules/_testmultiphase.c -o build/temp.linux-x86_64-3.10/home/shenjj3/Python-3.10.15/Modules/_testmultiphase.o
gcc -pthread -shared -fprofile-generate build/temp.linux-x86_64-3.10/home/shenjj3/Python-3.10.15/Modules/_testmultiphase.o -L/usr/local/lib -o build/lib.linux-x86_64-3.10/_testmultiphase.cpython-310-x86_64-linux-gnu.so
building '_xxtestfuzz' extension
gcc -pthread -fPIC -Wno-unused-result -Wsign-compare -DNDEBUG -g -fwrapv -O3 -Wall -std=c99 -Wextra -Wno-unused-result -Wno-unused-parameter -Wno-missing-field-initializers -Werror=implicit-function-declaration -fvisibility=hidden -fprofile-generate -I./Include/internal -I./Include -I. -I/usr/local/include -I/home/shenjj3/Python-3.10.15/Include -I/home/shenjj3/Python-3.10.15 -c /home/shenjj3/Python-3.10.15/Modules/_xxtestfuzz/_xxtestfuzz.c -o build/temp.linux-x86_64-3.10/home/shenjj3/Python-3.10.15/Modules/_xxtestfuzz/_xxtestfuzz.o
gcc -pthread -fPIC -Wno-unused-result -Wsign-compare -DNDEBUG -g -fwrapv -O3 -Wall -std=c99 -Wextra -Wno-unused-result -Wno-unused-parameter -Wno-missing-field-initializers -Werror=implicit-function-declaration -fvisibility=hidden -fprofile-generate -I./Include/internal -I./Include -I. -I/usr/local/include -I/home/shenjj3/Python-3.10.15/Include -I/home/shenjj3/Python-3.10.15 -c /home/shenjj3/Python-3.10.15/Modules/_xxtestfuzz/fuzzer.c -o build/temp.linux-x86_64-3.10/home/shenjj3/Python-3.10.15/Modules/_xxtestfuzz/fuzzer.o
gcc -pthread -shared -fprofile-generate build/temp.linux-x86_64-3.10/home/shenjj3/Python-3.10.15/Modules/_xxtestfuzz/_xxtestfuzz.o build/temp.linux-x86_64-3.10/home/shenjj3/Python-3.10.15/Modules/_xxtestfuzz/fuzzer.o -L/usr/local/lib -o build/lib.linux-x86_64-3.10/_xxtestfuzz.cpython-310-x86_64-linux-gnu.so
building 'readline' extension
gcc -pthread -fPIC -Wno-unused-result -Wsign-compare -DNDEBUG -g -fwrapv -O3 -Wall -std=c99 -Wextra -Wno-unused-result -Wno-unused-parameter -Wno-missing-field-initializers -Werror=implicit-function-declaration -fvisibility=hidden -fprofile-generate -I./Include/internal -I./Include -I. -I/usr/local/include -I/home/shenjj3/Python-3.10.15/Include -I/home/shenjj3/Python-3.10.15 -c /home/shenjj3/Python-3.10.15/Modules/readline.c -o build/temp.linux-x86_64-3.10/home/shenjj3/Python-3.10.15/Modules/readline.o
gcc -pthread -shared -fprofile-generate build/temp.linux-x86_64-3.10/home/shenjj3/Python-3.10.15/Modules/readline.o -L/usr/lib/termcap -L/usr/local/lib -lreadline -o build/lib.linux-x86_64-3.10/readline.cpython-310-x86_64-linux-gnu.so
building '_curses' extension
gcc -pthread -fPIC -Wno-unused-result -Wsign-compare -DNDEBUG -g -fwrapv -O3 -Wall -std=c99 -Wextra -Wno-unused-result -Wno-unused-parameter -Wno-missing-field-initializers -Werror=implicit-function-declaration -fvisibility=hidden -fprofile-generate -I./Include/internal -DHAVE_NCURSESW=1 -I/usr/include/ncursesw -I./Include -I. -I/usr/local/include -I/home/shenjj3/Python-3.10.15/Include -I/home/shenjj3/Python-3.10.15 -c /home/shenjj3/Python-3.10.15/Modules/_cursesmodule.c -o build/temp.linux-x86_64-3.10/home/shenjj3/Python-3.10.15/Modules/_cursesmodule.o -DPy_BUILD_CORE_MODULE
gcc -pthread -shared -fprofile-generate build/temp.linux-x86_64-3.10/home/shenjj3/Python-3.10.15/Modules/_cursesmodule.o -L/usr/local/lib -lncursesw -o build/lib.linux-x86_64-3.10/_curses.cpython-310-x86_64-linux-gnu.so
building '_curses_panel' extension
gcc -pthread -fPIC -Wno-unused-result -Wsign-compare -DNDEBUG -g -fwrapv -O3 -Wall -std=c99 -Wextra -Wno-unused-result -Wno-unused-parameter -Wno-missing-field-initializers -Werror=implicit-function-declaration -fvisibility=hidden -fprofile-generate -I./Include/internal -DHAVE_NCURSESW=1 -I/usr/include/ncursesw -I./Include -I. -I/usr/local/include -I/home/shenjj3/Python-3.10.15/Include -I/home/shenjj3/Python-3.10.15 -c /home/shenjj3/Python-3.10.15/Modules/_curses_panel.c -o build/temp.linux-x86_64-3.10/home/shenjj3/Python-3.10.15/Modules/_curses_panel.o
gcc -pthread -shared -fprofile-generate build/temp.linux-x86_64-3.10/home/shenjj3/Python-3.10.15/Modules/_curses_panel.o -L/usr/local/lib -lpanelw -lncursesw -o build/lib.linux-x86_64-3.10/_curses_panel.cpython-310-x86_64-linux-gnu.so
building '_crypt' extension
gcc -pthread -fPIC -Wno-unused-result -Wsign-compare -DNDEBUG -g -fwrapv -O3 -Wall -std=c99 -Wextra -Wno-unused-result -Wno-unused-parameter -Wno-missing-field-initializers -Werror=implicit-function-declaration -fvisibility=hidden -fprofile-generate -I./Include/internal -I./Include -I. -I/usr/local/include -I/home/shenjj3/Python-3.10.15/Include -I/home/shenjj3/Python-3.10.15 -c /home/shenjj3/Python-3.10.15/Modules/_cryptmodule.c -o build/temp.linux-x86_64-3.10/home/shenjj3/Python-3.10.15/Modules/_cryptmodule.o
gcc -pthread -shared -fprofile-generate build/temp.linux-x86_64-3.10/home/shenjj3/Python-3.10.15/Modules/_cryptmodule.o -L/usr/local/lib -lcrypt -o build/lib.linux-x86_64-3.10/_crypt.cpython-310-x86_64-linux-gnu.so
building '_socket' extension
gcc -pthread -fPIC -Wno-unused-result -Wsign-compare -DNDEBUG -g -fwrapv -O3 -Wall -std=c99 -Wextra -Wno-unused-result -Wno-unused-parameter -Wno-missing-field-initializers -Werror=implicit-function-declaration -fvisibility=hidden -fprofile-generate -I./Include/internal -I./Include -I. -I/usr/local/include -I/home/shenjj3/Python-3.10.15/Include -I/home/shenjj3/Python-3.10.15 -c /home/shenjj3/Python-3.10.15/Modules/socketmodule.c -o build/temp.linux-x86_64-3.10/home/shenjj3/Python-3.10.15/Modules/socketmodule.o
gcc -pthread -shared -fprofile-generate build/temp.linux-x86_64-3.10/home/shenjj3/Python-3.10.15/Modules/socketmodule.o -L/usr/local/lib -o build/lib.linux-x86_64-3.10/_socket.cpython-310-x86_64-linux-gnu.so
building '_ssl' extension
gcc -pthread -fPIC -Wno-unused-result -Wsign-compare -DNDEBUG -g -fwrapv -O3 -Wall -std=c99 -Wextra -Wno-unused-result -Wno-unused-parameter -Wno-missing-field-initializers -Werror=implicit-function-declaration -fvisibility=hidden -fprofile-generate -I./Include/internal -I./Include -I. -I/usr/local/include -I/home/shenjj3/Python-3.10.15/Include -I/home/shenjj3/Python-3.10.15 -c /home/shenjj3/Python-3.10.15/Modules/_ssl.c -o build/temp.linux-x86_64-3.10/home/shenjj3/Python-3.10.15/Modules/_ssl.o
gcc -pthread -shared -fprofile-generate build/temp.linux-x86_64-3.10/home/shenjj3/Python-3.10.15/Modules/_ssl.o -L/usr/local/lib -lssl -lcrypto -o build/lib.linux-x86_64-3.10/_ssl.cpython-310-x86_64-linux-gnu.so
building '_hashlib' extension
gcc -pthread -fPIC -Wno-unused-result -Wsign-compare -DNDEBUG -g -fwrapv -O3 -Wall -std=c99 -Wextra -Wno-unused-result -Wno-unused-parameter -Wno-missing-field-initializers -Werror=implicit-function-declaration -fvisibility=hidden -fprofile-generate -I./Include/internal -I./Include -I. -I/usr/local/include -I/home/shenjj3/Python-3.10.15/Include -I/home/shenjj3/Python-3.10.15 -c /home/shenjj3/Python-3.10.15/Modules/_hashopenssl.c -o build/temp.linux-x86_64-3.10/home/shenjj3/Python-3.10.15/Modules/_hashopenssl.o
gcc -pthread -shared -fprofile-generate build/temp.linux-x86_64-3.10/home/shenjj3/Python-3.10.15/Modules/_hashopenssl.o -L/usr/local/lib -lssl -lcrypto -o build/lib.linux-x86_64-3.10/_hashlib.cpython-310-x86_64-linux-gnu.so
building '_sha256' extension
gcc -pthread -fPIC -Wno-unused-result -Wsign-compare -DNDEBUG -g -fwrapv -O3 -Wall -std=c99 -Wextra -Wno-unused-result -Wno-unused-parameter -Wno-missing-field-initializers -Werror=implicit-function-declaration -fvisibility=hidden -fprofile-generate -I./Include/internal -I./Include -I. -I/usr/local/include -I/home/shenjj3/Python-3.10.15/Include -I/home/shenjj3/Python-3.10.15 -c /home/shenjj3/Python-3.10.15/Modules/sha256module.c -o build/temp.linux-x86_64-3.10/home/shenjj3/Python-3.10.15/Modules/sha256module.o -DPy_BUILD_CORE_MODULE
gcc -pthread -shared -fprofile-generate build/temp.linux-x86_64-3.10/home/shenjj3/Python-3.10.15/Modules/sha256module.o -L/usr/local/lib -o build/lib.linux-x86_64-3.10/_sha256.cpython-310-x86_64-linux-gnu.so
building '_sha512' extension
gcc -pthread -fPIC -Wno-unused-result -Wsign-compare -DNDEBUG -g -fwrapv -O3 -Wall -std=c99 -Wextra -Wno-unused-result -Wno-unused-parameter -Wno-missing-field-initializers -Werror=implicit-function-declaration -fvisibility=hidden -fprofile-generate -I./Include/internal -I./Include -I. -I/usr/local/include -I/home/shenjj3/Python-3.10.15/Include -I/home/shenjj3/Python-3.10.15 -c /home/shenjj3/Python-3.10.15/Modules/sha512module.c -o build/temp.linux-x86_64-3.10/home/shenjj3/Python-3.10.15/Modules/sha512module.o -DPy_BUILD_CORE_MODULE
gcc -pthread -shared -fprofile-generate build/temp.linux-x86_64-3.10/home/shenjj3/Python-3.10.15/Modules/sha512module.o -L/usr/local/lib -o build/lib.linux-x86_64-3.10/_sha512.cpython-310-x86_64-linux-gnu.so
building '_md5' extension
gcc -pthread -fPIC -Wno-unused-result -Wsign-compare -DNDEBUG -g -fwrapv -O3 -Wall -std=c99 -Wextra -Wno-unused-result -Wno-unused-parameter -Wno-missing-field-initializers -Werror=implicit-function-declaration -fvisibility=hidden -fprofile-generate -I./Include/internal -I./Include -I. -I/usr/local/include -I/home/shenjj3/Python-3.10.15/Include -I/home/shenjj3/Python-3.10.15 -c /home/shenjj3/Python-3.10.15/Modules/md5module.c -o build/temp.linux-x86_64-3.10/home/shenjj3/Python-3.10.15/Modules/md5module.o
gcc -pthread -shared -fprofile-generate build/temp.linux-x86_64-3.10/home/shenjj3/Python-3.10.15/Modules/md5module.o -L/usr/local/lib -o build/lib.linux-x86_64-3.10/_md5.cpython-310-x86_64-linux-gnu.so
building '_sha1' extension
gcc -pthread -fPIC -Wno-unused-result -Wsign-compare -DNDEBUG -g -fwrapv -O3 -Wall -std=c99 -Wextra -Wno-unused-result -Wno-unused-parameter -Wno-missing-field-initializers -Werror=implicit-function-declaration -fvisibility=hidden -fprofile-generate -I./Include/internal -I./Include -I. -I/usr/local/include -I/home/shenjj3/Python-3.10.15/Include -I/home/shenjj3/Python-3.10.15 -c /home/shenjj3/Python-3.10.15/Modules/sha1module.c -o build/temp.linux-x86_64-3.10/home/shenjj3/Python-3.10.15/Modules/sha1module.o
gcc -pthread -shared -fprofile-generate build/temp.linux-x86_64-3.10/home/shenjj3/Python-3.10.15/Modules/sha1module.o -L/usr/local/lib -o build/lib.linux-x86_64-3.10/_sha1.cpython-310-x86_64-linux-gnu.so
building '_blake2' extension
gcc -pthread -fPIC -Wno-unused-result -Wsign-compare -DNDEBUG -g -fwrapv -O3 -Wall -std=c99 -Wextra -Wno-unused-result -Wno-unused-parameter -Wno-missing-field-initializers -Werror=implicit-function-declaration -fvisibility=hidden -fprofile-generate -I./Include/internal -I./Include -I. -I/usr/local/include -I/home/shenjj3/Python-3.10.15/Include -I/home/shenjj3/Python-3.10.15 -c /home/shenjj3/Python-3.10.15/Modules/_blake2/blake2b_impl.c -o build/temp.linux-x86_64-3.10/home/shenjj3/Python-3.10.15/Modules/_blake2/blake2b_impl.o
gcc -pthread -fPIC -Wno-unused-result -Wsign-compare -DNDEBUG -g -fwrapv -O3 -Wall -std=c99 -Wextra -Wno-unused-result -Wno-unused-parameter -Wno-missing-field-initializers -Werror=implicit-function-declaration -fvisibility=hidden -fprofile-generate -I./Include/internal -I./Include -I. -I/usr/local/include -I/home/shenjj3/Python-3.10.15/Include -I/home/shenjj3/Python-3.10.15 -c /home/shenjj3/Python-3.10.15/Modules/_blake2/blake2module.c -o build/temp.linux-x86_64-3.10/home/shenjj3/Python-3.10.15/Modules/_blake2/blake2module.o
gcc -pthread -fPIC -Wno-unused-result -Wsign-compare -DNDEBUG -g -fwrapv -O3 -Wall -std=c99 -Wextra -Wno-unused-result -Wno-unused-parameter -Wno-missing-field-initializers -Werror=implicit-function-declaration -fvisibility=hidden -fprofile-generate -I./Include/internal -I./Include -I. -I/usr/local/include -I/home/shenjj3/Python-3.10.15/Include -I/home/shenjj3/Python-3.10.15 -c /home/shenjj3/Python-3.10.15/Modules/_blake2/blake2s_impl.c -o build/temp.linux-x86_64-3.10/home/shenjj3/Python-3.10.15/Modules/_blake2/blake2s_impl.o
gcc -pthread -shared -fprofile-generate build/temp.linux-x86_64-3.10/home/shenjj3/Python-3.10.15/Modules/_blake2/blake2b_impl.o build/temp.linux-x86_64-3.10/home/shenjj3/Python-3.10.15/Modules/_blake2/blake2module.o build/temp.linux-x86_64-3.10/home/shenjj3/Python-3.10.15/Modules/_blake2/blake2s_impl.o -L/usr/local/lib -o build/lib.linux-x86_64-3.10/_blake2.cpython-310-x86_64-linux-gnu.so
building '_sha3' extension
gcc -pthread -fPIC -Wno-unused-result -Wsign-compare -DNDEBUG -g -fwrapv -O3 -Wall -std=c99 -Wextra -Wno-unused-result -Wno-unused-parameter -Wno-missing-field-initializers -Werror=implicit-function-declaration -fvisibility=hidden -fprofile-generate -I./Include/internal -I./Include -I. -I/usr/local/include -I/home/shenjj3/Python-3.10.15/Include -I/home/shenjj3/Python-3.10.15 -c /home/shenjj3/Python-3.10.15/Modules/_sha3/sha3module.c -o build/temp.linux-x86_64-3.10/home/shenjj3/Python-3.10.15/Modules/_sha3/sha3module.o
gcc -pthread -shared -fprofile-generate build/temp.linux-x86_64-3.10/home/shenjj3/Python-3.10.15/Modules/_sha3/sha3module.o -L/usr/local/lib -o build/lib.linux-x86_64-3.10/_sha3.cpython-310-x86_64-linux-gnu.so
building '_dbm' extension
gcc -pthread -fPIC -Wno-unused-result -Wsign-compare -DNDEBUG -g -fwrapv -O3 -Wall -std=c99 -Wextra -Wno-unused-result -Wno-unused-parameter -Wno-missing-field-initializers -Werror=implicit-function-declaration -fvisibility=hidden -fprofile-generate -I./Include/internal -DHAVE_NDBM_H -I./Include -I. -I/usr/local/include -I/home/shenjj3/Python-3.10.15/Include -I/home/shenjj3/Python-3.10.15 -c /home/shenjj3/Python-3.10.15/Modules/_dbmmodule.c -o build/temp.linux-x86_64-3.10/home/shenjj3/Python-3.10.15/Modules/_dbmmodule.o
gcc -pthread -shared -fprofile-generate build/temp.linux-x86_64-3.10/home/shenjj3/Python-3.10.15/Modules/_dbmmodule.o -L/usr/local/lib -lgdbm_compat -o build/lib.linux-x86_64-3.10/_dbm.cpython-310-x86_64-linux-gnu.so
building '_gdbm' extension
gcc -pthread -fPIC -Wno-unused-result -Wsign-compare -DNDEBUG -g -fwrapv -O3 -Wall -std=c99 -Wextra -Wno-unused-result -Wno-unused-parameter -Wno-missing-field-initializers -Werror=implicit-function-declaration -fvisibility=hidden -fprofile-generate -I./Include/internal -I./Include -I. -I/usr/local/include -I/home/shenjj3/Python-3.10.15/Include -I/home/shenjj3/Python-3.10.15 -c /home/shenjj3/Python-3.10.15/Modules/_gdbmmodule.c -o build/temp.linux-x86_64-3.10/home/shenjj3/Python-3.10.15/Modules/_gdbmmodule.o
gcc -pthread -shared -fprofile-generate build/temp.linux-x86_64-3.10/home/shenjj3/Python-3.10.15/Modules/_gdbmmodule.o -L/usr/local/lib -lgdbm -o build/lib.linux-x86_64-3.10/_gdbm.cpython-310-x86_64-linux-gnu.so
building '_sqlite3' extension
gcc -pthread -fPIC -Wno-unused-result -Wsign-compare -DNDEBUG -g -fwrapv -O3 -Wall -std=c99 -Wextra -Wno-unused-result -Wno-unused-parameter -Wno-missing-field-initializers -Werror=implicit-function-declaration -fvisibility=hidden -fprofile-generate -I./Include/internal -DSQLITE_OMIT_LOAD_EXTENSION=1 -IModules/_sqlite -I/usr/include -I./Include -I. -I/usr/local/include -I/home/shenjj3/Python-3.10.15/Include -I/home/shenjj3/Python-3.10.15 -c /home/shenjj3/Python-3.10.15/Modules/_sqlite/cache.c -o build/temp.linux-x86_64-3.10/home/shenjj3/Python-3.10.15/Modules/_sqlite/cache.o
gcc -pthread -fPIC -Wno-unused-result -Wsign-compare -DNDEBUG -g -fwrapv -O3 -Wall -std=c99 -Wextra -Wno-unused-result -Wno-unused-parameter -Wno-missing-field-initializers -Werror=implicit-function-declaration -fvisibility=hidden -fprofile-generate -I./Include/internal -DSQLITE_OMIT_LOAD_EXTENSION=1 -IModules/_sqlite -I/usr/include -I./Include -I. -I/usr/local/include -I/home/shenjj3/Python-3.10.15/Include -I/home/shenjj3/Python-3.10.15 -c /home/shenjj3/Python-3.10.15/Modules/_sqlite/connection.c -o build/temp.linux-x86_64-3.10/home/shenjj3/Python-3.10.15/Modules/_sqlite/connection.o
gcc -pthread -fPIC -Wno-unused-result -Wsign-compare -DNDEBUG -g -fwrapv -O3 -Wall -std=c99 -Wextra -Wno-unused-result -Wno-unused-parameter -Wno-missing-field-initializers -Werror=implicit-function-declaration -fvisibility=hidden -fprofile-generate -I./Include/internal -DSQLITE_OMIT_LOAD_EXTENSION=1 -IModules/_sqlite -I/usr/include -I./Include -I. -I/usr/local/include -I/home/shenjj3/Python-3.10.15/Include -I/home/shenjj3/Python-3.10.15 -c /home/shenjj3/Python-3.10.15/Modules/_sqlite/cursor.c -o build/temp.linux-x86_64-3.10/home/shenjj3/Python-3.10.15/Modules/_sqlite/cursor.o
gcc -pthread -fPIC -Wno-unused-result -Wsign-compare -DNDEBUG -g -fwrapv -O3 -Wall -std=c99 -Wextra -Wno-unused-result -Wno-unused-parameter -Wno-missing-field-initializers -Werror=implicit-function-declaration -fvisibility=hidden -fprofile-generate -I./Include/internal -DSQLITE_OMIT_LOAD_EXTENSION=1 -IModules/_sqlite -I/usr/include -I./Include -I. -I/usr/local/include -I/home/shenjj3/Python-3.10.15/Include -I/home/shenjj3/Python-3.10.15 -c /home/shenjj3/Python-3.10.15/Modules/_sqlite/microprotocols.c -o build/temp.linux-x86_64-3.10/home/shenjj3/Python-3.10.15/Modules/_sqlite/microprotocols.o
gcc -pthread -fPIC -Wno-unused-result -Wsign-compare -DNDEBUG -g -fwrapv -O3 -Wall -std=c99 -Wextra -Wno-unused-result -Wno-unused-parameter -Wno-missing-field-initializers -Werror=implicit-function-declaration -fvisibility=hidden -fprofile-generate -I./Include/internal -DSQLITE_OMIT_LOAD_EXTENSION=1 -IModules/_sqlite -I/usr/include -I./Include -I. -I/usr/local/include -I/home/shenjj3/Python-3.10.15/Include -I/home/shenjj3/Python-3.10.15 -c /home/shenjj3/Python-3.10.15/Modules/_sqlite/module.c -o build/temp.linux-x86_64-3.10/home/shenjj3/Python-3.10.15/Modules/_sqlite/module.o
gcc -pthread -fPIC -Wno-unused-result -Wsign-compare -DNDEBUG -g -fwrapv -O3 -Wall -std=c99 -Wextra -Wno-unused-result -Wno-unused-parameter -Wno-missing-field-initializers -Werror=implicit-function-declaration -fvisibility=hidden -fprofile-generate -I./Include/internal -DSQLITE_OMIT_LOAD_EXTENSION=1 -IModules/_sqlite -I/usr/include -I./Include -I. -I/usr/local/include -I/home/shenjj3/Python-3.10.15/Include -I/home/shenjj3/Python-3.10.15 -c /home/shenjj3/Python-3.10.15/Modules/_sqlite/prepare_protocol.c -o build/temp.linux-x86_64-3.10/home/shenjj3/Python-3.10.15/Modules/_sqlite/prepare_protocol.o
gcc -pthread -fPIC -Wno-unused-result -Wsign-compare -DNDEBUG -g -fwrapv -O3 -Wall -std=c99 -Wextra -Wno-unused-result -Wno-unused-parameter -Wno-missing-field-initializers -Werror=implicit-function-declaration -fvisibility=hidden -fprofile-generate -I./Include/internal -DSQLITE_OMIT_LOAD_EXTENSION=1 -IModules/_sqlite -I/usr/include -I./Include -I. -I/usr/local/include -I/home/shenjj3/Python-3.10.15/Include -I/home/shenjj3/Python-3.10.15 -c /home/shenjj3/Python-3.10.15/Modules/_sqlite/row.c -o build/temp.linux-x86_64-3.10/home/shenjj3/Python-3.10.15/Modules/_sqlite/row.o
gcc -pthread -fPIC -Wno-unused-result -Wsign-compare -DNDEBUG -g -fwrapv -O3 -Wall -std=c99 -Wextra -Wno-unused-result -Wno-unused-parameter -Wno-missing-field-initializers -Werror=implicit-function-declaration -fvisibility=hidden -fprofile-generate -I./Include/internal -DSQLITE_OMIT_LOAD_EXTENSION=1 -IModules/_sqlite -I/usr/include -I./Include -I. -I/usr/local/include -I/home/shenjj3/Python-3.10.15/Include -I/home/shenjj3/Python-3.10.15 -c /home/shenjj3/Python-3.10.15/Modules/_sqlite/statement.c -o build/temp.linux-x86_64-3.10/home/shenjj3/Python-3.10.15/Modules/_sqlite/statement.o
gcc -pthread -fPIC -Wno-unused-result -Wsign-compare -DNDEBUG -g -fwrapv -O3 -Wall -std=c99 -Wextra -Wno-unused-result -Wno-unused-parameter -Wno-missing-field-initializers -Werror=implicit-function-declaration -fvisibility=hidden -fprofile-generate -I./Include/internal -DSQLITE_OMIT_LOAD_EXTENSION=1 -IModules/_sqlite -I/usr/include -I./Include -I. -I/usr/local/include -I/home/shenjj3/Python-3.10.15/Include -I/home/shenjj3/Python-3.10.15 -c /home/shenjj3/Python-3.10.15/Modules/_sqlite/util.c -o build/temp.linux-x86_64-3.10/home/shenjj3/Python-3.10.15/Modules/_sqlite/util.o
gcc -pthread -shared -fprofile-generate build/temp.linux-x86_64-3.10/home/shenjj3/Python-3.10.15/Modules/_sqlite/cache.o build/temp.linux-x86_64-3.10/home/shenjj3/Python-3.10.15/Modules/_sqlite/connection.o build/temp.linux-x86_64-3.10/home/shenjj3/Python-3.10.15/Modules/_sqlite/cursor.o build/temp.linux-x86_64-3.10/home/shenjj3/Python-3.10.15/Modules/_sqlite/microprotocols.o build/temp.linux-x86_64-3.10/home/shenjj3/Python-3.10.15/Modules/_sqlite/module.o build/temp.linux-x86_64-3.10/home/shenjj3/Python-3.10.15/Modules/_sqlite/prepare_protocol.o build/temp.linux-x86_64-3.10/home/shenjj3/Python-3.10.15/Modules/_sqlite/row.o build/temp.linux-x86_64-3.10/home/shenjj3/Python-3.10.15/Modules/_sqlite/statement.o build/temp.linux-x86_64-3.10/home/shenjj3/Python-3.10.15/Modules/_sqlite/util.o -L/usr/local/lib -lsqlite3 -o build/lib.linux-x86_64-3.10/_sqlite3.cpython-310-x86_64-linux-gnu.so
building 'termios' extension
gcc -pthread -fPIC -Wno-unused-result -Wsign-compare -DNDEBUG -g -fwrapv -O3 -Wall -std=c99 -Wextra -Wno-unused-result -Wno-unused-parameter -Wno-missing-field-initializers -Werror=implicit-function-declaration -fvisibility=hidden -fprofile-generate -I./Include/internal -I./Include -I. -I/usr/local/include -I/home/shenjj3/Python-3.10.15/Include -I/home/shenjj3/Python-3.10.15 -c /home/shenjj3/Python-3.10.15/Modules/termios.c -o build/temp.linux-x86_64-3.10/home/shenjj3/Python-3.10.15/Modules/termios.o
gcc -pthread -shared -fprofile-generate build/temp.linux-x86_64-3.10/home/shenjj3/Python-3.10.15/Modules/termios.o -L/usr/local/lib -o build/lib.linux-x86_64-3.10/termios.cpython-310-x86_64-linux-gnu.so
building 'resource' extension
gcc -pthread -fPIC -Wno-unused-result -Wsign-compare -DNDEBUG -g -fwrapv -O3 -Wall -std=c99 -Wextra -Wno-unused-result -Wno-unused-parameter -Wno-missing-field-initializers -Werror=implicit-function-declaration -fvisibility=hidden -fprofile-generate -I./Include/internal -I./Include -I. -I/usr/local/include -I/home/shenjj3/Python-3.10.15/Include -I/home/shenjj3/Python-3.10.15 -c /home/shenjj3/Python-3.10.15/Modules/resource.c -o build/temp.linux-x86_64-3.10/home/shenjj3/Python-3.10.15/Modules/resource.o
gcc -pthread -shared -fprofile-generate build/temp.linux-x86_64-3.10/home/shenjj3/Python-3.10.15/Modules/resource.o -L/usr/local/lib -o build/lib.linux-x86_64-3.10/resource.cpython-310-x86_64-linux-gnu.so
building 'ossaudiodev' extension
gcc -pthread -fPIC -Wno-unused-result -Wsign-compare -DNDEBUG -g -fwrapv -O3 -Wall -std=c99 -Wextra -Wno-unused-result -Wno-unused-parameter -Wno-missing-field-initializers -Werror=implicit-function-declaration -fvisibility=hidden -fprofile-generate -I./Include/internal -I./Include -I. -I/usr/local/include -I/home/shenjj3/Python-3.10.15/Include -I/home/shenjj3/Python-3.10.15 -c /home/shenjj3/Python-3.10.15/Modules/ossaudiodev.c -o build/temp.linux-x86_64-3.10/home/shenjj3/Python-3.10.15/Modules/ossaudiodev.o
gcc -pthread -shared -fprofile-generate build/temp.linux-x86_64-3.10/home/shenjj3/Python-3.10.15/Modules/ossaudiodev.o -L/usr/local/lib -o build/lib.linux-x86_64-3.10/ossaudiodev.cpython-310-x86_64-linux-gnu.so
building 'nis' extension
gcc -pthread -fPIC -Wno-unused-result -Wsign-compare -DNDEBUG -g -fwrapv -O3 -Wall -std=c99 -Wextra -Wno-unused-result -Wno-unused-parameter -Wno-missing-field-initializers -Werror=implicit-function-declaration -fvisibility=hidden -fprofile-generate -I./Include/internal -I./Include -I. -I/usr/local/include -I/home/shenjj3/Python-3.10.15/Include -I/home/shenjj3/Python-3.10.15 -c /home/shenjj3/Python-3.10.15/Modules/nismodule.c -o build/temp.linux-x86_64-3.10/home/shenjj3/Python-3.10.15/Modules/nismodule.o
gcc -pthread -shared -fprofile-generate build/temp.linux-x86_64-3.10/home/shenjj3/Python-3.10.15/Modules/nismodule.o -L/usr/local/lib -lnsl -o build/lib.linux-x86_64-3.10/nis.cpython-310-x86_64-linux-gnu.so
building 'zlib' extension
gcc -pthread -fPIC -Wno-unused-result -Wsign-compare -DNDEBUG -g -fwrapv -O3 -Wall -std=c99 -Wextra -Wno-unused-result -Wno-unused-parameter -Wno-missing-field-initializers -Werror=implicit-function-declaration -fvisibility=hidden -fprofile-generate -I./Include/internal -I./Include -I. -I/usr/local/include -I/home/shenjj3/Python-3.10.15/Include -I/home/shenjj3/Python-3.10.15 -c /home/shenjj3/Python-3.10.15/Modules/zlibmodule.c -o build/temp.linux-x86_64-3.10/home/shenjj3/Python-3.10.15/Modules/zlibmodule.o
gcc -pthread -shared -fprofile-generate build/temp.linux-x86_64-3.10/home/shenjj3/Python-3.10.15/Modules/zlibmodule.o -L/usr/local/lib -lz -o build/lib.linux-x86_64-3.10/zlib.cpython-310-x86_64-linux-gnu.so
building 'binascii' extension
gcc -pthread -fPIC -Wno-unused-result -Wsign-compare -DNDEBUG -g -fwrapv -O3 -Wall -std=c99 -Wextra -Wno-unused-result -Wno-unused-parameter -Wno-missing-field-initializers -Werror=implicit-function-declaration -fvisibility=hidden -fprofile-generate -I./Include/internal -I./Include -I. -I/usr/local/include -I/home/shenjj3/Python-3.10.15/Include -I/home/shenjj3/Python-3.10.15 -c /home/shenjj3/Python-3.10.15/Modules/binascii.c -o build/temp.linux-x86_64-3.10/home/shenjj3/Python-3.10.15/Modules/binascii.o -DUSE_ZLIB_CRC32
gcc -pthread -shared -fprofile-generate build/temp.linux-x86_64-3.10/home/shenjj3/Python-3.10.15/Modules/binascii.o -L/usr/local/lib -lz -o build/lib.linux-x86_64-3.10/binascii.cpython-310-x86_64-linux-gnu.so
building '_bz2' extension
gcc -pthread -fPIC -Wno-unused-result -Wsign-compare -DNDEBUG -g -fwrapv -O3 -Wall -std=c99 -Wextra -Wno-unused-result -Wno-unused-parameter -Wno-missing-field-initializers -Werror=implicit-function-declaration -fvisibility=hidden -fprofile-generate -I./Include/internal -I./Include -I. -I/usr/local/include -I/home/shenjj3/Python-3.10.15/Include -I/home/shenjj3/Python-3.10.15 -c /home/shenjj3/Python-3.10.15/Modules/_bz2module.c -o build/temp.linux-x86_64-3.10/home/shenjj3/Python-3.10.15/Modules/_bz2module.o
gcc -pthread -shared -fprofile-generate build/temp.linux-x86_64-3.10/home/shenjj3/Python-3.10.15/Modules/_bz2module.o -L/usr/local/lib -lbz2 -o build/lib.linux-x86_64-3.10/_bz2.cpython-310-x86_64-linux-gnu.so
building '_lzma' extension
gcc -pthread -fPIC -Wno-unused-result -Wsign-compare -DNDEBUG -g -fwrapv -O3 -Wall -std=c99 -Wextra -Wno-unused-result -Wno-unused-parameter -Wno-missing-field-initializers -Werror=implicit-function-declaration -fvisibility=hidden -fprofile-generate -I./Include/internal -I./Include -I. -I/usr/local/include -I/home/shenjj3/Python-3.10.15/Include -I/home/shenjj3/Python-3.10.15 -c /home/shenjj3/Python-3.10.15/Modules/_lzmamodule.c -o build/temp.linux-x86_64-3.10/home/shenjj3/Python-3.10.15/Modules/_lzmamodule.o
gcc -pthread -shared -fprofile-generate build/temp.linux-x86_64-3.10/home/shenjj3/Python-3.10.15/Modules/_lzmamodule.o -L/usr/local/lib -llzma -o build/lib.linux-x86_64-3.10/_lzma.cpython-310-x86_64-linux-gnu.so
building 'pyexpat' extension
gcc -pthread -fPIC -Wno-unused-result -Wsign-compare -DNDEBUG -g -fwrapv -O3 -Wall -std=c99 -Wextra -Wno-unused-result -Wno-unused-parameter -Wno-missing-field-initializers -Werror=implicit-function-declaration -fvisibility=hidden -fprofile-generate -I./Include/internal -DHAVE_EXPAT_CONFIG_H=1 -DXML_POOR_ENTROPY=1 -DUSE_PYEXPAT_CAPI -I/home/shenjj3/Python-3.10.15/Modules/expat -I./Include -I. -I/usr/local/include -I/home/shenjj3/Python-3.10.15/Include -I/home/shenjj3/Python-3.10.15 -c /home/shenjj3/Python-3.10.15/Modules/expat/xmlparse.c -o build/temp.linux-x86_64-3.10/home/shenjj3/Python-3.10.15/Modules/expat/xmlparse.o -Wno-unreachable-code
gcc -pthread -fPIC -Wno-unused-result -Wsign-compare -DNDEBUG -g -fwrapv -O3 -Wall -std=c99 -Wextra -Wno-unused-result -Wno-unused-parameter -Wno-missing-field-initializers -Werror=implicit-function-declaration -fvisibility=hidden -fprofile-generate -I./Include/internal -DHAVE_EXPAT_CONFIG_H=1 -DXML_POOR_ENTROPY=1 -DUSE_PYEXPAT_CAPI -I/home/shenjj3/Python-3.10.15/Modules/expat -I./Include -I. -I/usr/local/include -I/home/shenjj3/Python-3.10.15/Include -I/home/shenjj3/Python-3.10.15 -c /home/shenjj3/Python-3.10.15/Modules/expat/xmlrole.c -o build/temp.linux-x86_64-3.10/home/shenjj3/Python-3.10.15/Modules/expat/xmlrole.o -Wno-unreachable-code
gcc -pthread -fPIC -Wno-unused-result -Wsign-compare -DNDEBUG -g -fwrapv -O3 -Wall -std=c99 -Wextra -Wno-unused-result -Wno-unused-parameter -Wno-missing-field-initializers -Werror=implicit-function-declaration -fvisibility=hidden -fprofile-generate -I./Include/internal -DHAVE_EXPAT_CONFIG_H=1 -DXML_POOR_ENTROPY=1 -DUSE_PYEXPAT_CAPI -I/home/shenjj3/Python-3.10.15/Modules/expat -I./Include -I. -I/usr/local/include -I/home/shenjj3/Python-3.10.15/Include -I/home/shenjj3/Python-3.10.15 -c /home/shenjj3/Python-3.10.15/Modules/expat/xmltok.c -o build/temp.linux-x86_64-3.10/home/shenjj3/Python-3.10.15/Modules/expat/xmltok.o -Wno-unreachable-code
gcc -pthread -fPIC -Wno-unused-result -Wsign-compare -DNDEBUG -g -fwrapv -O3 -Wall -std=c99 -Wextra -Wno-unused-result -Wno-unused-parameter -Wno-missing-field-initializers -Werror=implicit-function-declaration -fvisibility=hidden -fprofile-generate -I./Include/internal -DHAVE_EXPAT_CONFIG_H=1 -DXML_POOR_ENTROPY=1 -DUSE_PYEXPAT_CAPI -I/home/shenjj3/Python-3.10.15/Modules/expat -I./Include -I. -I/usr/local/include -I/home/shenjj3/Python-3.10.15/Include -I/home/shenjj3/Python-3.10.15 -c /home/shenjj3/Python-3.10.15/Modules/pyexpat.c -o build/temp.linux-x86_64-3.10/home/shenjj3/Python-3.10.15/Modules/pyexpat.o -Wno-unreachable-code
gcc -pthread -shared -fprofile-generate build/temp.linux-x86_64-3.10/home/shenjj3/Python-3.10.15/Modules/expat/xmlparse.o build/temp.linux-x86_64-3.10/home/shenjj3/Python-3.10.15/Modules/expat/xmlrole.o build/temp.linux-x86_64-3.10/home/shenjj3/Python-3.10.15/Modules/expat/xmltok.o build/temp.linux-x86_64-3.10/home/shenjj3/Python-3.10.15/Modules/pyexpat.o -L/usr/local/lib -lm -o build/lib.linux-x86_64-3.10/pyexpat.cpython-310-x86_64-linux-gnu.so
building '_elementtree' extension
gcc -pthread -fPIC -Wno-unused-result -Wsign-compare -DNDEBUG -g -fwrapv -O3 -Wall -std=c99 -Wextra -Wno-unused-result -Wno-unused-parameter -Wno-missing-field-initializers -Werror=implicit-function-declaration -fvisibility=hidden -fprofile-generate -I./Include/internal -DHAVE_EXPAT_CONFIG_H=1 -DXML_POOR_ENTROPY=1 -DUSE_PYEXPAT_CAPI -I/home/shenjj3/Python-3.10.15/Modules/expat -I./Include -I. -I/usr/local/include -I/home/shenjj3/Python-3.10.15/Include -I/home/shenjj3/Python-3.10.15 -c /home/shenjj3/Python-3.10.15/Modules/_elementtree.c -o build/temp.linux-x86_64-3.10/home/shenjj3/Python-3.10.15/Modules/_elementtree.o
gcc -pthread -shared -fprofile-generate build/temp.linux-x86_64-3.10/home/shenjj3/Python-3.10.15/Modules/_elementtree.o -L/usr/local/lib -lm -o build/lib.linux-x86_64-3.10/_elementtree.cpython-310-x86_64-linux-gnu.so
building '_multibytecodec' extension
gcc -pthread -fPIC -Wno-unused-result -Wsign-compare -DNDEBUG -g -fwrapv -O3 -Wall -std=c99 -Wextra -Wno-unused-result -Wno-unused-parameter -Wno-missing-field-initializers -Werror=implicit-function-declaration -fvisibility=hidden -fprofile-generate -I./Include/internal -I./Include -I. -I/usr/local/include -I/home/shenjj3/Python-3.10.15/Include -I/home/shenjj3/Python-3.10.15 -c /home/shenjj3/Python-3.10.15/Modules/cjkcodecs/multibytecodec.c -o build/temp.linux-x86_64-3.10/home/shenjj3/Python-3.10.15/Modules/cjkcodecs/multibytecodec.o
gcc -pthread -shared -fprofile-generate build/temp.linux-x86_64-3.10/home/shenjj3/Python-3.10.15/Modules/cjkcodecs/multibytecodec.o -L/usr/local/lib -o build/lib.linux-x86_64-3.10/_multibytecodec.cpython-310-x86_64-linux-gnu.so
building '_codecs_kr' extension
gcc -pthread -fPIC -Wno-unused-result -Wsign-compare -DNDEBUG -g -fwrapv -O3 -Wall -std=c99 -Wextra -Wno-unused-result -Wno-unused-parameter -Wno-missing-field-initializers -Werror=implicit-function-declaration -fvisibility=hidden -fprofile-generate -I./Include/internal -I./Include -I. -I/usr/local/include -I/home/shenjj3/Python-3.10.15/Include -I/home/shenjj3/Python-3.10.15 -c /home/shenjj3/Python-3.10.15/Modules/cjkcodecs/_codecs_kr.c -o build/temp.linux-x86_64-3.10/home/shenjj3/Python-3.10.15/Modules/cjkcodecs/_codecs_kr.o
gcc -pthread -shared -fprofile-generate build/temp.linux-x86_64-3.10/home/shenjj3/Python-3.10.15/Modules/cjkcodecs/_codecs_kr.o -L/usr/local/lib -o build/lib.linux-x86_64-3.10/_codecs_kr.cpython-310-x86_64-linux-gnu.so
building '_codecs_jp' extension
gcc -pthread -fPIC -Wno-unused-result -Wsign-compare -DNDEBUG -g -fwrapv -O3 -Wall -std=c99 -Wextra -Wno-unused-result -Wno-unused-parameter -Wno-missing-field-initializers -Werror=implicit-function-declaration -fvisibility=hidden -fprofile-generate -I./Include/internal -I./Include -I. -I/usr/local/include -I/home/shenjj3/Python-3.10.15/Include -I/home/shenjj3/Python-3.10.15 -c /home/shenjj3/Python-3.10.15/Modules/cjkcodecs/_codecs_jp.c -o build/temp.linux-x86_64-3.10/home/shenjj3/Python-3.10.15/Modules/cjkcodecs/_codecs_jp.o
gcc -pthread -shared -fprofile-generate build/temp.linux-x86_64-3.10/home/shenjj3/Python-3.10.15/Modules/cjkcodecs/_codecs_jp.o -L/usr/local/lib -o build/lib.linux-x86_64-3.10/_codecs_jp.cpython-310-x86_64-linux-gnu.so
building '_codecs_cn' extension
gcc -pthread -fPIC -Wno-unused-result -Wsign-compare -DNDEBUG -g -fwrapv -O3 -Wall -std=c99 -Wextra -Wno-unused-result -Wno-unused-parameter -Wno-missing-field-initializers -Werror=implicit-function-declaration -fvisibility=hidden -fprofile-generate -I./Include/internal -I./Include -I. -I/usr/local/include -I/home/shenjj3/Python-3.10.15/Include -I/home/shenjj3/Python-3.10.15 -c /home/shenjj3/Python-3.10.15/Modules/cjkcodecs/_codecs_cn.c -o build/temp.linux-x86_64-3.10/home/shenjj3/Python-3.10.15/Modules/cjkcodecs/_codecs_cn.o
gcc -pthread -shared -fprofile-generate build/temp.linux-x86_64-3.10/home/shenjj3/Python-3.10.15/Modules/cjkcodecs/_codecs_cn.o -L/usr/local/lib -o build/lib.linux-x86_64-3.10/_codecs_cn.cpython-310-x86_64-linux-gnu.so
building '_codecs_tw' extension
gcc -pthread -fPIC -Wno-unused-result -Wsign-compare -DNDEBUG -g -fwrapv -O3 -Wall -std=c99 -Wextra -Wno-unused-result -Wno-unused-parameter -Wno-missing-field-initializers -Werror=implicit-function-declaration -fvisibility=hidden -fprofile-generate -I./Include/internal -I./Include -I. -I/usr/local/include -I/home/shenjj3/Python-3.10.15/Include -I/home/shenjj3/Python-3.10.15 -c /home/shenjj3/Python-3.10.15/Modules/cjkcodecs/_codecs_tw.c -o build/temp.linux-x86_64-3.10/home/shenjj3/Python-3.10.15/Modules/cjkcodecs/_codecs_tw.o
gcc -pthread -shared -fprofile-generate build/temp.linux-x86_64-3.10/home/shenjj3/Python-3.10.15/Modules/cjkcodecs/_codecs_tw.o -L/usr/local/lib -o build/lib.linux-x86_64-3.10/_codecs_tw.cpython-310-x86_64-linux-gnu.so
building '_codecs_hk' extension
gcc -pthread -fPIC -Wno-unused-result -Wsign-compare -DNDEBUG -g -fwrapv -O3 -Wall -std=c99 -Wextra -Wno-unused-result -Wno-unused-parameter -Wno-missing-field-initializers -Werror=implicit-function-declaration -fvisibility=hidden -fprofile-generate -I./Include/internal -I./Include -I. -I/usr/local/include -I/home/shenjj3/Python-3.10.15/Include -I/home/shenjj3/Python-3.10.15 -c /home/shenjj3/Python-3.10.15/Modules/cjkcodecs/_codecs_hk.c -o build/temp.linux-x86_64-3.10/home/shenjj3/Python-3.10.15/Modules/cjkcodecs/_codecs_hk.o
gcc -pthread -shared -fprofile-generate build/temp.linux-x86_64-3.10/home/shenjj3/Python-3.10.15/Modules/cjkcodecs/_codecs_hk.o -L/usr/local/lib -o build/lib.linux-x86_64-3.10/_codecs_hk.cpython-310-x86_64-linux-gnu.so
building '_codecs_iso2022' extension
gcc -pthread -fPIC -Wno-unused-result -Wsign-compare -DNDEBUG -g -fwrapv -O3 -Wall -std=c99 -Wextra -Wno-unused-result -Wno-unused-parameter -Wno-missing-field-initializers -Werror=implicit-function-declaration -fvisibility=hidden -fprofile-generate -I./Include/internal -I./Include -I. -I/usr/local/include -I/home/shenjj3/Python-3.10.15/Include -I/home/shenjj3/Python-3.10.15 -c /home/shenjj3/Python-3.10.15/Modules/cjkcodecs/_codecs_iso2022.c -o build/temp.linux-x86_64-3.10/home/shenjj3/Python-3.10.15/Modules/cjkcodecs/_codecs_iso2022.o
gcc -pthread -shared -fprofile-generate build/temp.linux-x86_64-3.10/home/shenjj3/Python-3.10.15/Modules/cjkcodecs/_codecs_iso2022.o -L/usr/local/lib -o build/lib.linux-x86_64-3.10/_codecs_iso2022.cpython-310-x86_64-linux-gnu.so
building '_decimal' extension
gcc -pthread -fPIC -Wno-unused-result -Wsign-compare -DNDEBUG -g -fwrapv -O3 -Wall -std=c99 -Wextra -Wno-unused-result -Wno-unused-parameter -Wno-missing-field-initializers -Werror=implicit-function-declaration -fvisibility=hidden -fprofile-generate -I./Include/internal -DCONFIG_64=1 -DASM=1 -I/home/shenjj3/Python-3.10.15/Modules/_decimal/libmpdec -I./Include -I. -I/usr/local/include -I/home/shenjj3/Python-3.10.15/Include -I/home/shenjj3/Python-3.10.15 -c /home/shenjj3/Python-3.10.15/Modules/_decimal/_decimal.c -o build/temp.linux-x86_64-3.10/home/shenjj3/Python-3.10.15/Modules/_decimal/_decimal.o
gcc -pthread -fPIC -Wno-unused-result -Wsign-compare -DNDEBUG -g -fwrapv -O3 -Wall -std=c99 -Wextra -Wno-unused-result -Wno-unused-parameter -Wno-missing-field-initializers -Werror=implicit-function-declaration -fvisibility=hidden -fprofile-generate -I./Include/internal -DCONFIG_64=1 -DASM=1 -I/home/shenjj3/Python-3.10.15/Modules/_decimal/libmpdec -I./Include -I. -I/usr/local/include -I/home/shenjj3/Python-3.10.15/Include -I/home/shenjj3/Python-3.10.15 -c /home/shenjj3/Python-3.10.15/Modules/_decimal/libmpdec/basearith.c -o build/temp.linux-x86_64-3.10/home/shenjj3/Python-3.10.15/Modules/_decimal/libmpdec/basearith.o
gcc -pthread -fPIC -Wno-unused-result -Wsign-compare -DNDEBUG -g -fwrapv -O3 -Wall -std=c99 -Wextra -Wno-unused-result -Wno-unused-parameter -Wno-missing-field-initializers -Werror=implicit-function-declaration -fvisibility=hidden -fprofile-generate -I./Include/internal -DCONFIG_64=1 -DASM=1 -I/home/shenjj3/Python-3.10.15/Modules/_decimal/libmpdec -I./Include -I. -I/usr/local/include -I/home/shenjj3/Python-3.10.15/Include -I/home/shenjj3/Python-3.10.15 -c /home/shenjj3/Python-3.10.15/Modules/_decimal/libmpdec/constants.c -o build/temp.linux-x86_64-3.10/home/shenjj3/Python-3.10.15/Modules/_decimal/libmpdec/constants.o
gcc -pthread -fPIC -Wno-unused-result -Wsign-compare -DNDEBUG -g -fwrapv -O3 -Wall -std=c99 -Wextra -Wno-unused-result -Wno-unused-parameter -Wno-missing-field-initializers -Werror=implicit-function-declaration -fvisibility=hidden -fprofile-generate -I./Include/internal -DCONFIG_64=1 -DASM=1 -I/home/shenjj3/Python-3.10.15/Modules/_decimal/libmpdec -I./Include -I. -I/usr/local/include -I/home/shenjj3/Python-3.10.15/Include -I/home/shenjj3/Python-3.10.15 -c /home/shenjj3/Python-3.10.15/Modules/_decimal/libmpdec/context.c -o build/temp.linux-x86_64-3.10/home/shenjj3/Python-3.10.15/Modules/_decimal/libmpdec/context.o
gcc -pthread -fPIC -Wno-unused-result -Wsign-compare -DNDEBUG -g -fwrapv -O3 -Wall -std=c99 -Wextra -Wno-unused-result -Wno-unused-parameter -Wno-missing-field-initializers -Werror=implicit-function-declaration -fvisibility=hidden -fprofile-generate -I./Include/internal -DCONFIG_64=1 -DASM=1 -I/home/shenjj3/Python-3.10.15/Modules/_decimal/libmpdec -I./Include -I. -I/usr/local/include -I/home/shenjj3/Python-3.10.15/Include -I/home/shenjj3/Python-3.10.15 -c /home/shenjj3/Python-3.10.15/Modules/_decimal/libmpdec/convolute.c -o build/temp.linux-x86_64-3.10/home/shenjj3/Python-3.10.15/Modules/_decimal/libmpdec/convolute.o
gcc -pthread -fPIC -Wno-unused-result -Wsign-compare -DNDEBUG -g -fwrapv -O3 -Wall -std=c99 -Wextra -Wno-unused-result -Wno-unused-parameter -Wno-missing-field-initializers -Werror=implicit-function-declaration -fvisibility=hidden -fprofile-generate -I./Include/internal -DCONFIG_64=1 -DASM=1 -I/home/shenjj3/Python-3.10.15/Modules/_decimal/libmpdec -I./Include -I. -I/usr/local/include -I/home/shenjj3/Python-3.10.15/Include -I/home/shenjj3/Python-3.10.15 -c /home/shenjj3/Python-3.10.15/Modules/_decimal/libmpdec/crt.c -o build/temp.linux-x86_64-3.10/home/shenjj3/Python-3.10.15/Modules/_decimal/libmpdec/crt.o
gcc -pthread -fPIC -Wno-unused-result -Wsign-compare -DNDEBUG -g -fwrapv -O3 -Wall -std=c99 -Wextra -Wno-unused-result -Wno-unused-parameter -Wno-missing-field-initializers -Werror=implicit-function-declaration -fvisibility=hidden -fprofile-generate -I./Include/internal -DCONFIG_64=1 -DASM=1 -I/home/shenjj3/Python-3.10.15/Modules/_decimal/libmpdec -I./Include -I. -I/usr/local/include -I/home/shenjj3/Python-3.10.15/Include -I/home/shenjj3/Python-3.10.15 -c /home/shenjj3/Python-3.10.15/Modules/_decimal/libmpdec/difradix2.c -o build/temp.linux-x86_64-3.10/home/shenjj3/Python-3.10.15/Modules/_decimal/libmpdec/difradix2.o
gcc -pthread -fPIC -Wno-unused-result -Wsign-compare -DNDEBUG -g -fwrapv -O3 -Wall -std=c99 -Wextra -Wno-unused-result -Wno-unused-parameter -Wno-missing-field-initializers -Werror=implicit-function-declaration -fvisibility=hidden -fprofile-generate -I./Include/internal -DCONFIG_64=1 -DASM=1 -I/home/shenjj3/Python-3.10.15/Modules/_decimal/libmpdec -I./Include -I. -I/usr/local/include -I/home/shenjj3/Python-3.10.15/Include -I/home/shenjj3/Python-3.10.15 -c /home/shenjj3/Python-3.10.15/Modules/_decimal/libmpdec/fnt.c -o build/temp.linux-x86_64-3.10/home/shenjj3/Python-3.10.15/Modules/_decimal/libmpdec/fnt.o
gcc -pthread -fPIC -Wno-unused-result -Wsign-compare -DNDEBUG -g -fwrapv -O3 -Wall -std=c99 -Wextra -Wno-unused-result -Wno-unused-parameter -Wno-missing-field-initializers -Werror=implicit-function-declaration -fvisibility=hidden -fprofile-generate -I./Include/internal -DCONFIG_64=1 -DASM=1 -I/home/shenjj3/Python-3.10.15/Modules/_decimal/libmpdec -I./Include -I. -I/usr/local/include -I/home/shenjj3/Python-3.10.15/Include -I/home/shenjj3/Python-3.10.15 -c /home/shenjj3/Python-3.10.15/Modules/_decimal/libmpdec/fourstep.c -o build/temp.linux-x86_64-3.10/home/shenjj3/Python-3.10.15/Modules/_decimal/libmpdec/fourstep.o
gcc -pthread -fPIC -Wno-unused-result -Wsign-compare -DNDEBUG -g -fwrapv -O3 -Wall -std=c99 -Wextra -Wno-unused-result -Wno-unused-parameter -Wno-missing-field-initializers -Werror=implicit-function-declaration -fvisibility=hidden -fprofile-generate -I./Include/internal -DCONFIG_64=1 -DASM=1 -I/home/shenjj3/Python-3.10.15/Modules/_decimal/libmpdec -I./Include -I. -I/usr/local/include -I/home/shenjj3/Python-3.10.15/Include -I/home/shenjj3/Python-3.10.15 -c /home/shenjj3/Python-3.10.15/Modules/_decimal/libmpdec/io.c -o build/temp.linux-x86_64-3.10/home/shenjj3/Python-3.10.15/Modules/_decimal/libmpdec/io.o
gcc -pthread -fPIC -Wno-unused-result -Wsign-compare -DNDEBUG -g -fwrapv -O3 -Wall -std=c99 -Wextra -Wno-unused-result -Wno-unused-parameter -Wno-missing-field-initializers -Werror=implicit-function-declaration -fvisibility=hidden -fprofile-generate -I./Include/internal -DCONFIG_64=1 -DASM=1 -I/home/shenjj3/Python-3.10.15/Modules/_decimal/libmpdec -I./Include -I. -I/usr/local/include -I/home/shenjj3/Python-3.10.15/Include -I/home/shenjj3/Python-3.10.15 -c /home/shenjj3/Python-3.10.15/Modules/_decimal/libmpdec/mpalloc.c -o build/temp.linux-x86_64-3.10/home/shenjj3/Python-3.10.15/Modules/_decimal/libmpdec/mpalloc.o
gcc -pthread -fPIC -Wno-unused-result -Wsign-compare -DNDEBUG -g -fwrapv -O3 -Wall -std=c99 -Wextra -Wno-unused-result -Wno-unused-parameter -Wno-missing-field-initializers -Werror=implicit-function-declaration -fvisibility=hidden -fprofile-generate -I./Include/internal -DCONFIG_64=1 -DASM=1 -I/home/shenjj3/Python-3.10.15/Modules/_decimal/libmpdec -I./Include -I. -I/usr/local/include -I/home/shenjj3/Python-3.10.15/Include -I/home/shenjj3/Python-3.10.15 -c /home/shenjj3/Python-3.10.15/Modules/_decimal/libmpdec/mpdecimal.c -o build/temp.linux-x86_64-3.10/home/shenjj3/Python-3.10.15/Modules/_decimal/libmpdec/mpdecimal.o
gcc -pthread -fPIC -Wno-unused-result -Wsign-compare -DNDEBUG -g -fwrapv -O3 -Wall -std=c99 -Wextra -Wno-unused-result -Wno-unused-parameter -Wno-missing-field-initializers -Werror=implicit-function-declaration -fvisibility=hidden -fprofile-generate -I./Include/internal -DCONFIG_64=1 -DASM=1 -I/home/shenjj3/Python-3.10.15/Modules/_decimal/libmpdec -I./Include -I. -I/usr/local/include -I/home/shenjj3/Python-3.10.15/Include -I/home/shenjj3/Python-3.10.15 -c /home/shenjj3/Python-3.10.15/Modules/_decimal/libmpdec/numbertheory.c -o build/temp.linux-x86_64-3.10/home/shenjj3/Python-3.10.15/Modules/_decimal/libmpdec/numbertheory.o
gcc -pthread -fPIC -Wno-unused-result -Wsign-compare -DNDEBUG -g -fwrapv -O3 -Wall -std=c99 -Wextra -Wno-unused-result -Wno-unused-parameter -Wno-missing-field-initializers -Werror=implicit-function-declaration -fvisibility=hidden -fprofile-generate -I./Include/internal -DCONFIG_64=1 -DASM=1 -I/home/shenjj3/Python-3.10.15/Modules/_decimal/libmpdec -I./Include -I. -I/usr/local/include -I/home/shenjj3/Python-3.10.15/Include -I/home/shenjj3/Python-3.10.15 -c /home/shenjj3/Python-3.10.15/Modules/_decimal/libmpdec/sixstep.c -o build/temp.linux-x86_64-3.10/home/shenjj3/Python-3.10.15/Modules/_decimal/libmpdec/sixstep.o
gcc -pthread -fPIC -Wno-unused-result -Wsign-compare -DNDEBUG -g -fwrapv -O3 -Wall -std=c99 -Wextra -Wno-unused-result -Wno-unused-parameter -Wno-missing-field-initializers -Werror=implicit-function-declaration -fvisibility=hidden -fprofile-generate -I./Include/internal -DCONFIG_64=1 -DASM=1 -I/home/shenjj3/Python-3.10.15/Modules/_decimal/libmpdec -I./Include -I. -I/usr/local/include -I/home/shenjj3/Python-3.10.15/Include -I/home/shenjj3/Python-3.10.15 -c /home/shenjj3/Python-3.10.15/Modules/_decimal/libmpdec/transpose.c -o build/temp.linux-x86_64-3.10/home/shenjj3/Python-3.10.15/Modules/_decimal/libmpdec/transpose.o
gcc -pthread -shared -fprofile-generate build/temp.linux-x86_64-3.10/home/shenjj3/Python-3.10.15/Modules/_decimal/_decimal.o build/temp.linux-x86_64-3.10/home/shenjj3/Python-3.10.15/Modules/_decimal/libmpdec/basearith.o build/temp.linux-x86_64-3.10/home/shenjj3/Python-3.10.15/Modules/_decimal/libmpdec/constants.o build/temp.linux-x86_64-3.10/home/shenjj3/Python-3.10.15/Modules/_decimal/libmpdec/context.o build/temp.linux-x86_64-3.10/home/shenjj3/Python-3.10.15/Modules/_decimal/libmpdec/convolute.o build/temp.linux-x86_64-3.10/home/shenjj3/Python-3.10.15/Modules/_decimal/libmpdec/crt.o build/temp.linux-x86_64-3.10/home/shenjj3/Python-3.10.15/Modules/_decimal/libmpdec/difradix2.o build/temp.linux-x86_64-3.10/home/shenjj3/Python-3.10.15/Modules/_decimal/libmpdec/fnt.o build/temp.linux-x86_64-3.10/home/shenjj3/Python-3.10.15/Modules/_decimal/libmpdec/fourstep.o build/temp.linux-x86_64-3.10/home/shenjj3/Python-3.10.15/Modules/_decimal/libmpdec/io.o build/temp.linux-x86_64-3.10/home/shenjj3/Python-3.10.15/Modules/_decimal/libmpdec/mpalloc.o build/temp.linux-x86_64-3.10/home/shenjj3/Python-3.10.15/Modules/_decimal/libmpdec/mpdecimal.o build/temp.linux-x86_64-3.10/home/shenjj3/Python-3.10.15/Modules/_decimal/libmpdec/numbertheory.o build/temp.linux-x86_64-3.10/home/shenjj3/Python-3.10.15/Modules/_decimal/libmpdec/sixstep.o build/temp.linux-x86_64-3.10/home/shenjj3/Python-3.10.15/Modules/_decimal/libmpdec/transpose.o -L/usr/local/lib -lm -o build/lib.linux-x86_64-3.10/_decimal.cpython-310-x86_64-linux-gnu.so
building '_ctypes_test' extension
gcc -pthread -fPIC -Wno-unused-result -Wsign-compare -DNDEBUG -g -fwrapv -O3 -Wall -std=c99 -Wextra -Wno-unused-result -Wno-unused-parameter -Wno-missing-field-initializers -Werror=implicit-function-declaration -fvisibility=hidden -fprofile-generate -I./Include/internal -I./Include -I. -I/usr/local/include -I/home/shenjj3/Python-3.10.15/Include -I/home/shenjj3/Python-3.10.15 -c /home/shenjj3/Python-3.10.15/Modules/_ctypes/_ctypes_test.c -o build/temp.linux-x86_64-3.10/home/shenjj3/Python-3.10.15/Modules/_ctypes/_ctypes_test.o
gcc -pthread -shared -fprofile-generate build/temp.linux-x86_64-3.10/home/shenjj3/Python-3.10.15/Modules/_ctypes/_ctypes_test.o -L/usr/local/lib -lm -o build/lib.linux-x86_64-3.10/_ctypes_test.cpython-310-x86_64-linux-gnu.so
building '_multiprocessing' extension
gcc -pthread -fPIC -Wno-unused-result -Wsign-compare -DNDEBUG -g -fwrapv -O3 -Wall -std=c99 -Wextra -Wno-unused-result -Wno-unused-parameter -Wno-missing-field-initializers -Werror=implicit-function-declaration -fvisibility=hidden -fprofile-generate -I./Include/internal -IModules/_multiprocessing -I./Include -I. -I/usr/local/include -I/home/shenjj3/Python-3.10.15/Include -I/home/shenjj3/Python-3.10.15 -c /home/shenjj3/Python-3.10.15/Modules/_multiprocessing/multiprocessing.c -o build/temp.linux-x86_64-3.10/home/shenjj3/Python-3.10.15/Modules/_multiprocessing/multiprocessing.o
gcc -pthread -fPIC -Wno-unused-result -Wsign-compare -DNDEBUG -g -fwrapv -O3 -Wall -std=c99 -Wextra -Wno-unused-result -Wno-unused-parameter -Wno-missing-field-initializers -Werror=implicit-function-declaration -fvisibility=hidden -fprofile-generate -I./Include/internal -IModules/_multiprocessing -I./Include -I. -I/usr/local/include -I/home/shenjj3/Python-3.10.15/Include -I/home/shenjj3/Python-3.10.15 -c /home/shenjj3/Python-3.10.15/Modules/_multiprocessing/semaphore.c -o build/temp.linux-x86_64-3.10/home/shenjj3/Python-3.10.15/Modules/_multiprocessing/semaphore.o
gcc -pthread -shared -fprofile-generate build/temp.linux-x86_64-3.10/home/shenjj3/Python-3.10.15/Modules/_multiprocessing/multiprocessing.o build/temp.linux-x86_64-3.10/home/shenjj3/Python-3.10.15/Modules/_multiprocessing/semaphore.o -L/usr/local/lib -o build/lib.linux-x86_64-3.10/_multiprocessing.cpython-310-x86_64-linux-gnu.so
building '_posixshmem' extension
gcc -pthread -fPIC -Wno-unused-result -Wsign-compare -DNDEBUG -g -fwrapv -O3 -Wall -std=c99 -Wextra -Wno-unused-result -Wno-unused-parameter -Wno-missing-field-initializers -Werror=implicit-function-declaration -fvisibility=hidden -fprofile-generate -I./Include/internal -IModules/_multiprocessing -I./Include -I. -I/usr/local/include -I/home/shenjj3/Python-3.10.15/Include -I/home/shenjj3/Python-3.10.15 -c /home/shenjj3/Python-3.10.15/Modules/_multiprocessing/posixshmem.c -o build/temp.linux-x86_64-3.10/home/shenjj3/Python-3.10.15/Modules/_multiprocessing/posixshmem.o
gcc -pthread -shared -fprofile-generate build/temp.linux-x86_64-3.10/home/shenjj3/Python-3.10.15/Modules/_multiprocessing/posixshmem.o -L/usr/local/lib -lrt -o build/lib.linux-x86_64-3.10/_posixshmem.cpython-310-x86_64-linux-gnu.so
building '_tkinter' extension
gcc -pthread -fPIC -Wno-unused-result -Wsign-compare -DNDEBUG -g -fwrapv -O3 -Wall -std=c99 -Wextra -Wno-unused-result -Wno-unused-parameter -Wno-missing-field-initializers -Werror=implicit-function-declaration -fvisibility=hidden -fprofile-generate -I./Include/internal -DWITH_APPINIT=1 -I/usr/X11/include -I./Include -I. -I/usr/local/include -I/home/shenjj3/Python-3.10.15/Include -I/home/shenjj3/Python-3.10.15 -c /home/shenjj3/Python-3.10.15/Modules/_tkinter.c -o build/temp.linux-x86_64-3.10/home/shenjj3/Python-3.10.15/Modules/_tkinter.o
gcc -pthread -fPIC -Wno-unused-result -Wsign-compare -DNDEBUG -g -fwrapv -O3 -Wall -std=c99 -Wextra -Wno-unused-result -Wno-unused-parameter -Wno-missing-field-initializers -Werror=implicit-function-declaration -fvisibility=hidden -fprofile-generate -I./Include/internal -DWITH_APPINIT=1 -I/usr/X11/include -I./Include -I. -I/usr/local/include -I/home/shenjj3/Python-3.10.15/Include -I/home/shenjj3/Python-3.10.15 -c /home/shenjj3/Python-3.10.15/Modules/tkappinit.c -o build/temp.linux-x86_64-3.10/home/shenjj3/Python-3.10.15/Modules/tkappinit.o
gcc -pthread -shared -fprofile-generate build/temp.linux-x86_64-3.10/home/shenjj3/Python-3.10.15/Modules/_tkinter.o build/temp.linux-x86_64-3.10/home/shenjj3/Python-3.10.15/Modules/tkappinit.o -L/usr/X11/lib -L/usr/local/lib -ltk8.5 -ltcl8.5 -lX11 -o build/lib.linux-x86_64-3.10/_tkinter.cpython-310-x86_64-linux-gnu.so
building '_uuid' extension
gcc -pthread -fPIC -Wno-unused-result -Wsign-compare -DNDEBUG -g -fwrapv -O3 -Wall -std=c99 -Wextra -Wno-unused-result -Wno-unused-parameter -Wno-missing-field-initializers -Werror=implicit-function-declaration -fvisibility=hidden -fprofile-generate -I./Include/internal -I./Include -I. -I/usr/local/include -I/home/shenjj3/Python-3.10.15/Include -I/home/shenjj3/Python-3.10.15 -c /home/shenjj3/Python-3.10.15/Modules/_uuidmodule.c -o build/temp.linux-x86_64-3.10/home/shenjj3/Python-3.10.15/Modules/_uuidmodule.o
gcc -pthread -shared -fprofile-generate build/temp.linux-x86_64-3.10/home/shenjj3/Python-3.10.15/Modules/_uuidmodule.o -L/usr/local/lib -luuid -o build/lib.linux-x86_64-3.10/_uuid.cpython-310-x86_64-linux-gnu.so
building 'xxlimited' extension
gcc -pthread -fPIC -Wno-unused-result -Wsign-compare -DNDEBUG -g -fwrapv -O3 -Wall -std=c99 -Wextra -Wno-unused-result -Wno-unused-parameter -Wno-missing-field-initializers -Werror=implicit-function-declaration -fvisibility=hidden -fprofile-generate -I./Include/internal -I./Include -I. -I/usr/local/include -I/home/shenjj3/Python-3.10.15/Include -I/home/shenjj3/Python-3.10.15 -c /home/shenjj3/Python-3.10.15/Modules/xxlimited.c -o build/temp.linux-x86_64-3.10/home/shenjj3/Python-3.10.15/Modules/xxlimited.o
gcc -pthread -shared -fprofile-generate build/temp.linux-x86_64-3.10/home/shenjj3/Python-3.10.15/Modules/xxlimited.o -L/usr/local/lib -o build/lib.linux-x86_64-3.10/xxlimited.cpython-310-x86_64-linux-gnu.so
building 'xxlimited_35' extension
gcc -pthread -fPIC -Wno-unused-result -Wsign-compare -DNDEBUG -g -fwrapv -O3 -Wall -std=c99 -Wextra -Wno-unused-result -Wno-unused-parameter -Wno-missing-field-initializers -Werror=implicit-function-declaration -fvisibility=hidden -fprofile-generate -I./Include/internal -I./Include -I. -I/usr/local/include -I/home/shenjj3/Python-3.10.15/Include -I/home/shenjj3/Python-3.10.15 -c /home/shenjj3/Python-3.10.15/Modules/xxlimited_35.c -o build/temp.linux-x86_64-3.10/home/shenjj3/Python-3.10.15/Modules/xxlimited_35.o
gcc -pthread -shared -fprofile-generate build/temp.linux-x86_64-3.10/home/shenjj3/Python-3.10.15/Modules/xxlimited_35.o -L/usr/local/lib -o build/lib.linux-x86_64-3.10/xxlimited_35.cpython-310-x86_64-linux-gnu.so
building '_ctypes' extension
gcc -pthread -fPIC -Wno-unused-result -Wsign-compare -DNDEBUG -g -fwrapv -O3 -Wall -std=c99 -Wextra -Wno-unused-result -Wno-unused-parameter -Wno-missing-field-initializers -Werror=implicit-function-declaration -fvisibility=hidden -fprofile-generate -I./Include/internal -I/usr/include -I./Include -I. -I/usr/local/include -I/home/shenjj3/Python-3.10.15/Include -I/home/shenjj3/Python-3.10.15 -c /home/shenjj3/Python-3.10.15/Modules/_ctypes/_ctypes.c -o build/temp.linux-x86_64-3.10/home/shenjj3/Python-3.10.15/Modules/_ctypes/_ctypes.o -DPy_BUILD_CORE_MODULE -DHAVE_FFI_PREP_CIF_VAR=1 -DHAVE_FFI_PREP_CLOSURE_LOC=1 -DHAVE_FFI_CLOSURE_ALLOC=1
gcc -pthread -fPIC -Wno-unused-result -Wsign-compare -DNDEBUG -g -fwrapv -O3 -Wall -std=c99 -Wextra -Wno-unused-result -Wno-unused-parameter -Wno-missing-field-initializers -Werror=implicit-function-declaration -fvisibility=hidden -fprofile-generate -I./Include/internal -I/usr/include -I./Include -I. -I/usr/local/include -I/home/shenjj3/Python-3.10.15/Include -I/home/shenjj3/Python-3.10.15 -c /home/shenjj3/Python-3.10.15/Modules/_ctypes/callbacks.c -o build/temp.linux-x86_64-3.10/home/shenjj3/Python-3.10.15/Modules/_ctypes/callbacks.o -DPy_BUILD_CORE_MODULE -DHAVE_FFI_PREP_CIF_VAR=1 -DHAVE_FFI_PREP_CLOSURE_LOC=1 -DHAVE_FFI_CLOSURE_ALLOC=1
gcc -pthread -fPIC -Wno-unused-result -Wsign-compare -DNDEBUG -g -fwrapv -O3 -Wall -std=c99 -Wextra -Wno-unused-result -Wno-unused-parameter -Wno-missing-field-initializers -Werror=implicit-function-declaration -fvisibility=hidden -fprofile-generate -I./Include/internal -I/usr/include -I./Include -I. -I/usr/local/include -I/home/shenjj3/Python-3.10.15/Include -I/home/shenjj3/Python-3.10.15 -c /home/shenjj3/Python-3.10.15/Modules/_ctypes/callproc.c -o build/temp.linux-x86_64-3.10/home/shenjj3/Python-3.10.15/Modules/_ctypes/callproc.o -DPy_BUILD_CORE_MODULE -DHAVE_FFI_PREP_CIF_VAR=1 -DHAVE_FFI_PREP_CLOSURE_LOC=1 -DHAVE_FFI_CLOSURE_ALLOC=1
gcc -pthread -fPIC -Wno-unused-result -Wsign-compare -DNDEBUG -g -fwrapv -O3 -Wall -std=c99 -Wextra -Wno-unused-result -Wno-unused-parameter -Wno-missing-field-initializers -Werror=implicit-function-declaration -fvisibility=hidden -fprofile-generate -I./Include/internal -I/usr/include -I./Include -I. -I/usr/local/include -I/home/shenjj3/Python-3.10.15/Include -I/home/shenjj3/Python-3.10.15 -c /home/shenjj3/Python-3.10.15/Modules/_ctypes/cfield.c -o build/temp.linux-x86_64-3.10/home/shenjj3/Python-3.10.15/Modules/_ctypes/cfield.o -DPy_BUILD_CORE_MODULE -DHAVE_FFI_PREP_CIF_VAR=1 -DHAVE_FFI_PREP_CLOSURE_LOC=1 -DHAVE_FFI_CLOSURE_ALLOC=1
gcc -pthread -fPIC -Wno-unused-result -Wsign-compare -DNDEBUG -g -fwrapv -O3 -Wall -std=c99 -Wextra -Wno-unused-result -Wno-unused-parameter -Wno-missing-field-initializers -Werror=implicit-function-declaration -fvisibility=hidden -fprofile-generate -I./Include/internal -I/usr/include -I./Include -I. -I/usr/local/include -I/home/shenjj3/Python-3.10.15/Include -I/home/shenjj3/Python-3.10.15 -c /home/shenjj3/Python-3.10.15/Modules/_ctypes/stgdict.c -o build/temp.linux-x86_64-3.10/home/shenjj3/Python-3.10.15/Modules/_ctypes/stgdict.o -DPy_BUILD_CORE_MODULE -DHAVE_FFI_PREP_CIF_VAR=1 -DHAVE_FFI_PREP_CLOSURE_LOC=1 -DHAVE_FFI_CLOSURE_ALLOC=1
gcc -pthread -shared -fprofile-generate build/temp.linux-x86_64-3.10/home/shenjj3/Python-3.10.15/Modules/_ctypes/_ctypes.o build/temp.linux-x86_64-3.10/home/shenjj3/Python-3.10.15/Modules/_ctypes/callbacks.o build/temp.linux-x86_64-3.10/home/shenjj3/Python-3.10.15/Modules/_ctypes/callproc.o build/temp.linux-x86_64-3.10/home/shenjj3/Python-3.10.15/Modules/_ctypes/cfield.o build/temp.linux-x86_64-3.10/home/shenjj3/Python-3.10.15/Modules/_ctypes/stgdict.o -L/usr/local/lib -lffi -ldl -o build/lib.linux-x86_64-3.10/_ctypes.cpython-310-x86_64-linux-gnu.so
*** WARNING: renaming "_ssl" since importing it failed: /home/shenjj3/Python-3.10.15/build/lib.linux-x86_64-3.10/_ssl.cpython-310-x86_64-linux-gnu.so: undefined symbol: X509_OBJECT_free
*** WARNING: renaming "_hashlib" since importing it failed: /home/shenjj3/Python-3.10.15/build/lib.linux-x86_64-3.10/_hashlib.cpython-310-x86_64-linux-gnu.so: undefined symbol: HMAC_CTX_new

The following modules found by detect_modules() in setup.py, have been
built by the Makefile instead, as configured by the Setup files:
_abc                  pwd                   time               


Following modules built successfully but were removed because they could not be imported:
_hashlib              _ssl                                     


Could not build the ssl module!
Python requires a OpenSSL 1.1.1 or newer

running build_scripts
copying and adjusting /home/shenjj3/Python-3.10.15/Tools/scripts/pydoc3 -> build/scripts-3.10
copying and adjusting /home/shenjj3/Python-3.10.15/Tools/scripts/idle3 -> build/scripts-3.10
copying and adjusting /home/shenjj3/Python-3.10.15/Tools/scripts/2to3 -> build/scripts-3.10
changing mode of build/scripts-3.10/pydoc3 from 644 to 755
changing mode of build/scripts-3.10/idle3 from 644 to 755
changing mode of build/scripts-3.10/2to3 from 644 to 755
renaming build/scripts-3.10/pydoc3 to build/scripts-3.10/pydoc3.10
renaming build/scripts-3.10/idle3 to build/scripts-3.10/idle3.10
renaming build/scripts-3.10/2to3 to build/scripts-3.10/2to3-3.10
gcc -pthread -c -Wno-unused-result -Wsign-compare -DNDEBUG -g -fwrapv -O3 -Wall    -std=c99 -Wextra -Wno-unused-result -Wno-unused-parameter -Wno-missing-field-initializers -Werror=implicit-function-declaration -fvisibility=hidden -fprofile-generate -I./Include/internal  -I. -I./Include    -DPy_BUILD_CORE -o Programs/_testembed.o ./Programs/_testembed.c
gcc -pthread    -fprofile-generate -Xlinker -export-dynamic -o Programs/_testembed Programs/_testembed.o libpython3.10.a -lcrypt -lpthread -ldl  -lutil -lm   -lm 
sed -e "s,@EXENAME@,/usr/local/python3.10/bin/python3.10," < ./Misc/python-config.in >python-config.py
LC_ALL=C sed -e 's,\$(\([A-Za-z0-9_]*\)),\$\{\1\},g' < Misc/python-config.sh >python-config
make[3]: Leaving directory `/home/shenjj3/Python-3.10.15'
make[2]: Leaving directory `/home/shenjj3/Python-3.10.15'
touch profile-gen-stamp
make[1]: Leaving directory `/home/shenjj3/Python-3.10.15'
# Next, run the profile task to generate the profile information.
make run_profile_task
make[1]: Entering directory `/home/shenjj3/Python-3.10.15'
./python -m test --pgo --timeout=1200 || true
0:00:00 load avg: 1.83 Run tests sequentially (timeout: 20 min)
0:00:00 load avg: 1.83 [ 1/44] test_array
0:00:00 load avg: 1.83 [ 2/44] test_base64
0:00:01 load avg: 1.83 [ 3/44] test_binascii
0:00:01 load avg: 2.16 [ 4/44] test_binop
0:00:01 load avg: 2.16 [ 5/44] test_bisect
0:00:01 load avg: 2.16 [ 6/44] test_bytes
0:00:05 load avg: 2.16 [ 7/44] test_bz2
0:00:06 load avg: 2.07 [ 8/44] test_cmath
0:00:07 load avg: 2.07 [ 9/44] test_codecs
0:00:08 load avg: 2.07 [10/44] test_collections
0:00:10 load avg: 2.07 [11/44] test_complex
0:00:10 load avg: 2.07 [12/44] test_dataclasses
0:00:11 load avg: 2.07 [13/44] test_datetime
0:00:16 load avg: 2.06 [14/44] test_decimal
0:00:21 load avg: 1.90 [15/44] test_difflib
0:00:23 load avg: 1.90 [16/44] test_embed
0:00:31 load avg: 1.76 [17/44] test_float
0:00:32 load avg: 1.76 [18/44] test_fstring
0:00:32 load avg: 1.76 [19/44] test_functools
0:00:33 load avg: 1.76 [20/44] test_generators
0:00:33 load avg: 1.76 [21/44] test_hashlib
0:00:34 load avg: 1.76 [22/44] test_heapq
0:00:35 load avg: 1.76 [23/44] test_int
0:00:36 load avg: 1.76 [24/44] test_itertools
0:00:40 load avg: 1.70 [25/44] test_json
0:00:43 load avg: 1.72 [26/44] test_long
0:00:47 load avg: 1.66 [27/44] test_lzma
0:00:48 load avg: 1.66 [28/44] test_math
0:00:51 load avg: 1.61 [29/44] test_memoryview
0:00:52 load avg: 1.61 [30/44] test_operator
0:00:52 load avg: 1.61 [31/44] test_ordered_dict
0:00:54 load avg: 1.61 [32/44] test_patma
0:00:54 load avg: 1.61 [33/44] test_pickle
0:01:03 load avg: 1.89 [34/44] test_pprint
0:01:04 load avg: 1.89 [35/44] test_re
0:01:05 load avg: 1.89 [36/44] test_set
0:01:11 load avg: 1.75 [37/44] test_sqlite
0:01:13 load avg: 1.75 [38/44] test_statistics
0:01:16 load avg: 1.69 [39/44] test_struct
0:01:17 load avg: 1.69 [40/44] test_tabnanny
0:01:18 load avg: 1.69 [41/44] test_time
0:01:20 load avg: 1.69 [42/44] test_unicode
0:01:23 load avg: 1.63 [43/44] test_xml_etree
0:01:24 load avg: 1.63 [44/44] test_xml_etree_c

Total duration: 1 min 26 sec
Tests result: SUCCESS
make[1]: Leaving directory `/home/shenjj3/Python-3.10.15'
make build_all_merge_profile
make[1]: Entering directory `/home/shenjj3/Python-3.10.15'
true
make[1]: Leaving directory `/home/shenjj3/Python-3.10.15'
# Remove profile generation binary since we are done with it.
make clean-retain-profile
make[1]: Entering directory `/home/shenjj3/Python-3.10.15'
find . -depth -name '__pycache__' -exec rm -rf {} ';'
find . -name '*.py[co]' -exec rm -f {} ';'
find . -name '*.[oa]' -exec rm -f {} ';'
find . -name '*.s[ol]' -exec rm -f {} ';'
find . -name '*.so.[0-9]*.[0-9]*' -exec rm -f {} ';'
find . -name '*.lst' -exec rm -f {} ';'
find build -name 'fficonfig.h' -exec rm -f {} ';' || true
find build -name '*.py' -exec rm -f {} ';' || true
find build -name '*.py[co]' -exec rm -f {} ';' || true
rm -f pybuilddir.txt
rm -f Lib/lib2to3/*Grammar*.pickle
rm -f Programs/_testembed Programs/_freeze_importlib
find build -type f -a ! -name '*.gc??' -exec rm -f {} ';'
rm -f Include/pydtrace_probes.h
rm -f profile-gen-stamp
make[1]: Leaving directory `/home/shenjj3/Python-3.10.15'
# This is an expensive target to build and it does not have proper
# makefile dependency information.  So, we create a "stamp" file
# to record its completion and avoid re-running it.
touch profile-run-stamp
Rebuilding with profile guided optimizations:
rm -f profile-clean-stamp
make build_all CFLAGS_NODIST=" -fprofile-use -fprofile-correction" LDFLAGS_NODIST=""
make[1]: Entering directory `/home/shenjj3/Python-3.10.15'
gcc -pthread -c -Wno-unused-result -Wsign-compare -DNDEBUG -g -fwrapv -O3 -Wall    -std=c99 -Wextra -Wno-unused-result -Wno-unused-parameter -Wno-missing-field-initializers -Werror=implicit-function-declaration -fvisibility=hidden -fprofile-use -fprofile-correction -I./Include/internal  -I. -I./Include    -DPy_BUILD_CORE -o Programs/python.o ./Programs/python.c
gcc -pthread -c -Wno-unused-result -Wsign-compare -DNDEBUG -g -fwrapv -O3 -Wall    -std=c99 -Wextra -Wno-unused-result -Wno-unused-parameter -Wno-missing-field-initializers -Werror=implicit-function-declaration -fvisibility=hidden -fprofile-use -fprofile-correction -I./Include/internal  -I. -I./Include    -DPy_BUILD_CORE -o Parser/token.o Parser/token.c
gcc -pthread -c -Wno-unused-result -Wsign-compare -DNDEBUG -g -fwrapv -O3 -Wall    -std=c99 -Wextra -Wno-unused-result -Wno-unused-parameter -Wno-missing-field-initializers -Werror=implicit-function-declaration -fvisibility=hidden -fprofile-use -fprofile-correction -I./Include/internal  -I. -I./Include    -DPy_BUILD_CORE -o Parser/pegen.o Parser/pegen.c
gcc -pthread -c -Wno-unused-result -Wsign-compare -DNDEBUG -g -fwrapv -O3 -Wall    -std=c99 -Wextra -Wno-unused-result -Wno-unused-parameter -Wno-missing-field-initializers -Werror=implicit-function-declaration -fvisibility=hidden -fprofile-use -fprofile-correction -I./Include/internal  -I. -I./Include    -DPy_BUILD_CORE -o Parser/parser.o Parser/parser.c
gcc -pthread -c -Wno-unused-result -Wsign-compare -DNDEBUG -g -fwrapv -O3 -Wall    -std=c99 -Wextra -Wno-unused-result -Wno-unused-parameter -Wno-missing-field-initializers -Werror=implicit-function-declaration -fvisibility=hidden -fprofile-use -fprofile-correction -I./Include/internal  -I. -I./Include    -DPy_BUILD_CORE -o Parser/string_parser.o Parser/string_parser.c
gcc -pthread -c -Wno-unused-result -Wsign-compare -DNDEBUG -g -fwrapv -O3 -Wall    -std=c99 -Wextra -Wno-unused-result -Wno-unused-parameter -Wno-missing-field-initializers -Werror=implicit-function-declaration -fvisibility=hidden -fprofile-use -fprofile-correction -I./Include/internal  -I. -I./Include    -DPy_BUILD_CORE -o Parser/peg_api.o Parser/peg_api.c
gcc -pthread -c -Wno-unused-result -Wsign-compare -DNDEBUG -g -fwrapv -O3 -Wall    -std=c99 -Wextra -Wno-unused-result -Wno-unused-parameter -Wno-missing-field-initializers -Werror=implicit-function-declaration -fvisibility=hidden -fprofile-use -fprofile-correction -I./Include/internal  -I. -I./Include    -DPy_BUILD_CORE -o Parser/myreadline.o Parser/myreadline.c
gcc -pthread -c -Wno-unused-result -Wsign-compare -DNDEBUG -g -fwrapv -O3 -Wall    -std=c99 -Wextra -Wno-unused-result -Wno-unused-parameter -Wno-missing-field-initializers -Werror=implicit-function-declaration -fvisibility=hidden -fprofile-use -fprofile-correction -I./Include/internal  -I. -I./Include    -DPy_BUILD_CORE -o Parser/tokenizer.o Parser/tokenizer.c
gcc -pthread -c -Wno-unused-result -Wsign-compare -DNDEBUG -g -fwrapv -O3 -Wall    -std=c99 -Wextra -Wno-unused-result -Wno-unused-parameter -Wno-missing-field-initializers -Werror=implicit-function-declaration -fvisibility=hidden -fprofile-use -fprofile-correction -I./Include/internal  -I. -I./Include    -DPy_BUILD_CORE -o Objects/abstract.o Objects/abstract.c
gcc -pthread -c -Wno-unused-result -Wsign-compare -DNDEBUG -g -fwrapv -O3 -Wall    -std=c99 -Wextra -Wno-unused-result -Wno-unused-parameter -Wno-missing-field-initializers -Werror=implicit-function-declaration -fvisibility=hidden -fprofile-use -fprofile-correction -I./Include/internal  -I. -I./Include    -DPy_BUILD_CORE -o Objects/accu.o Objects/accu.c
gcc -pthread -c -Wno-unused-result -Wsign-compare -DNDEBUG -g -fwrapv -O3 -Wall    -std=c99 -Wextra -Wno-unused-result -Wno-unused-parameter -Wno-missing-field-initializers -Werror=implicit-function-declaration -fvisibility=hidden -fprofile-use -fprofile-correction -I./Include/internal  -I. -I./Include    -DPy_BUILD_CORE -o Objects/boolobject.o Objects/boolobject.c
gcc -pthread -c -Wno-unused-result -Wsign-compare -DNDEBUG -g -fwrapv -O3 -Wall    -std=c99 -Wextra -Wno-unused-result -Wno-unused-parameter -Wno-missing-field-initializers -Werror=implicit-function-declaration -fvisibility=hidden -fprofile-use -fprofile-correction -I./Include/internal  -I. -I./Include    -DPy_BUILD_CORE -o Objects/bytes_methods.o Objects/bytes_methods.c
Objects/bytes_methods.c: In function ‘find_internal’:
Objects/bytes_methods.c:523:31: warning: ‘subobj’ may be used uninitialized in this function [-Wmaybe-uninitialized]
         if (PyObject_GetBuffer(subobj, &subbuf, PyBUF_SIMPLE) != 0)
                               ^
Objects/bytes_methods.c: In function ‘_Py_bytes_find’:
Objects/bytes_methods.c:523:31: warning: ‘subobj’ may be used uninitialized in this function [-Wmaybe-uninitialized]
Objects/bytes_methods.c:510:15: note: ‘subobj’ was declared here
     PyObject *subobj;
               ^
Objects/bytes_methods.c: In function ‘_Py_bytes_rfind’:
Objects/bytes_methods.c:523:31: warning: ‘subobj’ may be used uninitialized in this function [-Wmaybe-uninitialized]
         if (PyObject_GetBuffer(subobj, &subbuf, PyBUF_SIMPLE) != 0)
                               ^
Objects/bytes_methods.c:510:15: note: ‘subobj’ was declared here
     PyObject *subobj;
               ^
Objects/bytes_methods.c: In function ‘_Py_bytes_count’:
Objects/bytes_methods.c:672:31: warning: ‘sub_obj’ may be used uninitialized in this function [-Wmaybe-uninitialized]
         if (PyObject_GetBuffer(sub_obj, &vsub, PyBUF_SIMPLE) != 0)
                               ^
gcc -pthread -c -Wno-unused-result -Wsign-compare -DNDEBUG -g -fwrapv -O3 -Wall    -std=c99 -Wextra -Wno-unused-result -Wno-unused-parameter -Wno-missing-field-initializers -Werror=implicit-function-declaration -fvisibility=hidden -fprofile-use -fprofile-correction -I./Include/internal  -I. -I./Include    -DPy_BUILD_CORE -o Objects/bytearrayobject.o Objects/bytearrayobject.c
gcc -pthread -c -Wno-unused-result -Wsign-compare -DNDEBUG -g -fwrapv -O3 -Wall    -std=c99 -Wextra -Wno-unused-result -Wno-unused-parameter -Wno-missing-field-initializers -Werror=implicit-function-declaration -fvisibility=hidden -fprofile-use -fprofile-correction -I./Include/internal  -I. -I./Include    -DPy_BUILD_CORE -o Objects/bytesobject.o Objects/bytesobject.c
gcc -pthread -c -Wno-unused-result -Wsign-compare -DNDEBUG -g -fwrapv -O3 -Wall    -std=c99 -Wextra -Wno-unused-result -Wno-unused-parameter -Wno-missing-field-initializers -Werror=implicit-function-declaration -fvisibility=hidden -fprofile-use -fprofile-correction -I./Include/internal  -I. -I./Include    -DPy_BUILD_CORE -o Objects/call.o Objects/call.c
gcc -pthread -c -Wno-unused-result -Wsign-compare -DNDEBUG -g -fwrapv -O3 -Wall    -std=c99 -Wextra -Wno-unused-result -Wno-unused-parameter -Wno-missing-field-initializers -Werror=implicit-function-declaration -fvisibility=hidden -fprofile-use -fprofile-correction -I./Include/internal  -I. -I./Include    -DPy_BUILD_CORE -o Objects/capsule.o Objects/capsule.c
gcc -pthread -c -Wno-unused-result -Wsign-compare -DNDEBUG -g -fwrapv -O3 -Wall    -std=c99 -Wextra -Wno-unused-result -Wno-unused-parameter -Wno-missing-field-initializers -Werror=implicit-function-declaration -fvisibility=hidden -fprofile-use -fprofile-correction -I./Include/internal  -I. -I./Include    -DPy_BUILD_CORE -o Objects/cellobject.o Objects/cellobject.c
gcc -pthread -c -Wno-unused-result -Wsign-compare -DNDEBUG -g -fwrapv -O3 -Wall    -std=c99 -Wextra -Wno-unused-result -Wno-unused-parameter -Wno-missing-field-initializers -Werror=implicit-function-declaration -fvisibility=hidden -fprofile-use -fprofile-correction -I./Include/internal  -I. -I./Include    -DPy_BUILD_CORE -o Objects/classobject.o Objects/classobject.c
gcc -pthread -c -Wno-unused-result -Wsign-compare -DNDEBUG -g -fwrapv -O3 -Wall    -std=c99 -Wextra -Wno-unused-result -Wno-unused-parameter -Wno-missing-field-initializers -Werror=implicit-function-declaration -fvisibility=hidden -fprofile-use -fprofile-correction -I./Include/internal  -I. -I./Include    -DPy_BUILD_CORE -o Objects/codeobject.o Objects/codeobject.c
gcc -pthread -c -Wno-unused-result -Wsign-compare -DNDEBUG -g -fwrapv -O3 -Wall    -std=c99 -Wextra -Wno-unused-result -Wno-unused-parameter -Wno-missing-field-initializers -Werror=implicit-function-declaration -fvisibility=hidden -fprofile-use -fprofile-correction -I./Include/internal  -I. -I./Include    -DPy_BUILD_CORE -o Objects/complexobject.o Objects/complexobject.c
gcc -pthread -c -Wno-unused-result -Wsign-compare -DNDEBUG -g -fwrapv -O3 -Wall    -std=c99 -Wextra -Wno-unused-result -Wno-unused-parameter -Wno-missing-field-initializers -Werror=implicit-function-declaration -fvisibility=hidden -fprofile-use -fprofile-correction -I./Include/internal  -I. -I./Include    -DPy_BUILD_CORE -o Objects/descrobject.o Objects/descrobject.c
gcc -pthread -c -Wno-unused-result -Wsign-compare -DNDEBUG -g -fwrapv -O3 -Wall    -std=c99 -Wextra -Wno-unused-result -Wno-unused-parameter -Wno-missing-field-initializers -Werror=implicit-function-declaration -fvisibility=hidden -fprofile-use -fprofile-correction -I./Include/internal  -I. -I./Include    -DPy_BUILD_CORE -o Objects/enumobject.o Objects/enumobject.c
gcc -pthread -c -Wno-unused-result -Wsign-compare -DNDEBUG -g -fwrapv -O3 -Wall    -std=c99 -Wextra -Wno-unused-result -Wno-unused-parameter -Wno-missing-field-initializers -Werror=implicit-function-declaration -fvisibility=hidden -fprofile-use -fprofile-correction -I./Include/internal  -I. -I./Include    -DPy_BUILD_CORE -o Objects/exceptions.o Objects/exceptions.c
gcc -pthread -c -Wno-unused-result -Wsign-compare -DNDEBUG -g -fwrapv -O3 -Wall    -std=c99 -Wextra -Wno-unused-result -Wno-unused-parameter -Wno-missing-field-initializers -Werror=implicit-function-declaration -fvisibility=hidden -fprofile-use -fprofile-correction -I./Include/internal  -I. -I./Include    -DPy_BUILD_CORE -o Objects/genericaliasobject.o Objects/genericaliasobject.c
gcc -pthread -c -Wno-unused-result -Wsign-compare -DNDEBUG -g -fwrapv -O3 -Wall    -std=c99 -Wextra -Wno-unused-result -Wno-unused-parameter -Wno-missing-field-initializers -Werror=implicit-function-declaration -fvisibility=hidden -fprofile-use -fprofile-correction -I./Include/internal  -I. -I./Include    -DPy_BUILD_CORE -o Objects/genobject.o Objects/genobject.c
gcc -pthread -c -Wno-unused-result -Wsign-compare -DNDEBUG -g -fwrapv -O3 -Wall    -std=c99 -Wextra -Wno-unused-result -Wno-unused-parameter -Wno-missing-field-initializers -Werror=implicit-function-declaration -fvisibility=hidden -fprofile-use -fprofile-correction -I./Include/internal  -I. -I./Include    -DPy_BUILD_CORE -o Objects/fileobject.o Objects/fileobject.c
gcc -pthread -c -Wno-unused-result -Wsign-compare -DNDEBUG -g -fwrapv -O3 -Wall    -std=c99 -Wextra -Wno-unused-result -Wno-unused-parameter -Wno-missing-field-initializers -Werror=implicit-function-declaration -fvisibility=hidden -fprofile-use -fprofile-correction -I./Include/internal  -I. -I./Include    -DPy_BUILD_CORE -o Objects/floatobject.o Objects/floatobject.c
gcc -pthread -c -Wno-unused-result -Wsign-compare -DNDEBUG -g -fwrapv -O3 -Wall    -std=c99 -Wextra -Wno-unused-result -Wno-unused-parameter -Wno-missing-field-initializers -Werror=implicit-function-declaration -fvisibility=hidden -fprofile-use -fprofile-correction -I./Include/internal  -I. -I./Include    -DPy_BUILD_CORE -o Objects/frameobject.o Objects/frameobject.c
gcc -pthread -c -Wno-unused-result -Wsign-compare -DNDEBUG -g -fwrapv -O3 -Wall    -std=c99 -Wextra -Wno-unused-result -Wno-unused-parameter -Wno-missing-field-initializers -Werror=implicit-function-declaration -fvisibility=hidden -fprofile-use -fprofile-correction -I./Include/internal  -I. -I./Include    -DPy_BUILD_CORE -o Objects/funcobject.o Objects/funcobject.c
gcc -pthread -c -Wno-unused-result -Wsign-compare -DNDEBUG -g -fwrapv -O3 -Wall    -std=c99 -Wextra -Wno-unused-result -Wno-unused-parameter -Wno-missing-field-initializers -Werror=implicit-function-declaration -fvisibility=hidden -fprofile-use -fprofile-correction -I./Include/internal  -I. -I./Include    -DPy_BUILD_CORE -o Objects/interpreteridobject.o Objects/interpreteridobject.c
gcc -pthread -c -Wno-unused-result -Wsign-compare -DNDEBUG -g -fwrapv -O3 -Wall    -std=c99 -Wextra -Wno-unused-result -Wno-unused-parameter -Wno-missing-field-initializers -Werror=implicit-function-declaration -fvisibility=hidden -fprofile-use -fprofile-correction -I./Include/internal  -I. -I./Include    -DPy_BUILD_CORE -o Objects/iterobject.o Objects/iterobject.c
gcc -pthread -c -Wno-unused-result -Wsign-compare -DNDEBUG -g -fwrapv -O3 -Wall    -std=c99 -Wextra -Wno-unused-result -Wno-unused-parameter -Wno-missing-field-initializers -Werror=implicit-function-declaration -fvisibility=hidden -fprofile-use -fprofile-correction -I./Include/internal  -I. -I./Include    -DPy_BUILD_CORE -o Objects/listobject.o Objects/listobject.c
gcc -pthread -c -Wno-unused-result -Wsign-compare -DNDEBUG -g -fwrapv -O3 -Wall    -std=c99 -Wextra -Wno-unused-result -Wno-unused-parameter -Wno-missing-field-initializers -Werror=implicit-function-declaration -fvisibility=hidden -fprofile-use -fprofile-correction -I./Include/internal  -I. -I./Include    -DPy_BUILD_CORE -o Objects/longobject.o Objects/longobject.c
gcc -pthread -c -Wno-unused-result -Wsign-compare -DNDEBUG -g -fwrapv -O3 -Wall    -std=c99 -Wextra -Wno-unused-result -Wno-unused-parameter -Wno-missing-field-initializers -Werror=implicit-function-declaration -fvisibility=hidden -fprofile-use -fprofile-correction -I./Include/internal  -I. -I./Include    -DPy_BUILD_CORE -o Objects/dictobject.o Objects/dictobject.c
gcc -pthread -c -Wno-unused-result -Wsign-compare -DNDEBUG -g -fwrapv -O3 -Wall    -std=c99 -Wextra -Wno-unused-result -Wno-unused-parameter -Wno-missing-field-initializers -Werror=implicit-function-declaration -fvisibility=hidden -fprofile-use -fprofile-correction -I./Include/internal  -I. -I./Include    -DPy_BUILD_CORE -o Objects/odictobject.o Objects/odictobject.c
gcc -pthread -c -Wno-unused-result -Wsign-compare -DNDEBUG -g -fwrapv -O3 -Wall    -std=c99 -Wextra -Wno-unused-result -Wno-unused-parameter -Wno-missing-field-initializers -Werror=implicit-function-declaration -fvisibility=hidden -fprofile-use -fprofile-correction -I./Include/internal  -I. -I./Include    -DPy_BUILD_CORE -o Objects/memoryobject.o Objects/memoryobject.c
gcc -pthread -c -Wno-unused-result -Wsign-compare -DNDEBUG -g -fwrapv -O3 -Wall    -std=c99 -Wextra -Wno-unused-result -Wno-unused-parameter -Wno-missing-field-initializers -Werror=implicit-function-declaration -fvisibility=hidden -fprofile-use -fprofile-correction -I./Include/internal  -I. -I./Include    -DPy_BUILD_CORE -o Objects/methodobject.o Objects/methodobject.c
gcc -pthread -c -Wno-unused-result -Wsign-compare -DNDEBUG -g -fwrapv -O3 -Wall    -std=c99 -Wextra -Wno-unused-result -Wno-unused-parameter -Wno-missing-field-initializers -Werror=implicit-function-declaration -fvisibility=hidden -fprofile-use -fprofile-correction -I./Include/internal  -I. -I./Include    -DPy_BUILD_CORE -o Objects/moduleobject.o Objects/moduleobject.c
gcc -pthread -c -Wno-unused-result -Wsign-compare -DNDEBUG -g -fwrapv -O3 -Wall    -std=c99 -Wextra -Wno-unused-result -Wno-unused-parameter -Wno-missing-field-initializers -Werror=implicit-function-declaration -fvisibility=hidden -fprofile-use -fprofile-correction -I./Include/internal  -I. -I./Include    -DPy_BUILD_CORE -o Objects/namespaceobject.o Objects/namespaceobject.c
gcc -pthread -c -Wno-unused-result -Wsign-compare -DNDEBUG -g -fwrapv -O3 -Wall    -std=c99 -Wextra -Wno-unused-result -Wno-unused-parameter -Wno-missing-field-initializers -Werror=implicit-function-declaration -fvisibility=hidden -fprofile-use -fprofile-correction -I./Include/internal  -I. -I./Include    -DPy_BUILD_CORE -o Objects/object.o Objects/object.c
gcc -pthread -c -Wno-unused-result -Wsign-compare -DNDEBUG -g -fwrapv -O3 -Wall    -std=c99 -Wextra -Wno-unused-result -Wno-unused-parameter -Wno-missing-field-initializers -Werror=implicit-function-declaration -fvisibility=hidden -fprofile-use -fprofile-correction -I./Include/internal  -I. -I./Include    -DPy_BUILD_CORE -o Objects/obmalloc.o Objects/obmalloc.c
Objects/obmalloc.c:1413:1: warning: always_inline function might not be inlinable [-Wattributes]
 arena_map_get(block *p, int create)
 ^
gcc -pthread -c -Wno-unused-result -Wsign-compare -DNDEBUG -g -fwrapv -O3 -Wall    -std=c99 -Wextra -Wno-unused-result -Wno-unused-parameter -Wno-missing-field-initializers -Werror=implicit-function-declaration -fvisibility=hidden -fprofile-use -fprofile-correction -I./Include/internal  -I. -I./Include    -DPy_BUILD_CORE -o Objects/picklebufobject.o Objects/picklebufobject.c
gcc -pthread -c -Wno-unused-result -Wsign-compare -DNDEBUG -g -fwrapv -O3 -Wall    -std=c99 -Wextra -Wno-unused-result -Wno-unused-parameter -Wno-missing-field-initializers -Werror=implicit-function-declaration -fvisibility=hidden -fprofile-use -fprofile-correction -I./Include/internal  -I. -I./Include    -DPy_BUILD_CORE -o Objects/rangeobject.o Objects/rangeobject.c
gcc -pthread -c -Wno-unused-result -Wsign-compare -DNDEBUG -g -fwrapv -O3 -Wall    -std=c99 -Wextra -Wno-unused-result -Wno-unused-parameter -Wno-missing-field-initializers -Werror=implicit-function-declaration -fvisibility=hidden -fprofile-use -fprofile-correction -I./Include/internal  -I. -I./Include    -DPy_BUILD_CORE -o Objects/setobject.o Objects/setobject.c
gcc -pthread -c -Wno-unused-result -Wsign-compare -DNDEBUG -g -fwrapv -O3 -Wall    -std=c99 -Wextra -Wno-unused-result -Wno-unused-parameter -Wno-missing-field-initializers -Werror=implicit-function-declaration -fvisibility=hidden -fprofile-use -fprofile-correction -I./Include/internal  -I. -I./Include    -DPy_BUILD_CORE -o Objects/sliceobject.o Objects/sliceobject.c
gcc -pthread -c -Wno-unused-result -Wsign-compare -DNDEBUG -g -fwrapv -O3 -Wall    -std=c99 -Wextra -Wno-unused-result -Wno-unused-parameter -Wno-missing-field-initializers -Werror=implicit-function-declaration -fvisibility=hidden -fprofile-use -fprofile-correction -I./Include/internal  -I. -I./Include    -DPy_BUILD_CORE -o Objects/structseq.o Objects/structseq.c
gcc -pthread -c -Wno-unused-result -Wsign-compare -DNDEBUG -g -fwrapv -O3 -Wall    -std=c99 -Wextra -Wno-unused-result -Wno-unused-parameter -Wno-missing-field-initializers -Werror=implicit-function-declaration -fvisibility=hidden -fprofile-use -fprofile-correction -I./Include/internal  -I. -I./Include    -DPy_BUILD_CORE -o Objects/tupleobject.o Objects/tupleobject.c
gcc -pthread -c -Wno-unused-result -Wsign-compare -DNDEBUG -g -fwrapv -O3 -Wall    -std=c99 -Wextra -Wno-unused-result -Wno-unused-parameter -Wno-missing-field-initializers -Werror=implicit-function-declaration -fvisibility=hidden -fprofile-use -fprofile-correction -I./Include/internal  -I. -I./Include    -DPy_BUILD_CORE -o Objects/typeobject.o Objects/typeobject.c
gcc -pthread -c -Wno-unused-result -Wsign-compare -DNDEBUG -g -fwrapv -O3 -Wall    -std=c99 -Wextra -Wno-unused-result -Wno-unused-parameter -Wno-missing-field-initializers -Werror=implicit-function-declaration -fvisibility=hidden -fprofile-use -fprofile-correction -I./Include/internal  -I. -I./Include    -DPy_BUILD_CORE -o Objects/unicodeobject.o Objects/unicodeobject.c
gcc -pthread -c -Wno-unused-result -Wsign-compare -DNDEBUG -g -fwrapv -O3 -Wall    -std=c99 -Wextra -Wno-unused-result -Wno-unused-parameter -Wno-missing-field-initializers -Werror=implicit-function-declaration -fvisibility=hidden -fprofile-use -fprofile-correction -I./Include/internal  -I. -I./Include    -DPy_BUILD_CORE -o Objects/unicodectype.o Objects/unicodectype.c
gcc -pthread -c -Wno-unused-result -Wsign-compare -DNDEBUG -g -fwrapv -O3 -Wall    -std=c99 -Wextra -Wno-unused-result -Wno-unused-parameter -Wno-missing-field-initializers -Werror=implicit-function-declaration -fvisibility=hidden -fprofile-use -fprofile-correction -I./Include/internal  -I. -I./Include    -DPy_BUILD_CORE -o Objects/unionobject.o Objects/unionobject.c
gcc -pthread -c -Wno-unused-result -Wsign-compare -DNDEBUG -g -fwrapv -O3 -Wall    -std=c99 -Wextra -Wno-unused-result -Wno-unused-parameter -Wno-missing-field-initializers -Werror=implicit-function-declaration -fvisibility=hidden -fprofile-use -fprofile-correction -I./Include/internal  -I. -I./Include    -DPy_BUILD_CORE -o Objects/weakrefobject.o Objects/weakrefobject.c
gcc -pthread -c -Wno-unused-result -Wsign-compare -DNDEBUG -g -fwrapv -O3 -Wall    -std=c99 -Wextra -Wno-unused-result -Wno-unused-parameter -Wno-missing-field-initializers -Werror=implicit-function-declaration -fvisibility=hidden -fprofile-use -fprofile-correction -I./Include/internal  -I. -I./Include    -DPy_BUILD_CORE -o Python/_warnings.o Python/_warnings.c
gcc -pthread -c -Wno-unused-result -Wsign-compare -DNDEBUG -g -fwrapv -O3 -Wall    -std=c99 -Wextra -Wno-unused-result -Wno-unused-parameter -Wno-missing-field-initializers -Werror=implicit-function-declaration -fvisibility=hidden -fprofile-use -fprofile-correction -I./Include/internal  -I. -I./Include    -DPy_BUILD_CORE -o Python/Python-ast.o Python/Python-ast.c
gcc -pthread -c -Wno-unused-result -Wsign-compare -DNDEBUG -g -fwrapv -O3 -Wall    -std=c99 -Wextra -Wno-unused-result -Wno-unused-parameter -Wno-missing-field-initializers -Werror=implicit-function-declaration -fvisibility=hidden -fprofile-use -fprofile-correction -I./Include/internal  -I. -I./Include    -DPy_BUILD_CORE -o Python/asdl.o Python/asdl.c
gcc -pthread -c -Wno-unused-result -Wsign-compare -DNDEBUG -g -fwrapv -O3 -Wall    -std=c99 -Wextra -Wno-unused-result -Wno-unused-parameter -Wno-missing-field-initializers -Werror=implicit-function-declaration -fvisibility=hidden -fprofile-use -fprofile-correction -I./Include/internal  -I. -I./Include    -DPy_BUILD_CORE -o Python/ast.o Python/ast.c
gcc -pthread -c -Wno-unused-result -Wsign-compare -DNDEBUG -g -fwrapv -O3 -Wall    -std=c99 -Wextra -Wno-unused-result -Wno-unused-parameter -Wno-missing-field-initializers -Werror=implicit-function-declaration -fvisibility=hidden -fprofile-use -fprofile-correction -I./Include/internal  -I. -I./Include    -DPy_BUILD_CORE -o Python/ast_opt.o Python/ast_opt.c
gcc -pthread -c -Wno-unused-result -Wsign-compare -DNDEBUG -g -fwrapv -O3 -Wall    -std=c99 -Wextra -Wno-unused-result -Wno-unused-parameter -Wno-missing-field-initializers -Werror=implicit-function-declaration -fvisibility=hidden -fprofile-use -fprofile-correction -I./Include/internal  -I. -I./Include    -DPy_BUILD_CORE -o Python/ast_unparse.o Python/ast_unparse.c
gcc -pthread -c -Wno-unused-result -Wsign-compare -DNDEBUG -g -fwrapv -O3 -Wall    -std=c99 -Wextra -Wno-unused-result -Wno-unused-parameter -Wno-missing-field-initializers -Werror=implicit-function-declaration -fvisibility=hidden -fprofile-use -fprofile-correction -I./Include/internal  -I. -I./Include    -DPy_BUILD_CORE -o Python/bltinmodule.o Python/bltinmodule.c
gcc -pthread -c -Wno-unused-result -Wsign-compare -DNDEBUG -g -fwrapv -O3 -Wall    -std=c99 -Wextra -Wno-unused-result -Wno-unused-parameter -Wno-missing-field-initializers -Werror=implicit-function-declaration -fvisibility=hidden -fprofile-use -fprofile-correction -I./Include/internal  -I. -I./Include    -DPy_BUILD_CORE -o Python/ceval.o Python/ceval.c
gcc -pthread -c -Wno-unused-result -Wsign-compare -DNDEBUG -g -fwrapv -O3 -Wall    -std=c99 -Wextra -Wno-unused-result -Wno-unused-parameter -Wno-missing-field-initializers -Werror=implicit-function-declaration -fvisibility=hidden -fprofile-use -fprofile-correction -I./Include/internal  -I. -I./Include    -DPy_BUILD_CORE -o Python/codecs.o Python/codecs.c
gcc -pthread -c -Wno-unused-result -Wsign-compare -DNDEBUG -g -fwrapv -O3 -Wall    -std=c99 -Wextra -Wno-unused-result -Wno-unused-parameter -Wno-missing-field-initializers -Werror=implicit-function-declaration -fvisibility=hidden -fprofile-use -fprofile-correction -I./Include/internal  -I. -I./Include    -DPy_BUILD_CORE -o Python/compile.o Python/compile.c
gcc -pthread -c -Wno-unused-result -Wsign-compare -DNDEBUG -g -fwrapv -O3 -Wall    -std=c99 -Wextra -Wno-unused-result -Wno-unused-parameter -Wno-missing-field-initializers -Werror=implicit-function-declaration -fvisibility=hidden -fprofile-use -fprofile-correction -I./Include/internal  -I. -I./Include    -DPy_BUILD_CORE -o Python/context.o Python/context.c
gcc -pthread -c -Wno-unused-result -Wsign-compare -DNDEBUG -g -fwrapv -O3 -Wall    -std=c99 -Wextra -Wno-unused-result -Wno-unused-parameter -Wno-missing-field-initializers -Werror=implicit-function-declaration -fvisibility=hidden -fprofile-use -fprofile-correction -I./Include/internal  -I. -I./Include    -DPy_BUILD_CORE -o Python/dynamic_annotations.o Python/dynamic_annotations.c
gcc -pthread -c -Wno-unused-result -Wsign-compare -DNDEBUG -g -fwrapv -O3 -Wall    -std=c99 -Wextra -Wno-unused-result -Wno-unused-parameter -Wno-missing-field-initializers -Werror=implicit-function-declaration -fvisibility=hidden -fprofile-use -fprofile-correction -I./Include/internal  -I. -I./Include    -DPy_BUILD_CORE -o Python/errors.o Python/errors.c
gcc -pthread -c -Wno-unused-result -Wsign-compare -DNDEBUG -g -fwrapv -O3 -Wall    -std=c99 -Wextra -Wno-unused-result -Wno-unused-parameter -Wno-missing-field-initializers -Werror=implicit-function-declaration -fvisibility=hidden -fprofile-use -fprofile-correction -I./Include/internal  -I. -I./Include    -DPy_BUILD_CORE -o Python/frozenmain.o Python/frozenmain.c
Python/frozenmain.c: In function ‘Py_FrozenMain’:
Python/frozenmain.c:129:1: note: file /home/shenjj3/Python-3.10.15/Python/frozenmain.gcda not found, execution counts estimated
 }
 ^
gcc -pthread -c -Wno-unused-result -Wsign-compare -DNDEBUG -g -fwrapv -O3 -Wall    -std=c99 -Wextra -Wno-unused-result -Wno-unused-parameter -Wno-missing-field-initializers -Werror=implicit-function-declaration -fvisibility=hidden -fprofile-use -fprofile-correction -I./Include/internal  -I. -I./Include    -DPy_BUILD_CORE -o Python/future.o Python/future.c
gcc -pthread -c -Wno-unused-result -Wsign-compare -DNDEBUG -g -fwrapv -O3 -Wall    -std=c99 -Wextra -Wno-unused-result -Wno-unused-parameter -Wno-missing-field-initializers -Werror=implicit-function-declaration -fvisibility=hidden -fprofile-use -fprofile-correction -I./Include/internal  -I. -I./Include    -DPy_BUILD_CORE -o Python/getargs.o Python/getargs.c
gcc -pthread -c -Wno-unused-result -Wsign-compare -DNDEBUG -g -fwrapv -O3 -Wall    -std=c99 -Wextra -Wno-unused-result -Wno-unused-parameter -Wno-missing-field-initializers -Werror=implicit-function-declaration -fvisibility=hidden -fprofile-use -fprofile-correction -I./Include/internal  -I. -I./Include    -DPy_BUILD_CORE -o Python/getcompiler.o Python/getcompiler.c
gcc -pthread -c -Wno-unused-result -Wsign-compare -DNDEBUG -g -fwrapv -O3 -Wall    -std=c99 -Wextra -Wno-unused-result -Wno-unused-parameter -Wno-missing-field-initializers -Werror=implicit-function-declaration -fvisibility=hidden -fprofile-use -fprofile-correction -I./Include/internal  -I. -I./Include    -DPy_BUILD_CORE -o Python/getcopyright.o Python/getcopyright.c
gcc -pthread -c -Wno-unused-result -Wsign-compare -DNDEBUG -g -fwrapv -O3 -Wall    -std=c99 -Wextra -Wno-unused-result -Wno-unused-parameter -Wno-missing-field-initializers -Werror=implicit-function-declaration -fvisibility=hidden -fprofile-use -fprofile-correction -I./Include/internal  -I. -I./Include    -DPy_BUILD_CORE -DPLATFORM='"linux"' -o Python/getplatform.o ./Python/getplatform.c
gcc -pthread -c -Wno-unused-result -Wsign-compare -DNDEBUG -g -fwrapv -O3 -Wall    -std=c99 -Wextra -Wno-unused-result -Wno-unused-parameter -Wno-missing-field-initializers -Werror=implicit-function-declaration -fvisibility=hidden -fprofile-use -fprofile-correction -I./Include/internal  -I. -I./Include    -DPy_BUILD_CORE -o Python/getversion.o Python/getversion.c
gcc -pthread -c -Wno-unused-result -Wsign-compare -DNDEBUG -g -fwrapv -O3 -Wall    -std=c99 -Wextra -Wno-unused-result -Wno-unused-parameter -Wno-missing-field-initializers -Werror=implicit-function-declaration -fvisibility=hidden -fprofile-use -fprofile-correction -I./Include/internal  -I. -I./Include    -DPy_BUILD_CORE -o Python/hamt.o Python/hamt.c
gcc -pthread -c -Wno-unused-result -Wsign-compare -DNDEBUG -g -fwrapv -O3 -Wall    -std=c99 -Wextra -Wno-unused-result -Wno-unused-parameter -Wno-missing-field-initializers -Werror=implicit-function-declaration -fvisibility=hidden -fprofile-use -fprofile-correction -I./Include/internal  -I. -I./Include    -DPy_BUILD_CORE -o Python/hashtable.o Python/hashtable.c
gcc -pthread -c -Wno-unused-result -Wsign-compare -DNDEBUG -g -fwrapv -O3 -Wall    -std=c99 -Wextra -Wno-unused-result -Wno-unused-parameter -Wno-missing-field-initializers -Werror=implicit-function-declaration -fvisibility=hidden -fprofile-use -fprofile-correction -I./Include/internal  -I. -I./Include    -DPy_BUILD_CORE -o Python/import.o Python/import.c
gcc -pthread -c -Wno-unused-result -Wsign-compare -DNDEBUG -g -fwrapv -O3 -Wall    -std=c99 -Wextra -Wno-unused-result -Wno-unused-parameter -Wno-missing-field-initializers -Werror=implicit-function-declaration -fvisibility=hidden -fprofile-use -fprofile-correction -I./Include/internal  -I. -I./Include    -DPy_BUILD_CORE -I. -o Python/importdl.o ./Python/importdl.c
gcc -pthread -c -Wno-unused-result -Wsign-compare -DNDEBUG -g -fwrapv -O3 -Wall    -std=c99 -Wextra -Wno-unused-result -Wno-unused-parameter -Wno-missing-field-initializers -Werror=implicit-function-declaration -fvisibility=hidden -fprofile-use -fprofile-correction -I./Include/internal  -I. -I./Include    -DPy_BUILD_CORE \
	-DPLATLIBDIR='"lib"' \
	-o Python/initconfig.o ./Python/initconfig.c
gcc -pthread -c -Wno-unused-result -Wsign-compare -DNDEBUG -g -fwrapv -O3 -Wall    -std=c99 -Wextra -Wno-unused-result -Wno-unused-parameter -Wno-missing-field-initializers -Werror=implicit-function-declaration -fvisibility=hidden -fprofile-use -fprofile-correction -I./Include/internal  -I. -I./Include    -DPy_BUILD_CORE -o Python/marshal.o Python/marshal.c
gcc -pthread -c -Wno-unused-result -Wsign-compare -DNDEBUG -g -fwrapv -O3 -Wall    -std=c99 -Wextra -Wno-unused-result -Wno-unused-parameter -Wno-missing-field-initializers -Werror=implicit-function-declaration -fvisibility=hidden -fprofile-use -fprofile-correction -I./Include/internal  -I. -I./Include    -DPy_BUILD_CORE -o Python/modsupport.o Python/modsupport.c
gcc -pthread -c -Wno-unused-result -Wsign-compare -DNDEBUG -g -fwrapv -O3 -Wall    -std=c99 -Wextra -Wno-unused-result -Wno-unused-parameter -Wno-missing-field-initializers -Werror=implicit-function-declaration -fvisibility=hidden -fprofile-use -fprofile-correction -I./Include/internal  -I. -I./Include    -DPy_BUILD_CORE -o Python/mysnprintf.o Python/mysnprintf.c
gcc -pthread -c -Wno-unused-result -Wsign-compare -DNDEBUG -g -fwrapv -O3 -Wall    -std=c99 -Wextra -Wno-unused-result -Wno-unused-parameter -Wno-missing-field-initializers -Werror=implicit-function-declaration -fvisibility=hidden -fprofile-use -fprofile-correction -I./Include/internal  -I. -I./Include    -DPy_BUILD_CORE -o Python/mystrtoul.o Python/mystrtoul.c
gcc -pthread -c -Wno-unused-result -Wsign-compare -DNDEBUG -g -fwrapv -O3 -Wall    -std=c99 -Wextra -Wno-unused-result -Wno-unused-parameter -Wno-missing-field-initializers -Werror=implicit-function-declaration -fvisibility=hidden -fprofile-use -fprofile-correction -I./Include/internal  -I. -I./Include    -DPy_BUILD_CORE -o Python/pathconfig.o Python/pathconfig.c
gcc -pthread -c -Wno-unused-result -Wsign-compare -DNDEBUG -g -fwrapv -O3 -Wall    -std=c99 -Wextra -Wno-unused-result -Wno-unused-parameter -Wno-missing-field-initializers -Werror=implicit-function-declaration -fvisibility=hidden -fprofile-use -fprofile-correction -I./Include/internal  -I. -I./Include    -DPy_BUILD_CORE -o Python/preconfig.o Python/preconfig.c
gcc -pthread -c -Wno-unused-result -Wsign-compare -DNDEBUG -g -fwrapv -O3 -Wall    -std=c99 -Wextra -Wno-unused-result -Wno-unused-parameter -Wno-missing-field-initializers -Werror=implicit-function-declaration -fvisibility=hidden -fprofile-use -fprofile-correction -I./Include/internal  -I. -I./Include    -DPy_BUILD_CORE -o Python/pyarena.o Python/pyarena.c
gcc -pthread -c -Wno-unused-result -Wsign-compare -DNDEBUG -g -fwrapv -O3 -Wall    -std=c99 -Wextra -Wno-unused-result -Wno-unused-parameter -Wno-missing-field-initializers -Werror=implicit-function-declaration -fvisibility=hidden -fprofile-use -fprofile-correction -I./Include/internal  -I. -I./Include    -DPy_BUILD_CORE -o Python/pyctype.o Python/pyctype.c
gcc -pthread -c -Wno-unused-result -Wsign-compare -DNDEBUG -g -fwrapv -O3 -Wall    -std=c99 -Wextra -Wno-unused-result -Wno-unused-parameter -Wno-missing-field-initializers -Werror=implicit-function-declaration -fvisibility=hidden -fprofile-use -fprofile-correction -I./Include/internal  -I. -I./Include    -DPy_BUILD_CORE -o Python/pyfpe.o Python/pyfpe.c
Python/pyfpe.c: In function ‘PyFPE_dummy’:
Python/pyfpe.c:15:1: note: file /home/shenjj3/Python-3.10.15/Python/pyfpe.gcda not found, execution counts estimated
 }
 ^
gcc -pthread -c -Wno-unused-result -Wsign-compare -DNDEBUG -g -fwrapv -O3 -Wall    -std=c99 -Wextra -Wno-unused-result -Wno-unused-parameter -Wno-missing-field-initializers -Werror=implicit-function-declaration -fvisibility=hidden -fprofile-use -fprofile-correction -I./Include/internal  -I. -I./Include    -DPy_BUILD_CORE -o Python/pyhash.o Python/pyhash.c
gcc -pthread -c -Wno-unused-result -Wsign-compare -DNDEBUG -g -fwrapv -O3 -Wall    -std=c99 -Wextra -Wno-unused-result -Wno-unused-parameter -Wno-missing-field-initializers -Werror=implicit-function-declaration -fvisibility=hidden -fprofile-use -fprofile-correction -I./Include/internal  -I. -I./Include    -DPy_BUILD_CORE -o Python/pylifecycle.o Python/pylifecycle.c
gcc -pthread -c -Wno-unused-result -Wsign-compare -DNDEBUG -g -fwrapv -O3 -Wall    -std=c99 -Wextra -Wno-unused-result -Wno-unused-parameter -Wno-missing-field-initializers -Werror=implicit-function-declaration -fvisibility=hidden -fprofile-use -fprofile-correction -I./Include/internal  -I. -I./Include    -DPy_BUILD_CORE -o Python/pymath.o Python/pymath.c
gcc -pthread -c -Wno-unused-result -Wsign-compare -DNDEBUG -g -fwrapv -O3 -Wall    -std=c99 -Wextra -Wno-unused-result -Wno-unused-parameter -Wno-missing-field-initializers -Werror=implicit-function-declaration -fvisibility=hidden -fprofile-use -fprofile-correction -I./Include/internal  -I. -I./Include    -DPy_BUILD_CORE -o Python/pystate.o Python/pystate.c
gcc -pthread -c -Wno-unused-result -Wsign-compare -DNDEBUG -g -fwrapv -O3 -Wall    -std=c99 -Wextra -Wno-unused-result -Wno-unused-parameter -Wno-missing-field-initializers -Werror=implicit-function-declaration -fvisibility=hidden -fprofile-use -fprofile-correction -I./Include/internal  -I. -I./Include    -DPy_BUILD_CORE -o Python/pythonrun.o Python/pythonrun.c
gcc -pthread -c -Wno-unused-result -Wsign-compare -DNDEBUG -g -fwrapv -O3 -Wall    -std=c99 -Wextra -Wno-unused-result -Wno-unused-parameter -Wno-missing-field-initializers -Werror=implicit-function-declaration -fvisibility=hidden -fprofile-use -fprofile-correction -I./Include/internal  -I. -I./Include    -DPy_BUILD_CORE -o Python/pytime.o Python/pytime.c
gcc -pthread -c -Wno-unused-result -Wsign-compare -DNDEBUG -g -fwrapv -O3 -Wall    -std=c99 -Wextra -Wno-unused-result -Wno-unused-parameter -Wno-missing-field-initializers -Werror=implicit-function-declaration -fvisibility=hidden -fprofile-use -fprofile-correction -I./Include/internal  -I. -I./Include    -DPy_BUILD_CORE -o Python/bootstrap_hash.o Python/bootstrap_hash.c
gcc -pthread -c -Wno-unused-result -Wsign-compare -DNDEBUG -g -fwrapv -O3 -Wall    -std=c99 -Wextra -Wno-unused-result -Wno-unused-parameter -Wno-missing-field-initializers -Werror=implicit-function-declaration -fvisibility=hidden -fprofile-use -fprofile-correction -I./Include/internal  -I. -I./Include    -DPy_BUILD_CORE -o Python/structmember.o Python/structmember.c
gcc -pthread -c -Wno-unused-result -Wsign-compare -DNDEBUG -g -fwrapv -O3 -Wall    -std=c99 -Wextra -Wno-unused-result -Wno-unused-parameter -Wno-missing-field-initializers -Werror=implicit-function-declaration -fvisibility=hidden -fprofile-use -fprofile-correction -I./Include/internal  -I. -I./Include    -DPy_BUILD_CORE -o Python/symtable.o Python/symtable.c
gcc -pthread -c -Wno-unused-result -Wsign-compare -DNDEBUG -g -fwrapv -O3 -Wall    -std=c99 -Wextra -Wno-unused-result -Wno-unused-parameter -Wno-missing-field-initializers -Werror=implicit-function-declaration -fvisibility=hidden -fprofile-use -fprofile-correction -I./Include/internal  -I. -I./Include    -DPy_BUILD_CORE \
	-DABIFLAGS='""' \
	-DMULTIARCH=\"x86_64-linux-gnu\" \
	-o Python/sysmodule.o ./Python/sysmodule.c
gcc -pthread -c -Wno-unused-result -Wsign-compare -DNDEBUG -g -fwrapv -O3 -Wall    -std=c99 -Wextra -Wno-unused-result -Wno-unused-parameter -Wno-missing-field-initializers -Werror=implicit-function-declaration -fvisibility=hidden -fprofile-use -fprofile-correction -I./Include/internal  -I. -I./Include    -DPy_BUILD_CORE -o Python/thread.o Python/thread.c
gcc -pthread -c -Wno-unused-result -Wsign-compare -DNDEBUG -g -fwrapv -O3 -Wall    -std=c99 -Wextra -Wno-unused-result -Wno-unused-parameter -Wno-missing-field-initializers -Werror=implicit-function-declaration -fvisibility=hidden -fprofile-use -fprofile-correction -I./Include/internal  -I. -I./Include    -DPy_BUILD_CORE -o Python/traceback.o Python/traceback.c
gcc -pthread -c -Wno-unused-result -Wsign-compare -DNDEBUG -g -fwrapv -O3 -Wall    -std=c99 -Wextra -Wno-unused-result -Wno-unused-parameter -Wno-missing-field-initializers -Werror=implicit-function-declaration -fvisibility=hidden -fprofile-use -fprofile-correction -I./Include/internal  -I. -I./Include    -DPy_BUILD_CORE -o Python/getopt.o Python/getopt.c
gcc -pthread -c -Wno-unused-result -Wsign-compare -DNDEBUG -g -fwrapv -O3 -Wall    -std=c99 -Wextra -Wno-unused-result -Wno-unused-parameter -Wno-missing-field-initializers -Werror=implicit-function-declaration -fvisibility=hidden -fprofile-use -fprofile-correction -I./Include/internal  -I. -I./Include    -DPy_BUILD_CORE -o Python/pystrcmp.o Python/pystrcmp.c
gcc -pthread -c -Wno-unused-result -Wsign-compare -DNDEBUG -g -fwrapv -O3 -Wall    -std=c99 -Wextra -Wno-unused-result -Wno-unused-parameter -Wno-missing-field-initializers -Werror=implicit-function-declaration -fvisibility=hidden -fprofile-use -fprofile-correction -I./Include/internal  -I. -I./Include    -DPy_BUILD_CORE -o Python/pystrtod.o Python/pystrtod.c
gcc -pthread -c -Wno-unused-result -Wsign-compare -DNDEBUG -g -fwrapv -O3 -Wall    -std=c99 -Wextra -Wno-unused-result -Wno-unused-parameter -Wno-missing-field-initializers -Werror=implicit-function-declaration -fvisibility=hidden -fprofile-use -fprofile-correction -I./Include/internal  -I. -I./Include    -DPy_BUILD_CORE -o Python/pystrhex.o Python/pystrhex.c
gcc -pthread -c -Wno-unused-result -Wsign-compare -DNDEBUG -g -fwrapv -O3 -Wall    -std=c99 -Wextra -Wno-unused-result -Wno-unused-parameter -Wno-missing-field-initializers -Werror=implicit-function-declaration -fvisibility=hidden -fprofile-use -fprofile-correction -I./Include/internal  -I. -I./Include    -DPy_BUILD_CORE  -o Python/dtoa.o Python/dtoa.c
gcc -pthread -c -Wno-unused-result -Wsign-compare -DNDEBUG -g -fwrapv -O3 -Wall    -std=c99 -Wextra -Wno-unused-result -Wno-unused-parameter -Wno-missing-field-initializers -Werror=implicit-function-declaration -fvisibility=hidden -fprofile-use -fprofile-correction -I./Include/internal  -I. -I./Include    -DPy_BUILD_CORE -o Python/formatter_unicode.o Python/formatter_unicode.c
gcc -pthread -c -Wno-unused-result -Wsign-compare -DNDEBUG -g -fwrapv -O3 -Wall    -std=c99 -Wextra -Wno-unused-result -Wno-unused-parameter -Wno-missing-field-initializers -Werror=implicit-function-declaration -fvisibility=hidden -fprofile-use -fprofile-correction -I./Include/internal  -I. -I./Include    -DPy_BUILD_CORE -o Python/fileutils.o Python/fileutils.c
gcc -pthread -c -Wno-unused-result -Wsign-compare -DNDEBUG -g -fwrapv -O3 -Wall    -std=c99 -Wextra -Wno-unused-result -Wno-unused-parameter -Wno-missing-field-initializers -Werror=implicit-function-declaration -fvisibility=hidden -fprofile-use -fprofile-correction -I./Include/internal  -I. -I./Include    -DPy_BUILD_CORE -o Python/suggestions.o Python/suggestions.c
gcc -pthread -c -Wno-unused-result -Wsign-compare -DNDEBUG -g -fwrapv -O3 -Wall    -std=c99 -Wextra -Wno-unused-result -Wno-unused-parameter -Wno-missing-field-initializers -Werror=implicit-function-declaration -fvisibility=hidden -fprofile-use -fprofile-correction -I./Include/internal  -I. -I./Include    -DPy_BUILD_CORE \
	-DSOABI='"cpython-310-x86_64-linux-gnu"' \
	-o Python/dynload_shlib.o ./Python/dynload_shlib.c
gcc -pthread -c -Wno-unused-result -Wsign-compare -DNDEBUG -g -fwrapv -O3 -Wall    -std=c99 -Wextra -Wno-unused-result -Wno-unused-parameter -Wno-missing-field-initializers -Werror=implicit-function-declaration -fvisibility=hidden -fprofile-use -fprofile-correction -I./Include/internal  -I. -I./Include    -DPy_BUILD_CORE -o Modules/config.o Modules/config.c
gcc -pthread -c -Wno-unused-result -Wsign-compare -DNDEBUG -g -fwrapv -O3 -Wall    -std=c99 -Wextra -Wno-unused-result -Wno-unused-parameter -Wno-missing-field-initializers -Werror=implicit-function-declaration -fvisibility=hidden -fprofile-use -fprofile-correction -I./Include/internal  -I. -I./Include    -DPy_BUILD_CORE -DPYTHONPATH='""' \
	-DPREFIX='"/usr/local/python3.10"' \
	-DEXEC_PREFIX='"/usr/local/python3.10"' \
	-DVERSION='"3.10"' \
	-DVPATH='""' \
	-o Modules/getpath.o ./Modules/getpath.c
gcc -pthread -c -Wno-unused-result -Wsign-compare -DNDEBUG -g -fwrapv -O3 -Wall    -std=c99 -Wextra -Wno-unused-result -Wno-unused-parameter -Wno-missing-field-initializers -Werror=implicit-function-declaration -fvisibility=hidden -fprofile-use -fprofile-correction -I./Include/internal  -I. -I./Include    -DPy_BUILD_CORE -o Modules/main.o Modules/main.c
gcc -pthread -c -Wno-unused-result -Wsign-compare -DNDEBUG -g -fwrapv -O3 -Wall    -std=c99 -Wextra -Wno-unused-result -Wno-unused-parameter -Wno-missing-field-initializers -Werror=implicit-function-declaration -fvisibility=hidden -fprofile-use -fprofile-correction -I./Include/internal  -I. -I./Include    -DPy_BUILD_CORE -o Modules/gcmodule.o Modules/gcmodule.c
gcc -pthread -Wno-unused-result -Wsign-compare -DNDEBUG -g -fwrapv -O3 -Wall    -std=c99 -Wextra -Wno-unused-result -Wno-unused-parameter -Wno-missing-field-initializers -Werror=implicit-function-declaration -fvisibility=hidden -fprofile-use -fprofile-correction -I./Include/internal  -I. -I./Include    -DPy_BUILD_CORE_BUILTIN  -DPy_BUILD_CORE_BUILTIN -I./Include/internal -c ./Modules/posixmodule.c -o Modules/posixmodule.o
gcc -pthread -Wno-unused-result -Wsign-compare -DNDEBUG -g -fwrapv -O3 -Wall    -std=c99 -Wextra -Wno-unused-result -Wno-unused-parameter -Wno-missing-field-initializers -Werror=implicit-function-declaration -fvisibility=hidden -fprofile-use -fprofile-correction -I./Include/internal  -I. -I./Include    -DPy_BUILD_CORE_BUILTIN  -c ./Modules/errnomodule.c -o Modules/errnomodule.o
gcc -pthread -Wno-unused-result -Wsign-compare -DNDEBUG -g -fwrapv -O3 -Wall    -std=c99 -Wextra -Wno-unused-result -Wno-unused-parameter -Wno-missing-field-initializers -Werror=implicit-function-declaration -fvisibility=hidden -fprofile-use -fprofile-correction -I./Include/internal  -I. -I./Include    -DPy_BUILD_CORE_BUILTIN  -c ./Modules/pwdmodule.c -o Modules/pwdmodule.o
gcc -pthread -Wno-unused-result -Wsign-compare -DNDEBUG -g -fwrapv -O3 -Wall    -std=c99 -Wextra -Wno-unused-result -Wno-unused-parameter -Wno-missing-field-initializers -Werror=implicit-function-declaration -fvisibility=hidden -fprofile-use -fprofile-correction -I./Include/internal  -I. -I./Include    -DPy_BUILD_CORE_BUILTIN  -DPy_BUILD_CORE_BUILTIN -c ./Modules/_sre.c -o Modules/_sre.o
gcc -pthread -Wno-unused-result -Wsign-compare -DNDEBUG -g -fwrapv -O3 -Wall    -std=c99 -Wextra -Wno-unused-result -Wno-unused-parameter -Wno-missing-field-initializers -Werror=implicit-function-declaration -fvisibility=hidden -fprofile-use -fprofile-correction -I./Include/internal  -I. -I./Include    -DPy_BUILD_CORE_BUILTIN  -c ./Modules/_codecsmodule.c -o Modules/_codecsmodule.o
gcc -pthread -Wno-unused-result -Wsign-compare -DNDEBUG -g -fwrapv -O3 -Wall    -std=c99 -Wextra -Wno-unused-result -Wno-unused-parameter -Wno-missing-field-initializers -Werror=implicit-function-declaration -fvisibility=hidden -fprofile-use -fprofile-correction -I./Include/internal  -I. -I./Include    -DPy_BUILD_CORE_BUILTIN  -c ./Modules/_weakref.c -o Modules/_weakref.o
gcc -pthread -Wno-unused-result -Wsign-compare -DNDEBUG -g -fwrapv -O3 -Wall    -std=c99 -Wextra -Wno-unused-result -Wno-unused-parameter -Wno-missing-field-initializers -Werror=implicit-function-declaration -fvisibility=hidden -fprofile-use -fprofile-correction -I./Include/internal  -I. -I./Include    -DPy_BUILD_CORE_BUILTIN  -DPy_BUILD_CORE_BUILTIN -I./Include/internal -c ./Modules/_functoolsmodule.c -o Modules/_functoolsmodule.o
gcc -pthread -Wno-unused-result -Wsign-compare -DNDEBUG -g -fwrapv -O3 -Wall    -std=c99 -Wextra -Wno-unused-result -Wno-unused-parameter -Wno-missing-field-initializers -Werror=implicit-function-declaration -fvisibility=hidden -fprofile-use -fprofile-correction -I./Include/internal  -I. -I./Include    -DPy_BUILD_CORE_BUILTIN  -DPy_BUILD_CORE_BUILTIN -c ./Modules/_operator.c -o Modules/_operator.o
gcc -pthread -Wno-unused-result -Wsign-compare -DNDEBUG -g -fwrapv -O3 -Wall    -std=c99 -Wextra -Wno-unused-result -Wno-unused-parameter -Wno-missing-field-initializers -Werror=implicit-function-declaration -fvisibility=hidden -fprofile-use -fprofile-correction -I./Include/internal  -I. -I./Include    -DPy_BUILD_CORE_BUILTIN  -c ./Modules/_collectionsmodule.c -o Modules/_collectionsmodule.o
gcc -pthread -Wno-unused-result -Wsign-compare -DNDEBUG -g -fwrapv -O3 -Wall    -std=c99 -Wextra -Wno-unused-result -Wno-unused-parameter -Wno-missing-field-initializers -Werror=implicit-function-declaration -fvisibility=hidden -fprofile-use -fprofile-correction -I./Include/internal  -I. -I./Include    -DPy_BUILD_CORE_BUILTIN  -DPy_BUILD_CORE_BUILTIN -c ./Modules/_abc.c -o Modules/_abc.o
gcc -pthread -Wno-unused-result -Wsign-compare -DNDEBUG -g -fwrapv -O3 -Wall    -std=c99 -Wextra -Wno-unused-result -Wno-unused-parameter -Wno-missing-field-initializers -Werror=implicit-function-declaration -fvisibility=hidden -fprofile-use -fprofile-correction -I./Include/internal  -I. -I./Include    -DPy_BUILD_CORE_BUILTIN  -c ./Modules/itertoolsmodule.c -o Modules/itertoolsmodule.o
gcc -pthread -Wno-unused-result -Wsign-compare -DNDEBUG -g -fwrapv -O3 -Wall    -std=c99 -Wextra -Wno-unused-result -Wno-unused-parameter -Wno-missing-field-initializers -Werror=implicit-function-declaration -fvisibility=hidden -fprofile-use -fprofile-correction -I./Include/internal  -I. -I./Include    -DPy_BUILD_CORE_BUILTIN  -c ./Modules/atexitmodule.c -o Modules/atexitmodule.o
gcc -pthread -Wno-unused-result -Wsign-compare -DNDEBUG -g -fwrapv -O3 -Wall    -std=c99 -Wextra -Wno-unused-result -Wno-unused-parameter -Wno-missing-field-initializers -Werror=implicit-function-declaration -fvisibility=hidden -fprofile-use -fprofile-correction -I./Include/internal  -I. -I./Include    -DPy_BUILD_CORE_BUILTIN  -DPy_BUILD_CORE_BUILTIN -I./Include/internal -c ./Modules/signalmodule.c -o Modules/signalmodule.o
gcc -pthread -Wno-unused-result -Wsign-compare -DNDEBUG -g -fwrapv -O3 -Wall    -std=c99 -Wextra -Wno-unused-result -Wno-unused-parameter -Wno-missing-field-initializers -Werror=implicit-function-declaration -fvisibility=hidden -fprofile-use -fprofile-correction -I./Include/internal  -I. -I./Include    -DPy_BUILD_CORE_BUILTIN  -c ./Modules/_stat.c -o Modules/_stat.o
gcc -pthread -Wno-unused-result -Wsign-compare -DNDEBUG -g -fwrapv -O3 -Wall    -std=c99 -Wextra -Wno-unused-result -Wno-unused-parameter -Wno-missing-field-initializers -Werror=implicit-function-declaration -fvisibility=hidden -fprofile-use -fprofile-correction -I./Include/internal  -I. -I./Include    -DPy_BUILD_CORE_BUILTIN  -DPy_BUILD_CORE_BUILTIN -I./Include/internal -c ./Modules/timemodule.c -o Modules/timemodule.o
gcc -pthread -Wno-unused-result -Wsign-compare -DNDEBUG -g -fwrapv -O3 -Wall    -std=c99 -Wextra -Wno-unused-result -Wno-unused-parameter -Wno-missing-field-initializers -Werror=implicit-function-declaration -fvisibility=hidden -fprofile-use -fprofile-correction -I./Include/internal  -I. -I./Include    -DPy_BUILD_CORE_BUILTIN  -DPy_BUILD_CORE_BUILTIN -I./Include/internal -c ./Modules/_threadmodule.c -o Modules/_threadmodule.o
gcc -pthread -Wno-unused-result -Wsign-compare -DNDEBUG -g -fwrapv -O3 -Wall    -std=c99 -Wextra -Wno-unused-result -Wno-unused-parameter -Wno-missing-field-initializers -Werror=implicit-function-declaration -fvisibility=hidden -fprofile-use -fprofile-correction -I./Include/internal  -I. -I./Include    -DPy_BUILD_CORE_BUILTIN  -DPy_BUILD_CORE_BUILTIN -c ./Modules/_localemodule.c -o Modules/_localemodule.o
gcc -pthread -Wno-unused-result -Wsign-compare -DNDEBUG -g -fwrapv -O3 -Wall    -std=c99 -Wextra -Wno-unused-result -Wno-unused-parameter -Wno-missing-field-initializers -Werror=implicit-function-declaration -fvisibility=hidden -fprofile-use -fprofile-correction -I./Include/internal  -I. -I./Include    -DPy_BUILD_CORE_BUILTIN  -DPy_BUILD_CORE_BUILTIN -I./Include/internal -I./Modules/_io -c ./Modules/_io/_iomodule.c -o Modules/_iomodule.o
gcc -pthread -Wno-unused-result -Wsign-compare -DNDEBUG -g -fwrapv -O3 -Wall    -std=c99 -Wextra -Wno-unused-result -Wno-unused-parameter -Wno-missing-field-initializers -Werror=implicit-function-declaration -fvisibility=hidden -fprofile-use -fprofile-correction -I./Include/internal  -I. -I./Include    -DPy_BUILD_CORE_BUILTIN  -DPy_BUILD_CORE_BUILTIN -I./Include/internal -I./Modules/_io -c ./Modules/_io/iobase.c -o Modules/iobase.o
gcc -pthread -Wno-unused-result -Wsign-compare -DNDEBUG -g -fwrapv -O3 -Wall    -std=c99 -Wextra -Wno-unused-result -Wno-unused-parameter -Wno-missing-field-initializers -Werror=implicit-function-declaration -fvisibility=hidden -fprofile-use -fprofile-correction -I./Include/internal  -I. -I./Include    -DPy_BUILD_CORE_BUILTIN  -DPy_BUILD_CORE_BUILTIN -I./Include/internal -I./Modules/_io -c ./Modules/_io/fileio.c -o Modules/fileio.o
gcc -pthread -Wno-unused-result -Wsign-compare -DNDEBUG -g -fwrapv -O3 -Wall    -std=c99 -Wextra -Wno-unused-result -Wno-unused-parameter -Wno-missing-field-initializers -Werror=implicit-function-declaration -fvisibility=hidden -fprofile-use -fprofile-correction -I./Include/internal  -I. -I./Include    -DPy_BUILD_CORE_BUILTIN  -DPy_BUILD_CORE_BUILTIN -I./Include/internal -I./Modules/_io -c ./Modules/_io/bytesio.c -o Modules/bytesio.o
gcc -pthread -Wno-unused-result -Wsign-compare -DNDEBUG -g -fwrapv -O3 -Wall    -std=c99 -Wextra -Wno-unused-result -Wno-unused-parameter -Wno-missing-field-initializers -Werror=implicit-function-declaration -fvisibility=hidden -fprofile-use -fprofile-correction -I./Include/internal  -I. -I./Include    -DPy_BUILD_CORE_BUILTIN  -DPy_BUILD_CORE_BUILTIN -I./Include/internal -I./Modules/_io -c ./Modules/_io/bufferedio.c -o Modules/bufferedio.o
gcc -pthread -Wno-unused-result -Wsign-compare -DNDEBUG -g -fwrapv -O3 -Wall    -std=c99 -Wextra -Wno-unused-result -Wno-unused-parameter -Wno-missing-field-initializers -Werror=implicit-function-declaration -fvisibility=hidden -fprofile-use -fprofile-correction -I./Include/internal  -I. -I./Include    -DPy_BUILD_CORE_BUILTIN  -DPy_BUILD_CORE_BUILTIN -I./Include/internal -I./Modules/_io -c ./Modules/_io/textio.c -o Modules/textio.o
./Modules/_io/clinic/textio.c.h: In function ‘_io_TextIOWrapper_seek’:
./Modules/_io/textio.c:2616:48: warning: ‘*((void *)&cookie+20)’ may be used uninitialized in this function [-Wmaybe-uninitialized]
         decoded = _PyObject_CallMethodIdObjArgs(self->decoder, &PyId_decode,
                                                ^
./Modules/_io/textio.c:2465:17: note: ‘*((void *)&cookie+20)’ was declared here
     cookie_type cookie;
                 ^
./Modules/_io/textio.c:2625:54: warning: ‘*((void *)&cookie+16)’ may be used uninitialized in this function [-Wmaybe-uninitialized]
         if (PyUnicode_GetLength(self->decoded_chars) < cookie.chars_to_skip) {
                                                      ^
./Modules/_io/textio.c:2465:17: note: ‘*((void *)&cookie+16)’ was declared here
     cookie_type cookie;
                 ^
./Modules/_io/textio.c:2449:40: warning: ‘*((void *)&cookie+8)’ may be used uninitialized in this function [-Wmaybe-uninitialized]
     return _textiowrapper_encoder_reset(
                                        ^
./Modules/_io/textio.c:2465:17: note: ‘*((void *)&cookie+8)’ was declared here
     cookie_type cookie;
                 ^
./Modules/_io/textio.c:2449:40: warning: ‘cookie’ may be used uninitialized in this function [-Wmaybe-uninitialized]
     return _textiowrapper_encoder_reset(
                                        ^
./Modules/_io/textio.c:2465:17: note: ‘cookie’ was declared here
     cookie_type cookie;
                 ^
gcc -pthread -Wno-unused-result -Wsign-compare -DNDEBUG -g -fwrapv -O3 -Wall    -std=c99 -Wextra -Wno-unused-result -Wno-unused-parameter -Wno-missing-field-initializers -Werror=implicit-function-declaration -fvisibility=hidden -fprofile-use -fprofile-correction -I./Include/internal  -I. -I./Include    -DPy_BUILD_CORE_BUILTIN  -DPy_BUILD_CORE_BUILTIN -I./Include/internal -I./Modules/_io -c ./Modules/_io/stringio.c -o Modules/stringio.o
gcc -pthread -Wno-unused-result -Wsign-compare -DNDEBUG -g -fwrapv -O3 -Wall    -std=c99 -Wextra -Wno-unused-result -Wno-unused-parameter -Wno-missing-field-initializers -Werror=implicit-function-declaration -fvisibility=hidden -fprofile-use -fprofile-correction -I./Include/internal  -I. -I./Include    -DPy_BUILD_CORE_BUILTIN  -c ./Modules/faulthandler.c -o Modules/faulthandler.o
gcc -pthread -Wno-unused-result -Wsign-compare -DNDEBUG -g -fwrapv -O3 -Wall    -std=c99 -Wextra -Wno-unused-result -Wno-unused-parameter -Wno-missing-field-initializers -Werror=implicit-function-declaration -fvisibility=hidden -fprofile-use -fprofile-correction -I./Include/internal  -I. -I./Include    -DPy_BUILD_CORE_BUILTIN  -c ./Modules/_tracemalloc.c -o Modules/_tracemalloc.o
gcc -pthread -Wno-unused-result -Wsign-compare -DNDEBUG -g -fwrapv -O3 -Wall    -std=c99 -Wextra -Wno-unused-result -Wno-unused-parameter -Wno-missing-field-initializers -Werror=implicit-function-declaration -fvisibility=hidden -fprofile-use -fprofile-correction -I./Include/internal  -I. -I./Include    -DPy_BUILD_CORE_BUILTIN  -c ./Modules/symtablemodule.c -o Modules/symtablemodule.o
gcc -pthread -Wno-unused-result -Wsign-compare -DNDEBUG -g -fwrapv -O3 -Wall    -std=c99 -Wextra -Wno-unused-result -Wno-unused-parameter -Wno-missing-field-initializers -Werror=implicit-function-declaration -fvisibility=hidden -fprofile-use -fprofile-correction -I./Include/internal  -I. -I./Include    -DPy_BUILD_CORE_BUILTIN  -c ./Modules/xxsubtype.c -o Modules/xxsubtype.o
gcc -pthread -c -Wno-unused-result -Wsign-compare -DNDEBUG -g -fwrapv -O3 -Wall    -std=c99 -Wextra -Wno-unused-result -Wno-unused-parameter -Wno-missing-field-initializers -Werror=implicit-function-declaration -fvisibility=hidden -fprofile-use -fprofile-correction -I./Include/internal  -I. -I./Include    -DPy_BUILD_CORE \
      -DGITVERSION="\"`LC_ALL=C `\"" \
      -DGITTAG="\"`LC_ALL=C `\"" \
      -DGITBRANCH="\"`LC_ALL=C `\"" \
      -o Modules/getbuildinfo.o ./Modules/getbuildinfo.c
gcc -pthread -c -Wno-unused-result -Wsign-compare -DNDEBUG -g -fwrapv -O3 -Wall    -std=c99 -Wextra -Wno-unused-result -Wno-unused-parameter -Wno-missing-field-initializers -Werror=implicit-function-declaration -fvisibility=hidden -fprofile-use -fprofile-correction -I./Include/internal  -I. -I./Include    -DPy_BUILD_CORE -o Python/frozen.o Python/frozen.c
rm -f libpython3.10.a
ar rcs libpython3.10.a Modules/getbuildinfo.o Parser/token.o  Parser/pegen.o Parser/parser.o Parser/string_parser.o Parser/peg_api.o Parser/myreadline.o Parser/tokenizer.o Objects/abstract.o Objects/accu.o Objects/boolobject.o Objects/bytes_methods.o Objects/bytearrayobject.o Objects/bytesobject.o Objects/call.o Objects/capsule.o Objects/cellobject.o Objects/classobject.o Objects/codeobject.o Objects/complexobject.o Objects/descrobject.o Objects/enumobject.o Objects/exceptions.o Objects/genericaliasobject.o Objects/genobject.o Objects/fileobject.o Objects/floatobject.o Objects/frameobject.o Objects/funcobject.o Objects/interpreteridobject.o Objects/iterobject.o Objects/listobject.o Objects/longobject.o Objects/dictobject.o Objects/odictobject.o Objects/memoryobject.o Objects/methodobject.o Objects/moduleobject.o Objects/namespaceobject.o Objects/object.o Objects/obmalloc.o Objects/picklebufobject.o Objects/rangeobject.o Objects/setobject.o Objects/sliceobject.o Objects/structseq.o Objects/tupleobject.o Objects/typeobject.o Objects/unicodeobject.o Objects/unicodectype.o Objects/unionobject.o Objects/weakrefobject.o Python/_warnings.o Python/Python-ast.o Python/asdl.o Python/ast.o Python/ast_opt.o Python/ast_unparse.o Python/bltinmodule.o Python/ceval.o Python/codecs.o Python/compile.o Python/context.o Python/dynamic_annotations.o Python/errors.o Python/frozenmain.o Python/future.o Python/getargs.o Python/getcompiler.o Python/getcopyright.o Python/getplatform.o Python/getversion.o Python/hamt.o Python/hashtable.o Python/import.o Python/importdl.o Python/initconfig.o Python/marshal.o Python/modsupport.o Python/mysnprintf.o Python/mystrtoul.o Python/pathconfig.o Python/preconfig.o Python/pyarena.o Python/pyctype.o Python/pyfpe.o Python/pyhash.o Python/pylifecycle.o Python/pymath.o Python/pystate.o Python/pythonrun.o Python/pytime.o Python/bootstrap_hash.o Python/structmember.o Python/symtable.o Python/sysmodule.o Python/thread.o Python/traceback.o Python/getopt.o Python/pystrcmp.o Python/pystrtod.o Python/pystrhex.o Python/dtoa.o Python/formatter_unicode.o Python/fileutils.o Python/suggestions.o Python/dynload_shlib.o    Modules/config.o Modules/getpath.o Modules/main.o Modules/gcmodule.o Modules/posixmodule.o  Modules/errnomodule.o  Modules/pwdmodule.o  Modules/_sre.o  Modules/_codecsmodule.o  Modules/_weakref.o  Modules/_functoolsmodule.o  Modules/_operator.o  Modules/_collectionsmodule.o  Modules/_abc.o  Modules/itertoolsmodule.o  Modules/atexitmodule.o  Modules/signalmodule.o  Modules/_stat.o  Modules/timemodule.o  Modules/_threadmodule.o  Modules/_localemodule.o  Modules/_iomodule.o Modules/iobase.o Modules/fileio.o Modules/bytesio.o Modules/bufferedio.o Modules/textio.o Modules/stringio.o  Modules/faulthandler.o  Modules/_tracemalloc.o  Modules/symtablemodule.o  Modules/xxsubtype.o Python/frozen.o
gcc -pthread     -Xlinker -export-dynamic -o python Programs/python.o libpython3.10.a -lcrypt -lpthread -ldl  -lutil -lm   -lm 
./python -E -S -m sysconfig --generate-posix-vars ;\
if test $? -ne 0 ; then \
	echo "generate-posix-vars failed" ; \
	rm -f ./pybuilddir.txt ; \
	exit 1 ; \
fi
Could not import runpy module
Traceback (most recent call last):
  File "/home/shenjj3/Python-3.10.15/Lib/runpy.py", line 15, in <module>
    import importlib.util
  File "/home/shenjj3/Python-3.10.15/Lib/importlib/util.py", line 14, in <module>
    from contextlib import contextmanager
  File "/home/shenjj3/Python-3.10.15/Lib/contextlib.py", line 4, in <module>
    import _collections_abc
SystemError: <built-in function compile> returned NULL without setting an exception
generate-posix-vars failed
make[1]: *** [pybuilddir.txt] Error 1
make[1]: Leaving directory `/home/shenjj3/Python-3.10.15'
make: *** [profile-opt] Error 2
